Archive member included to satisfy reference by file (symbol)

D:/Project/20230725_diansai/TTS_Robot/Core/Bsp/Frame/TTS/TTS_Core.a(system.o)
                              CMakeFiles/TTS_Robot.elf.dir/Core/User/User.c.obj (TTS_TaskInit)
D:/Project/20230725_diansai/TTS_Robot/Core/Bsp/Frame/TTS/TTS_Timer.a(tts_timer.o)
                              CMakeFiles/TTS_Robot.elf.dir/Core/User/User.c.obj (TTS_TimerInit)
D:/Project/20230725_diansai/TTS_Robot/Core/Bsp/Frame/TTS/TTS_Queue.a(tts_queue.o)
                              CMakeFiles/TTS_Robot.elf.dir/Core/Bsp/Communication_Class/bsp_usart.c.obj (TTS_QueueDataIn)
D:/Project/20230725_diansai/TTS_Robot/Core/Bsp/Frame/TTS_Ex/TTS_Ex_Pin.a(tts_pin_out.o)
                              CMakeFiles/TTS_Robot.elf.dir/Core/Bsp/Show_Class/bsp_pin.c.obj (TTS_Pin_TaskCreate)
D:/Project/20230725_diansai/TTS_Robot/Core/Bsp/Frame/TTS_Ex/TTS_Ex_Button.a(tts_button.o)
                              CMakeFiles/TTS_Robot.elf.dir/Core/Bsp/Control_Class/bsp_button.c.obj (Button_LongPressInterval)
D:/Project/20230725_diansai/TTS_Robot/Core/Bsp/Frame/TTS_Ex/TTS_Ex_Spcp.a(tts_spcp.o)
                              CMakeFiles/TTS_Robot.elf.dir/Core/User/User.c.obj (Spcp_Creation)
c:/progra~2/gnuarm~1/102021~1.10/bin/../lib/gcc/arm-none-eabi/10.3.1/thumb/v7e-m/nofp\libgcc.a(_arm_muldf3.o)
                              CMakeFiles/TTS_Robot.elf.dir/Core/Bsp/Control_Class/bsp_motor.c.obj (__aeabi_dmul)
c:/progra~2/gnuarm~1/102021~1.10/bin/../lib/gcc/arm-none-eabi/10.3.1/thumb/v7e-m/nofp\libgcc.a(_arm_mulsf3.o)
                              CMakeFiles/TTS_Robot.elf.dir/Core/App/pid/bsp_pid.c.obj (__aeabi_fmul)
c:/progra~2/gnuarm~1/102021~1.10/bin/../lib/gcc/arm-none-eabi/10.3.1/thumb/v7e-m/nofp\libgcc.a(_arm_addsubdf3.o)
                              CMakeFiles/TTS_Robot.elf.dir/Core/User/User.c.obj (__aeabi_dsub)
c:/progra~2/gnuarm~1/102021~1.10/bin/../lib/gcc/arm-none-eabi/10.3.1/thumb/v7e-m/nofp\libgcc.a(_arm_muldivdf3.o)
                              CMakeFiles/TTS_Robot.elf.dir/Core/Bsp/Control_Class/bsp_motor.c.obj (__aeabi_ddiv)
c:/progra~2/gnuarm~1/102021~1.10/bin/../lib/gcc/arm-none-eabi/10.3.1/thumb/v7e-m/nofp\libgcc.a(_arm_cmpdf2.o)
                              CMakeFiles/TTS_Robot.elf.dir/Core/App/pid/bsp_pid.c.obj (__aeabi_dcmplt)
c:/progra~2/gnuarm~1/102021~1.10/bin/../lib/gcc/arm-none-eabi/10.3.1/thumb/v7e-m/nofp\libgcc.a(_arm_fixdfsi.o)
                              CMakeFiles/TTS_Robot.elf.dir/Core/Bsp/Control_Class/bsp_motor.c.obj (__aeabi_d2iz)
c:/progra~2/gnuarm~1/102021~1.10/bin/../lib/gcc/arm-none-eabi/10.3.1/thumb/v7e-m/nofp\libgcc.a(_arm_truncdfsf2.o)
                              CMakeFiles/TTS_Robot.elf.dir/Core/Bsp/Control_Class/bsp_motor.c.obj (__aeabi_d2f)
c:/progra~2/gnuarm~1/102021~1.10/bin/../lib/gcc/arm-none-eabi/10.3.1/thumb/v7e-m/nofp\libgcc.a(_arm_addsubsf3.o)
                              CMakeFiles/TTS_Robot.elf.dir/Core/App/pid/bsp_pid.c.obj (__aeabi_fsub)
c:/progra~2/gnuarm~1/102021~1.10/bin/../lib/gcc/arm-none-eabi/10.3.1/thumb/v7e-m/nofp\libgcc.a(_arm_muldivsf3.o)
                              CMakeFiles/TTS_Robot.elf.dir/Core/Bsp/Control_Class/bsp_motor.c.obj (__aeabi_fdiv)
c:/progra~2/gnuarm~1/102021~1.10/bin/../lib/gcc/arm-none-eabi/10.3.1/thumb/v7e-m/nofp\libgcc.a(_arm_cmpsf2.o)
                              CMakeFiles/TTS_Robot.elf.dir/Core/Bsp/MPU6050/inv_mpu.c.obj (__aeabi_fcmpeq)
c:/progra~2/gnuarm~1/102021~1.10/bin/../lib/gcc/arm-none-eabi/10.3.1/thumb/v7e-m/nofp\libgcc.a(_arm_fixsfsi.o)
                              CMakeFiles/TTS_Robot.elf.dir/Core/Bsp/Control_Class/bsp_motor.c.obj (__aeabi_f2iz)
c:/progra~2/gnuarm~1/102021~1.10/bin/../lib/gcc/arm-none-eabi/10.3.1/thumb/v7e-m/nofp\libgcc.a(_arm_fixunssfsi.o)
                              CMakeFiles/TTS_Robot.elf.dir/Core/Bsp/Control_Class/bsp_motor.c.obj (__aeabi_f2uiz)
c:/progra~2/gnuarm~1/102021~1.10/bin/../lib/gcc/arm-none-eabi/10.3.1/thumb/v7e-m/nofp\libgcc.a(_aeabi_ldivmod.o)
                              CMakeFiles/TTS_Robot.elf.dir/Core/Bsp/MPU6050/inv_mpu.c.obj (__aeabi_ldivmod)
c:/progra~2/gnuarm~1/102021~1.10/bin/../lib/gcc/arm-none-eabi/10.3.1/thumb/v7e-m/nofp\libgcc.a(_aeabi_uldivmod.o)
                              CMakeFiles/TTS_Robot.elf.dir/Drivers/STM32F4xx_HAL_Driver/Src/stm32f4xx_hal_rcc.c.obj (__aeabi_uldivmod)
c:/progra~2/gnuarm~1/102021~1.10/bin/../lib/gcc/arm-none-eabi/10.3.1/thumb/v7e-m/nofp\libgcc.a(_udivmoddi4.o)
                              c:/progra~2/gnuarm~1/102021~1.10/bin/../lib/gcc/arm-none-eabi/10.3.1/thumb/v7e-m/nofp\libgcc.a(_aeabi_ldivmod.o) (__udivmoddi4)
c:/progra~2/gnuarm~1/102021~1.10/bin/../lib/gcc/arm-none-eabi/10.3.1/thumb/v7e-m/nofp\libgcc.a(_dvmd_tls.o)
                              c:/progra~2/gnuarm~1/102021~1.10/bin/../lib/gcc/arm-none-eabi/10.3.1/thumb/v7e-m/nofp\libgcc.a(_aeabi_ldivmod.o) (__aeabi_ldiv0)
[...]
Memory Configuration

Name             Origin             Length             Attributes
CCMRAM           0x10000000         0x00010000         xrw
RAM              0x20000000         0x00020000         xrw
FLASH            0x08000000         0x00080000         xr
*default*        0x00000000         0xffffffff

Linker script and memory map

LOAD c:/progra~2/gnuarm~1/102021~1.10/bin/../lib/gcc/arm-none-eabi/10.3.1/thumb/v7e-m/nofp/crti.o
LOAD c:/progra~2/gnuarm~1/102021~1.10/bin/../lib/gcc/arm-none-eabi/10.3.1/thumb/v7e-m/nofp/crtbegin.o
LOAD c:/progra~2/gnuarm~1/102021~1.10/bin/../lib/gcc/arm-none-eabi/10.3.1/../../../../arm-none-eabi/lib/thumb/v7e-m/nofp/crt0.o
LOAD CMakeFiles/TTS_Robot.elf.dir/Core/App/pid/bsp_pid.c.obj
LOAD CMakeFiles/TTS_Robot.elf.dir/Core/Bsp/Communication_Class/bsp_usart.c.obj
LOAD CMakeFiles/TTS_Robot.elf.dir/Core/Bsp/Control_Class/bsp_button.c.obj
LOAD CMakeFiles/TTS_Robot.elf.dir/Core/Bsp/Control_Class/bsp_motor.c.obj
LOAD CMakeFiles/TTS_Robot.elf.dir/Core/Bsp/Frame/TTS/CPU.c.obj
LOAD CMakeFiles/TTS_Robot.elf.dir/Core/Bsp/Frame/TTS_Ex/tts_motor.c.obj
LOAD CMakeFiles/TTS_Robot.elf.dir/Core/Bsp/MPU6050/inv_mpu.c.obj
LOAD CMakeFiles/TTS_Robot.elf.dir/Core/Bsp/MPU6050/inv_mpu_dmp_motion_driver.c.obj
LOAD CMakeFiles/TTS_Robot.elf.dir/Core/Bsp/MPU6050/mpu6050.c.obj
LOAD CMakeFiles/TTS_Robot.elf.dir/Core/Bsp/Show_Class/bsp_pin.c.obj
LOAD CMakeFiles/TTS_Robot.elf.dir/Core/Src/dma.c.obj
LOAD CMakeFiles/TTS_Robot.elf.dir/Core/Src/gpio.c.obj
LOAD CMakeFiles/TTS_Robot.elf.dir/Core/Src/i2c.c.obj
LOAD CMakeFiles/TTS_Robot.elf.dir/Core/Src/main.c.obj
LOAD CMakeFiles/TTS_Robot.elf.dir/Core/Src/stm32f4xx_hal_msp.c.obj
LOAD CMakeFiles/TTS_Robot.elf.dir/Core/Src/stm32f4xx_it.c.obj
LOAD CMakeFiles/TTS_Robot.elf.dir/Core/Src/syscalls.c.obj
LOAD CMakeFiles/TTS_Robot.elf.dir/Core/Src/sysmem.c.obj
LOAD CMakeFiles/TTS_Robot.elf.dir/Core/Src/system_stm32f4xx.c.obj
LOAD CMakeFiles/TTS_Robot.elf.dir/Core/Src/tim.c.obj
LOAD CMakeFiles/TTS_Robot.elf.dir/Core/Src/usart.c.obj
LOAD CMakeFiles/TTS_Robot.elf.dir/Core/Startup/startup_stm32f407zetx.s.obj
LOAD CMakeFiles/TTS_Robot.elf.dir/Core/User/User.c.obj
LOAD CMakeFiles/TTS_Robot.elf.dir/Drivers/STM32F4xx_HAL_Driver/Src/stm32f4xx_hal.c.obj
LOAD CMakeFiles/TTS_Robot.elf.dir/Drivers/STM32F4xx_HAL_Driver/Src/stm32f4xx_hal_cortex.c.obj
LOAD CMakeFiles/TTS_Robot.elf.dir/Drivers/STM32F4xx_HAL_Driver/Src/stm32f4xx_hal_dma.c.obj
LOAD CMakeFiles/TTS_Robot.elf.dir/Drivers/STM32F4xx_HAL_Driver/Src/stm32f4xx_hal_dma_ex.c.obj
LOAD CMakeFiles/TTS_Robot.elf.dir/Drivers/STM32F4xx_HAL_Driver/Src/stm32f4xx_hal_exti.c.obj
LOAD CMakeFiles/TTS_Robot.elf.dir/Drivers/STM32F4xx_HAL_Driver/Src/stm32f4xx_hal_flash.c.obj
LOAD CMakeFiles/TTS_Robot.elf.dir/Drivers/STM32F4xx_HAL_Driver/Src/stm32f4xx_hal_flash_ex.c.obj
LOAD CMakeFiles/TTS_Robot.elf.dir/Drivers/STM32F4xx_HAL_Driver/Src/stm32f4xx_hal_flash_ramfunc.c.obj
LOAD CMakeFiles/TTS_Robot.elf.dir/Drivers/STM32F4xx_HAL_Driver/Src/stm32f4xx_hal_gpio.c.obj
LOAD CMakeFiles/TTS_Robot.elf.dir/Drivers/STM32F4xx_HAL_Driver/Src/stm32f4xx_hal_i2c.c.obj
LOAD CMakeFiles/TTS_Robot.elf.dir/Drivers/STM32F4xx_HAL_Driver/Src/stm32f4xx_hal_i2c_ex.c.obj
LOAD CMakeFiles/TTS_Robot.elf.dir/Drivers/STM32F4xx_HAL_Driver/Src/stm32f4xx_hal_pwr.c.obj
LOAD CMakeFiles/TTS_Robot.elf.dir/Drivers/STM32F4xx_HAL_Driver/Src/stm32f4xx_hal_pwr_ex.c.obj
LOAD CMakeFiles/TTS_Robot.elf.dir/Drivers/STM32F4xx_HAL_Driver/Src/stm32f4xx_hal_rcc.c.obj
LOAD CMakeFiles/TTS_Robot.elf.dir/Drivers/STM32F4xx_HAL_Driver/Src/stm32f4xx_hal_rcc_ex.c.obj
LOAD CMakeFiles/TTS_Robot.elf.dir/Drivers/STM32F4xx_HAL_Driver/Src/stm32f4xx_hal_tim.c.obj
LOAD CMakeFiles/TTS_Robot.elf.dir/Drivers/STM32F4xx_HAL_Driver/Src/stm32f4xx_hal_tim_ex.c.obj
LOAD CMakeFiles/TTS_Robot.elf.dir/Drivers/STM32F4xx_HAL_Driver/Src/stm32f4xx_hal_uart.c.obj
LOAD D:/Project/20230725_diansai/TTS_Robot/Core/Bsp/Frame/TTS/TTS_Core.a
LOAD D:/Project/20230725_diansai/TTS_Robot/Core/Bsp/Frame/TTS/TTS_Timer.a
LOAD D:/Project/20230725_diansai/TTS_Robot/Core/Bsp/Frame/TTS/TTS_Queue.a
LOAD D:/Project/20230725_diansai/TTS_Robot/Core/Bsp/Frame/TTS_Ex/TTS_Ex_Pin.a
LOAD D:/Project/20230725_diansai/TTS_Robot/Core/Bsp/Frame/TTS_Ex/TTS_Ex_Button.a
LOAD D:/Project/20230725_diansai/TTS_Robot/Core/Bsp/Frame/TTS_Ex/TTS_Ex_Spcp.a
START GROUP
LOAD c:/progra~2/gnuarm~1/102021~1.10/bin/../lib/gcc/arm-none-eabi/10.3.1/thumb/v7e-m/nofp\libgcc.a
LOAD c:/progra~2/gnuarm~1/102021~1.10/bin/../lib/gcc/arm-none-eabi/10.3.1/../../../../arm-none-eabi/lib/thumb/v7e-m/nofp\libg.a
LOAD c:/progra~2/gnuarm~1/102021~1.10/bin/../lib/gcc/arm-none-eabi/10.3.1/../../../../arm-none-eabi/lib/thumb/v7e-m/nofp\libc.a
END GROUP
LOAD c:/progra~2/gnuarm~1/102021~1.10/bin/../lib/gcc/arm-none-eabi/10.3.1/thumb/v7e-m/nofp/crtend.o
LOAD c:/progra~2/gnuarm~1/102021~1.10/bin/../lib/gcc/arm-none-eabi/10.3.1/thumb/v7e-m/nofp/crtn.o
                0x20020000                _estack = (ORIGIN (RAM) + LENGTH (RAM))
                0x00000200                _Min_Heap_Size = 0x200
                0x00000400                _Min_Stack_Size = 0x400

.isr_vector     0x08000000      0x188
                0x08000000                . = ALIGN (0x4)
 *(.isr_vector)
 .isr_vector    0x08000000      0x188 CMakeFiles/TTS_Robot.elf.dir/Core/Startup/startup_stm32f407zetx.s.obj
                0x08000000                g_pfnVectors
                0x08000188                . = ALIGN (0x4)

.text           0x080001c0    0x13730
                0x080001c0                . = ALIGN (0x4)
 *(.text)
 .text          0x080001c0       0x40 c:/progra~2/gnuarm~1/102021~1.10/bin/../lib/gcc/arm-none-eabi/10.3.1/thumb/v7e-m/nofp/crtbegin.o
 .text          0x08000200      0x32c D:/Project/20230725_diansai/TTS_Robot/Core/Bsp/Frame/TTS/TTS_Core.a(system.o)
                0x08000200                TTS_TaskInit
                0x0800025c                TTS_TaskCreation
                0x0800029c                TSS_SysTickHandler
                0x080002f8                TTS_Start
                0x08000348                TTS_IdleTaskCreation
                0x080003b8                TTS_CurrentTask_WritePeriod
                0x080003f0                TTS_Task_WritePeriod
                0x08000408                TTS_Task_ReadPeriod
                0x08000418                TTS_Task_ReadTimer
                0x08000428                TTS_CurrentTask_ReadPeriod
                0x0800043c                TTS_CurrentTask_ReadTimer
                0x08000450                TTS_SetStatus
                0x08000464                TTS_TaskGetUp
                0x080004a0                TTS_TaskGetSleep
                0x080004dc                Delay_ms
                0x080004f0                CPU_Delay
                0x08000518                TTS_CPUInterruptCBSRegister
 .text          0x0800052c      0x1e4 D:/Project/20230725_diansai/TTS_Robot/Core/Bsp/Frame/TTS/TTS_Timer.a(tts_timer.o)
                0x0800052c                TTS_TimerInit
                0x08000564                TTS_TimerCreation
                0x08000594                TTS_Timer_WritePeriod
                0x080005c0                TTS_Timer_ReadPeriod
                0x080005d8                TTS_CtrlTimerAction
                0x080005fc                TTS_DeleteTimer
                0x08000624                TTS_ResetTimer
                0x0800064c                TTS_TimerHandle
                0x080006c8                TTS_Timer_SetCount
                0x080006e0                TTS_CurrentTimeHandle
 .text          0x08000710      0x418 D:/Project/20230725_diansai/TTS_Robot/Core/Bsp/Frame/TTS/TTS_Queue.a(tts_queue.o)
                0x08000710                TTS_QueueEmpty
                0x08000716                TTS_QueueDataIn
                0x08000798                TTS_QueueDataOut
                0x08000824                TTS_QueueDataLen
                0x08000840                TTSQueue_USize
                0x08000860                TTSQueue_ReadByte
                0x080008b0                TTSQueue_ViewHeadBit
                0x080008c8                TTSQueue_ViewTailBit
                0x080008e4                TTSQueue_SendConfig
                0x080008f0                TTSQueue_SendCallback
                0x08000964                TTSQueue_SendByte
                0x080009d8                TTSQueue_Send
                0x08000a6c                TTSQueue_Send_IT
                0x08000ae0                TTS_QueueInit
 .text          0x08000b28       0xdc D:/Project/20230725_diansai/TTS_Robot/Core/Bsp/Frame/TTS_Ex/TTS_Ex_Pin.a(tts_pin_out.o)
                0x08000b28                TTS_Pin_TaskCreate
                0x08000b88                TTS_Pin_Init
                0x08000b98                TTS_PinProc
 .text          0x08000c04      0x23c D:/Project/20230725_diansai/TTS_Robot/Core/Bsp/Frame/TTS_Ex/TTS_Ex_Button.a(tts_button.o)
                0x08000c28                Button_ScanCBSRegister
                0x08000c34                Button_LongPressInterval
                0x08000c40                Button_RestoreDefault
                0x08000c90                TTS_ButtonProc
                0x08000e04                Button_Init
 .text          0x08000e40      0x738 D:/Project/20230725_diansai/TTS_Robot/Core/Bsp/Frame/TTS_Ex/TTS_Ex_Spcp.a(tts_spcp.o)
                0x08000e40                Spcp_Creation
                0x08000e5c                Spcp_Free
                0x08000e6e                Spcp_SetCallback
                0x08000e78                Spcp_SetData
                0x08000eac                Spcp_SetCheck
                0x08000ef0                TTS_SpcpProc
                0x080013d8                TTS_SpcpSend
 .text          0x08001578      0x378 c:/progra~2/gnuarm~1/102021~1.10/bin/../lib/gcc/arm-none-eabi/10.3.1/thumb/v7e-m/nofp\libgcc.a(_arm_addsubdf3.o)
                0x08001578                __aeabi_drsub
                0x08001580                __aeabi_dsub
                0x08001580                __subdf3
                0x08001584                __aeabi_dadd
                0x08001584                __adddf3
                0x080017fc                __floatunsidf
                0x080017fc                __aeabi_ui2d
                0x0800181c                __floatsidf
                0x0800181c                __aeabi_i2d
                0x08001840                __aeabi_f2d
                0x08001840                __extendsfdf2
                0x08001884                __floatundidf
                0x08001884                __aeabi_ul2d
                0x08001894                __floatdidf
                0x08001894                __aeabi_l2d
 .text          0x080018f0      0x424 c:/progra~2/gnuarm~1/102021~1.10/bin/../lib/gcc/arm-none-eabi/10.3.1/thumb/v7e-m/nofp\libgcc.a(_arm_muldivdf3.o)
                0x080018f0                __aeabi_dmul
                0x080018f0                __muldf3
                0x08001b44                __divdf3
                0x08001b44                __aeabi_ddiv
 .text          0x08001d14      0x110 c:/progra~2/gnuarm~1/102021~1.10/bin/../lib/gcc/arm-none-eabi/10.3.1/thumb/v7e-m/nofp\libgcc.a(_arm_cmpdf2.o)
                0x08001d14                __gtdf2
                0x08001d14                __gedf2
                0x08001d1c                __ltdf2
                0x08001d1c                __ledf2
                0x08001d24                __nedf2
                0x08001d24                __eqdf2
                0x08001d24                __cmpdf2
                0x08001da0                __aeabi_cdrcmple
                0x08001db0                __aeabi_cdcmpeq
                0x08001db0                __aeabi_cdcmple
                0x08001dc0                __aeabi_dcmpeq
                0x08001dd4                __aeabi_dcmplt
                0x08001de8                __aeabi_dcmple
                0x08001dfc                __aeabi_dcmpge
                0x08001e10                __aeabi_dcmpgt
 .text          0x08001e24       0x50 c:/progra~2/gnuarm~1/102021~1.10/bin/../lib/gcc/arm-none-eabi/10.3.1/thumb/v7e-m/nofp\libgcc.a(_arm_fixdfsi.o)
                0x08001e24                __aeabi_d2iz
                0x08001e24                __fixdfsi
 .text          0x08001e74       0xa0 c:/progra~2/gnuarm~1/102021~1.10/bin/../lib/gcc/arm-none-eabi/10.3.1/thumb/v7e-m/nofp\libgcc.a(_arm_truncdfsf2.o)
                0x08001e74                __truncdfsf2
                0x08001e74                __aeabi_d2f
 .text          0x08001f14      0x21c c:/progra~2/gnuarm~1/102021~1.10/bin/../lib/gcc/arm-none-eabi/10.3.1/thumb/v7e-m/nofp\libgcc.a(_arm_addsubsf3.o)
                0x08001f14                __aeabi_frsub
                0x08001f1c                __subsf3
                0x08001f1c                __aeabi_fsub
                0x08001f20                __aeabi_fadd
                0x08001f20                __addsf3
                0x08002080                __aeabi_ui2f
                0x08002080                __floatunsisf
                0x08002088                __aeabi_i2f
                0x08002088                __floatsisf
                0x080020a4                __aeabi_ul2f
                0x080020a4                __floatundisf
                0x080020b4                __aeabi_l2f
                0x080020b4                __floatdisf
 .text          0x08002130      0x2a0 c:/progra~2/gnuarm~1/102021~1.10/bin/../lib/gcc/arm-none-eabi/10.3.1/thumb/v7e-m/nofp\libgcc.a(_arm_muldivsf3.o)
                0x08002130                __mulsf3
                0x08002130                __aeabi_fmul
                0x08002298                __aeabi_fdiv
                0x08002298                __divsf3
 .text          0x080023d0       0xec c:/progra~2/gnuarm~1/102021~1.10/bin/../lib/gcc/arm-none-eabi/10.3.1/thumb/v7e-m/nofp\libgcc.a(_arm_cmpsf2.o)
                0x080023d0                __gesf2
                0x080023d0                __gtsf2
                0x080023d8                __lesf2
                0x080023d8                __ltsf2
                0x080023e0                __nesf2
                0x080023e0                __eqsf2
                0x080023e0                __cmpsf2
                0x08002440                __aeabi_cfrcmple
                0x08002448                __aeabi_cfcmpeq
                0x08002448                __aeabi_cfcmple
                0x08002458                __aeabi_fcmpeq
                0x0800246c                __aeabi_fcmplt
                0x08002480                __aeabi_fcmple
                0x08002494                __aeabi_fcmpge
                0x080024a8                __aeabi_fcmpgt
 .text          0x080024bc       0x4c c:/progra~2/gnuarm~1/102021~1.10/bin/../lib/gcc/arm-none-eabi/10.3.1/thumb/v7e-m/nofp\libgcc.a(_arm_fixsfsi.o)
                0x080024bc                __aeabi_f2iz
                0x080024bc                __fixsfsi
 .text          0x08002508       0x40 c:/progra~2/gnuarm~1/102021~1.10/bin/../lib/gcc/arm-none-eabi/10.3.1/thumb/v7e-m/nofp\libgcc.a(_arm_fixunssfsi.o)
                0x08002508                __fixunssfsi
                0x08002508                __aeabi_f2uiz
 .text          0x08002548       0xa0 c:/progra~2/gnuarm~1/102021~1.10/bin/../lib/gcc/arm-none-eabi/10.3.1/thumb/v7e-m/nofp\libgcc.a(_aeabi_ldivmod.o)
                0x08002548                __aeabi_ldivmod
 .text          0x080025e8       0x30 c:/progra~2/gnuarm~1/102021~1.10/bin/../lib/gcc/arm-none-eabi/10.3.1/thumb/v7e-m/nofp\libgcc.a(_aeabi_uldivmod.o)
                0x080025e8                __aeabi_uldivmod
 .text          0x08002618      0x2d0 c:/progra~2/gnuarm~1/102021~1.10/bin/../lib/gcc/arm-none-eabi/10.3.1/thumb/v7e-m/nofp\libgcc.a(_udivmoddi4.o)
                0x08002618                __udivmoddi4
 .text          0x080028e8        0x4 c:/progra~2/gnuarm~1/102021~1.10/bin/../lib/gcc/arm-none-eabi/10.3.1/thumb/v7e-m/nofp\libgcc.a(_dvmd_tls.o)
                0x080028e8                __aeabi_idiv0
                0x080028e8                __aeabi_ldiv0
 *fill*         0x080028ec       0x14 
 .text          0x08002900       0xdc c:/progra~2/gnuarm~1/102021~1.10/bin/../lib/gcc/arm-none-eabi/10.3.1/../../../../arm-none-eabi/lib/thumb/v7e-m/nofp\libg.a(lib_a-strlen.o)
                0x08002900                strlen
 *fill*         0x080029dc        0x4 
 .text          0x080029e0       0xa0 c:/progra~2/gnuarm~1/102021~1.10/bin/../lib/gcc/arm-none-eabi/10.3.1/../../../../arm-none-eabi/lib/thumb/v7e-m/nofp\libg.a(lib_a-memchr.o)
                0x080029e0                memchr
 .text          0x08002a80      0x134 c:/progra~2/gnuarm~1/102021~1.10/bin/../lib/gcc/arm-none-eabi/10.3.1/../../../../arm-none-eabi/lib/thumb/v7e-m/nofp\libg.a(lib_a-memcpy.o)
                0x08002a80                memcpy
 .text          0x08002bb4       0x2c c:/progra~2/gnuarm~1/102021~1.10/bin/../lib/gcc/arm-none-eabi/10.3.1/thumb/v7e-m/nofp\libgcc.a(_arm_unorddf2.o)
                0x08002bb4                __unorddf2
                0x08002bb4                __aeabi_dcmpun
 *(.text*)
 .text.pid_init
                0x08002be0       0x20 CMakeFiles/TTS_Robot.elf.dir/Core/App/pid/bsp_pid.c.obj
                0x08002be0                pid_init
 .text.pid_realize
                0x08002c00       0x5c CMakeFiles/TTS_Robot.elf.dir/Core/App/pid/bsp_pid.c.obj
                0x08002c00                pid_realize
 .text.pid_location_ead
                0x08002c5c       0x2c CMakeFiles/TTS_Robot.elf.dir/Core/App/pid/bsp_pid.c.obj
                0x08002c5c                pid_location_ead
 .text.pid_speed_ead
                0x08002c88       0x50 CMakeFiles/TTS_Robot.elf.dir/Core/App/pid/bsp_pid.c.obj
                0x08002c88                pid_speed_ead
 .text.pid_NULL
                0x08002cd8        0x2 CMakeFiles/TTS_Robot.elf.dir/Core/App/pid/bsp_pid.c.obj
                0x08002cd8                pid_NULL
 *fill*         0x08002cda        0x2 
 .text.UARTx_Send_Data
                0x08002cdc       0x78 CMakeFiles/TTS_Robot.elf.dir/Core/Bsp/Communication_Class/bsp_usart.c.obj
 .text.UART_Config
                0x08002d54       0xc8 CMakeFiles/TTS_Robot.elf.dir/Core/Bsp/Communication_Class/bsp_usart.c.obj
                0x08002d54                UART_Config
 .text.HAL_UARTEx_RxEventCallback
                0x08002e1c      0x108 CMakeFiles/TTS_Robot.elf.dir/Core/Bsp/Communication_Class/bsp_usart.c.obj
                0x08002e1c                HAL_UARTEx_RxEventCallback
 .text.HAL_UART_RxCpltCallback
                0x08002f24        0x8 CMakeFiles/TTS_Robot.elf.dir/Core/Bsp/Communication_Class/bsp_usart.c.obj
                0x08002f24                HAL_UART_RxCpltCallback
 .text.HAL_UART_TxCpltCallback
                0x08002f2c       0x4c CMakeFiles/TTS_Robot.elf.dir/Core/Bsp/Communication_Class/bsp_usart.c.obj
                0x08002f2c                HAL_UART_TxCpltCallback
 .text._write   0x08002f78       0x10 CMakeFiles/TTS_Robot.elf.dir/Core/Bsp/Communication_Class/bsp_usart.c.obj
                0x08002f78                _write
 .text.GPIO_Read
                0x08002f88       0x4c CMakeFiles/TTS_Robot.elf.dir/Core/Bsp/Control_Class/bsp_button.c.obj
                0x08002f88                GPIO_Read
 .text.TTS_ButtonInit
                0x08002fd4       0x38 CMakeFiles/TTS_Robot.elf.dir/Core/Bsp/Control_Class/bsp_button.c.obj
                0x08002fd4                TTS_ButtonInit
 .text.MotorSpeed
                0x0800300c       0x9c CMakeFiles/TTS_Robot.elf.dir/Core/Bsp/Control_Class/bsp_motor.c.obj
                0x0800300c                MotorSpeed
 .text.MotorStart
                0x080030a8       0x28 CMakeFiles/TTS_Robot.elf.dir/Core/Bsp/Control_Class/bsp_motor.c.obj
                0x080030a8                MotorStart
 .text.MotorStop
                0x080030d0       0x5c CMakeFiles/TTS_Robot.elf.dir/Core/Bsp/Control_Class/bsp_motor.c.obj
                0x080030d0                MotorStop
 .text.Motor_Init
                0x0800312c      0x13c CMakeFiles/TTS_Robot.elf.dir/Core/Bsp/Control_Class/bsp_motor.c.obj
                0x0800312c                Motor_Init
 .text.Motor_SpeedControl
                0x08003268       0xd0 CMakeFiles/TTS_Robot.elf.dir/Core/Bsp/Control_Class/bsp_motor.c.obj
                0x08003268                Motor_SpeedControl
 .text.Motor_LocationControl
                0x08003338       0x4c CMakeFiles/TTS_Robot.elf.dir/Core/Bsp/Control_Class/bsp_motor.c.obj
                0x08003338                Motor_LocationControl
 *fill*         0x08003384        0x4 
 .text.MotorHandle
                0x08003388      0x1d0 CMakeFiles/TTS_Robot.elf.dir/Core/Bsp/Control_Class/bsp_motor.c.obj
                0x08003388                MotorHandle
 .text.EncoderHandle
                0x08003558       0x24 CMakeFiles/TTS_Robot.elf.dir/Core/Bsp/Control_Class/bsp_motor.c.obj
                0x08003558                EncoderHandle
 .text.Hal_CoreClockInit
                0x0800357c       0x38 CMakeFiles/TTS_Robot.elf.dir/Core/Bsp/Frame/TTS/CPU.c.obj
 .text.hal_getprimask
                0x080035b4        0xc CMakeFiles/TTS_Robot.elf.dir/Core/Bsp/Frame/TTS/CPU.c.obj
 .text.CPU_Critical_Control
                0x080035c0       0x22 CMakeFiles/TTS_Robot.elf.dir/Core/Bsp/Frame/TTS/CPU.c.obj
                0x080035c0                CPU_Critical_Control
 *fill*         0x080035e2        0x2 
 .text.hal_CPUInit
                0x080035e4       0x14 CMakeFiles/TTS_Robot.elf.dir/Core/Bsp/Frame/TTS/CPU.c.obj
                0x080035e4                hal_CPUInit
 .text.TTS_MotorMove
                0x080035f8       0x58 CMakeFiles/TTS_Robot.elf.dir/Core/Bsp/Frame/TTS_Ex/tts_motor.c.obj
                0x080035f8                TTS_MotorMove
 .text.TTS_Motor_Config
                0x08003650       0x48 CMakeFiles/TTS_Robot.elf.dir/Core/Bsp/Frame/TTS_Ex/tts_motor.c.obj
                0x08003650                TTS_Motor_Config
 .text.TTS_Motor_BspControlConfig
                0x08003698       0x1c CMakeFiles/TTS_Robot.elf.dir/Core/Bsp/Frame/TTS_Ex/tts_motor.c.obj
                0x08003698                TTS_Motor_BspControlConfig
 .text.TTS_MotorFeedback_Config
                0x080036b4        0xa CMakeFiles/TTS_Robot.elf.dir/Core/Bsp/Frame/TTS_Ex/tts_motor.c.obj
                0x080036b4                TTS_MotorFeedback_Config
 *fill*         0x080036be        0x2 
 .text.get_accel_prod_shift
                0x080036c0       0xb8 CMakeFiles/TTS_Robot.elf.dir/Core/Bsp/MPU6050/inv_mpu.c.obj
 .text.gyro_self_test
                0x08003778       0xf8 CMakeFiles/TTS_Robot.elf.dir/Core/Bsp/MPU6050/inv_mpu.c.obj
 .text.accel_self_test
                0x08003870      0x114 CMakeFiles/TTS_Robot.elf.dir/Core/Bsp/MPU6050/inv_mpu.c.obj
 .text.set_int_enable
                0x08003984       0x90 CMakeFiles/TTS_Robot.elf.dir/Core/Bsp/MPU6050/inv_mpu.c.obj
 .text.get_st_biases
                0x08003a14      0x3e4 CMakeFiles/TTS_Robot.elf.dir/Core/Bsp/MPU6050/inv_mpu.c.obj
 .text.mpu_reset_fifo
                0x08003df8      0x1cc CMakeFiles/TTS_Robot.elf.dir/Core/Bsp/MPU6050/inv_mpu.c.obj
                0x08003df8                mpu_reset_fifo
 .text.mpu_get_gyro_fsr
                0x08003fc4       0x3c CMakeFiles/TTS_Robot.elf.dir/Core/Bsp/MPU6050/inv_mpu.c.obj
                0x08003fc4                mpu_get_gyro_fsr
 .text.mpu_set_gyro_fsr
                0x08004000       0x94 CMakeFiles/TTS_Robot.elf.dir/Core/Bsp/MPU6050/inv_mpu.c.obj
                0x08004000                mpu_set_gyro_fsr
 .text.mpu_get_accel_fsr
                0x08004094       0x44 CMakeFiles/TTS_Robot.elf.dir/Core/Bsp/MPU6050/inv_mpu.c.obj
                0x08004094                mpu_get_accel_fsr
 .text.mpu_set_accel_fsr
                0x080040d8       0x90 CMakeFiles/TTS_Robot.elf.dir/Core/Bsp/MPU6050/inv_mpu.c.obj
                0x080040d8                mpu_set_accel_fsr
 .text.mpu_get_lpf
                0x08004168       0x44 CMakeFiles/TTS_Robot.elf.dir/Core/Bsp/MPU6050/inv_mpu.c.obj
                0x08004168                mpu_get_lpf
 .text.mpu_set_lpf
                0x080041ac       0x90 CMakeFiles/TTS_Robot.elf.dir/Core/Bsp/MPU6050/inv_mpu.c.obj
                0x080041ac                mpu_set_lpf
 .text.mpu_get_sample_rate
                0x0800423c       0x1c CMakeFiles/TTS_Robot.elf.dir/Core/Bsp/MPU6050/inv_mpu.c.obj
                0x0800423c                mpu_get_sample_rate
 .text.mpu_get_gyro_sens
                0x08004258       0x4c CMakeFiles/TTS_Robot.elf.dir/Core/Bsp/MPU6050/inv_mpu.c.obj
                0x08004258                mpu_get_gyro_sens
 .text.mpu_get_accel_sens
                0x080042a4       0x4c CMakeFiles/TTS_Robot.elf.dir/Core/Bsp/MPU6050/inv_mpu.c.obj
                0x080042a4                mpu_get_accel_sens
 .text.mpu_get_fifo_config
                0x080042f0       0x10 CMakeFiles/TTS_Robot.elf.dir/Core/Bsp/MPU6050/inv_mpu.c.obj
                0x080042f0                mpu_get_fifo_config
 .text.mpu_configure_fifo
                0x08004300       0x64 CMakeFiles/TTS_Robot.elf.dir/Core/Bsp/MPU6050/inv_mpu.c.obj
                0x08004300                mpu_configure_fifo
 .text.mpu_read_fifo_stream
                0x08004364       0xb8 CMakeFiles/TTS_Robot.elf.dir/Core/Bsp/MPU6050/inv_mpu.c.obj
                0x08004364                mpu_read_fifo_stream
 .text.mpu_set_bypass
                0x0800441c      0x150 CMakeFiles/TTS_Robot.elf.dir/Core/Bsp/MPU6050/inv_mpu.c.obj
                0x0800441c                mpu_set_bypass
 .text.mpu_set_int_latched
                0x0800456c       0x70 CMakeFiles/TTS_Robot.elf.dir/Core/Bsp/MPU6050/inv_mpu.c.obj
                0x0800456c                mpu_set_int_latched
 .text.mpu_lp_accel_mode
                0x080045dc       0xd4 CMakeFiles/TTS_Robot.elf.dir/Core/Bsp/MPU6050/inv_mpu.c.obj
                0x080045dc                mpu_lp_accel_mode
 .text.mpu_set_sample_rate
                0x080046b0       0x9c CMakeFiles/TTS_Robot.elf.dir/Core/Bsp/MPU6050/inv_mpu.c.obj
                0x080046b0                mpu_set_sample_rate
 .text.mpu_set_sensors
                0x0800474c       0xdc CMakeFiles/TTS_Robot.elf.dir/Core/Bsp/MPU6050/inv_mpu.c.obj
                0x0800474c                mpu_set_sensors
 .text.mpu_init
                0x08004828      0x1a8 CMakeFiles/TTS_Robot.elf.dir/Core/Bsp/MPU6050/inv_mpu.c.obj
                0x08004828                mpu_init
 .text.mpu_write_mem
                0x080049d0       0x70 CMakeFiles/TTS_Robot.elf.dir/Core/Bsp/MPU6050/inv_mpu.c.obj
                0x080049d0                mpu_write_mem
 .text.mpu_read_mem
                0x08004a40       0x70 CMakeFiles/TTS_Robot.elf.dir/Core/Bsp/MPU6050/inv_mpu.c.obj
                0x08004a40                mpu_read_mem
 .text.mpu_load_firmware
                0x08004ab0       0xb0 CMakeFiles/TTS_Robot.elf.dir/Core/Bsp/MPU6050/inv_mpu.c.obj
                0x08004ab0                mpu_load_firmware
 .text.mpu_set_dmp_state
                0x08004b60       0x88 CMakeFiles/TTS_Robot.elf.dir/Core/Bsp/MPU6050/inv_mpu.c.obj
                0x08004b60                mpu_set_dmp_state
 .text.mpu_run_self_test
                0x08004be8      0x118 CMakeFiles/TTS_Robot.elf.dir/Core/Bsp/MPU6050/inv_mpu.c.obj
                0x08004be8                mpu_run_self_test
 .text.run_self_test
                0x08004d00       0x98 CMakeFiles/TTS_Robot.elf.dir/Core/Bsp/MPU6050/inv_mpu.c.obj
                0x08004d00                run_self_test
 .text.inv_row_2_scale
                0x08004d98       0x3a CMakeFiles/TTS_Robot.elf.dir/Core/Bsp/MPU6050/inv_mpu.c.obj
                0x08004d98                inv_row_2_scale
 .text.inv_orientation_matrix_to_scalar
                0x08004dd2       0x24 CMakeFiles/TTS_Robot.elf.dir/Core/Bsp/MPU6050/inv_mpu.c.obj
                0x08004dd2                inv_orientation_matrix_to_scalar
 .text.mget_ms  0x08004df6        0x2 CMakeFiles/TTS_Robot.elf.dir/Core/Bsp/MPU6050/inv_mpu.c.obj
                0x08004df6                mget_ms
 .text.mpu_dmp_init
                0x08004df8      0x15c CMakeFiles/TTS_Robot.elf.dir/Core/Bsp/MPU6050/inv_mpu.c.obj
                0x08004df8                mpu_dmp_init
 *fill*         0x08004f54        0x4 
 .text.mpu_dmp_get_data
                0x08004f58      0x1c8 CMakeFiles/TTS_Robot.elf.dir/Core/Bsp/MPU6050/inv_mpu.c.obj
                0x08004f58                mpu_dmp_get_data
 .text.decode_gesture
                0x08005120       0x3c CMakeFiles/TTS_Robot.elf.dir/Core/Bsp/MPU6050/inv_mpu_dmp_motion_driver.c.obj
 .text.dmp_load_motion_driver_firmware
                0x0800515c       0x18 CMakeFiles/TTS_Robot.elf.dir/Core/Bsp/MPU6050/inv_mpu_dmp_motion_driver.c.obj
                0x0800515c                dmp_load_motion_driver_firmware
 .text.dmp_set_orientation
                0x08005174      0x14c CMakeFiles/TTS_Robot.elf.dir/Core/Bsp/MPU6050/inv_mpu_dmp_motion_driver.c.obj
                0x08005174                dmp_set_orientation
 .text.dmp_set_gyro_bias
                0x080052c0      0x110 CMakeFiles/TTS_Robot.elf.dir/Core/Bsp/MPU6050/inv_mpu_dmp_motion_driver.c.obj
                0x080052c0                dmp_set_gyro_bias
 .text.dmp_set_accel_bias
                0x080053d0       0xf4 CMakeFiles/TTS_Robot.elf.dir/Core/Bsp/MPU6050/inv_mpu_dmp_motion_driver.c.obj
                0x080053d0                dmp_set_accel_bias
 .text.dmp_set_fifo_rate
                0x080054c4       0x68 CMakeFiles/TTS_Robot.elf.dir/Core/Bsp/MPU6050/inv_mpu_dmp_motion_driver.c.obj
                0x080054c4                dmp_set_fifo_rate
 .text.dmp_set_tap_thresh
                0x0800552c      0x1a0 CMakeFiles/TTS_Robot.elf.dir/Core/Bsp/MPU6050/inv_mpu_dmp_motion_driver.c.obj
                0x0800552c                dmp_set_tap_thresh
 .text.dmp_set_tap_axes
                0x080056cc       0x4e CMakeFiles/TTS_Robot.elf.dir/Core/Bsp/MPU6050/inv_mpu_dmp_motion_driver.c.obj
                0x080056cc                dmp_set_tap_axes
 .text.dmp_set_tap_count
                0x0800571a       0x2c CMakeFiles/TTS_Robot.elf.dir/Core/Bsp/MPU6050/inv_mpu_dmp_motion_driver.c.obj
                0x0800571a                dmp_set_tap_count
 *fill*         0x08005746        0x2 
 .text.dmp_set_tap_time
                0x08005748       0x30 CMakeFiles/TTS_Robot.elf.dir/Core/Bsp/MPU6050/inv_mpu_dmp_motion_driver.c.obj
                0x08005748                dmp_set_tap_time
 .text.dmp_set_tap_time_multi
                0x08005778       0x30 CMakeFiles/TTS_Robot.elf.dir/Core/Bsp/MPU6050/inv_mpu_dmp_motion_driver.c.obj
                0x08005778                dmp_set_tap_time_multi
 .text.dmp_set_shake_reject_thresh
                0x080057a8       0x44 CMakeFiles/TTS_Robot.elf.dir/Core/Bsp/MPU6050/inv_mpu_dmp_motion_driver.c.obj
                0x080057a8                dmp_set_shake_reject_thresh
 .text.dmp_set_shake_reject_time
                0x080057ec       0x2c CMakeFiles/TTS_Robot.elf.dir/Core/Bsp/MPU6050/inv_mpu_dmp_motion_driver.c.obj
                0x080057ec                dmp_set_shake_reject_time
 .text.dmp_set_shake_reject_timeout
                0x08005818       0x2c CMakeFiles/TTS_Robot.elf.dir/Core/Bsp/MPU6050/inv_mpu_dmp_motion_driver.c.obj
                0x08005818                dmp_set_shake_reject_timeout
 .text.dmp_enable_gyro_cal
                0x08005844       0x44 CMakeFiles/TTS_Robot.elf.dir/Core/Bsp/MPU6050/inv_mpu_dmp_motion_driver.c.obj
                0x08005844                dmp_enable_gyro_cal
 .text.dmp_enable_lp_quat
                0x08005888       0x3c CMakeFiles/TTS_Robot.elf.dir/Core/Bsp/MPU6050/inv_mpu_dmp_motion_driver.c.obj
                0x08005888                dmp_enable_lp_quat
 .text.dmp_enable_6x_lp_quat
                0x080058c4       0x3c CMakeFiles/TTS_Robot.elf.dir/Core/Bsp/MPU6050/inv_mpu_dmp_motion_driver.c.obj
                0x080058c4                dmp_enable_6x_lp_quat
 .text.dmp_enable_feature
                0x08005900      0x218 CMakeFiles/TTS_Robot.elf.dir/Core/Bsp/MPU6050/inv_mpu_dmp_motion_driver.c.obj
                0x08005900                dmp_enable_feature
 .text.dmp_read_fifo
                0x08005b18      0x1f4 CMakeFiles/TTS_Robot.elf.dir/Core/Bsp/MPU6050/inv_mpu_dmp_motion_driver.c.obj
                0x08005b18                dmp_read_fifo
 .text.MPU_Write_Len
                0x08005d0c       0x2c CMakeFiles/TTS_Robot.elf.dir/Core/Bsp/MPU6050/mpu6050.c.obj
                0x08005d0c                MPU_Write_Len
 .text.MPU_Read_Len
                0x08005d38       0x2c CMakeFiles/TTS_Robot.elf.dir/Core/Bsp/MPU6050/mpu6050.c.obj
                0x08005d38                MPU_Read_Len
 .text.MPU_Write_Byte
                0x08005d64       0x3c CMakeFiles/TTS_Robot.elf.dir/Core/Bsp/MPU6050/mpu6050.c.obj
                0x08005d64                MPU_Write_Byte
 .text.MPU_Set_Gyro_Fsr
                0x08005da0       0x10 CMakeFiles/TTS_Robot.elf.dir/Core/Bsp/MPU6050/mpu6050.c.obj
                0x08005da0                MPU_Set_Gyro_Fsr
 .text.MPU_Set_Accel_Fsr
                0x08005db0       0x10 CMakeFiles/TTS_Robot.elf.dir/Core/Bsp/MPU6050/mpu6050.c.obj
                0x08005db0                MPU_Set_Accel_Fsr
 .text.MPU_Set_LPF
                0x08005dc0       0x34 CMakeFiles/TTS_Robot.elf.dir/Core/Bsp/MPU6050/mpu6050.c.obj
                0x08005dc0                MPU_Set_LPF
 .text.MPU_Set_Rate
                0x08005df4       0x32 CMakeFiles/TTS_Robot.elf.dir/Core/Bsp/MPU6050/mpu6050.c.obj
                0x08005df4                MPU_Set_Rate
 *fill*         0x08005e26        0x2 
 .text.MPU_Read_Byte
                0x08005e28       0x38 CMakeFiles/TTS_Robot.elf.dir/Core/Bsp/MPU6050/mpu6050.c.obj
                0x08005e28                MPU_Read_Byte
 .text.MPU_Init
                0x08005e60       0x7c CMakeFiles/TTS_Robot.elf.dir/Core/Bsp/MPU6050/mpu6050.c.obj
                0x08005e60                MPU_Init
 .text.HAL_PinStatus
                0x08005edc       0x28 CMakeFiles/TTS_Robot.elf.dir/Core/Bsp/Show_Class/bsp_pin.c.obj
                0x08005edc                HAL_PinStatus
 .text.TTS_PinInit
                0x08005f04       0x44 CMakeFiles/TTS_Robot.elf.dir/Core/Bsp/Show_Class/bsp_pin.c.obj
                0x08005f04                TTS_PinInit
 .text.MX_DMA_Init
                0x08005f48       0x44 CMakeFiles/TTS_Robot.elf.dir/Core/Src/dma.c.obj
                0x08005f48                MX_DMA_Init
 .text.MX_GPIO_Init
                0x08005f8c      0x1e8 CMakeFiles/TTS_Robot.elf.dir/Core/Src/gpio.c.obj
                0x08005f8c                MX_GPIO_Init
 .text.MX_I2C1_Init
                0x08006174       0x3c CMakeFiles/TTS_Robot.elf.dir/Core/Src/i2c.c.obj
                0x08006174                MX_I2C1_Init
 .text.HAL_I2C_MspInit
                0x080061b0       0x90 CMakeFiles/TTS_Robot.elf.dir/Core/Src/i2c.c.obj
                0x080061b0                HAL_I2C_MspInit
 .text.Error_Handler
                0x08006240        0x4 CMakeFiles/TTS_Robot.elf.dir/Core/Src/main.c.obj
                0x08006240                Error_Handler
 .text.SystemClock_Config
                0x08006244       0xa8 CMakeFiles/TTS_Robot.elf.dir/Core/Src/main.c.obj
                0x08006244                SystemClock_Config
 .text.main     0x080062ec       0x5c CMakeFiles/TTS_Robot.elf.dir/Core/Src/main.c.obj
                0x080062ec                main
 .text.HAL_MspInit
                0x08006348       0x38 CMakeFiles/TTS_Robot.elf.dir/Core/Src/stm32f4xx_hal_msp.c.obj
                0x08006348                HAL_MspInit
 .text.NMI_Handler
                0x08006380        0x2 CMakeFiles/TTS_Robot.elf.dir/Core/Src/stm32f4xx_it.c.obj
                0x08006380                NMI_Handler
 .text.HardFault_Handler
                0x08006382        0x2 CMakeFiles/TTS_Robot.elf.dir/Core/Src/stm32f4xx_it.c.obj
                0x08006382                HardFault_Handler
 .text.MemManage_Handler
                0x08006384        0x2 CMakeFiles/TTS_Robot.elf.dir/Core/Src/stm32f4xx_it.c.obj
                0x08006384                MemManage_Handler
 .text.BusFault_Handler
                0x08006386        0x2 CMakeFiles/TTS_Robot.elf.dir/Core/Src/stm32f4xx_it.c.obj
                0x08006386                BusFault_Handler
 .text.UsageFault_Handler
                0x08006388        0x2 CMakeFiles/TTS_Robot.elf.dir/Core/Src/stm32f4xx_it.c.obj
                0x08006388                UsageFault_Handler
 .text.SVC_Handler
                0x0800638a        0x2 CMakeFiles/TTS_Robot.elf.dir/Core/Src/stm32f4xx_it.c.obj
                0x0800638a                SVC_Handler
 .text.DebugMon_Handler
                0x0800638c        0x2 CMakeFiles/TTS_Robot.elf.dir/Core/Src/stm32f4xx_it.c.obj
                0x0800638c                DebugMon_Handler
 .text.PendSV_Handler
                0x0800638e        0x2 CMakeFiles/TTS_Robot.elf.dir/Core/Src/stm32f4xx_it.c.obj
                0x0800638e                PendSV_Handler
 .text.SysTick_Handler
                0x08006390        0xc CMakeFiles/TTS_Robot.elf.dir/Core/Src/stm32f4xx_it.c.obj
                0x08006390                SysTick_Handler
 .text.TIM1_BRK_TIM9_IRQHandler
                0x0800639c       0x10 CMakeFiles/TTS_Robot.elf.dir/Core/Src/stm32f4xx_it.c.obj
                0x0800639c                TIM1_BRK_TIM9_IRQHandler
 .text.TIM3_IRQHandler
                0x080063ac       0x10 CMakeFiles/TTS_Robot.elf.dir/Core/Src/stm32f4xx_it.c.obj
                0x080063ac                TIM3_IRQHandler
 .text.TIM4_IRQHandler
                0x080063bc       0x10 CMakeFiles/TTS_Robot.elf.dir/Core/Src/stm32f4xx_it.c.obj
                0x080063bc                TIM4_IRQHandler
 .text.I2C1_EV_IRQHandler
                0x080063cc       0x10 CMakeFiles/TTS_Robot.elf.dir/Core/Src/stm32f4xx_it.c.obj
                0x080063cc                I2C1_EV_IRQHandler
 .text.I2C1_ER_IRQHandler
                0x080063dc       0x10 CMakeFiles/TTS_Robot.elf.dir/Core/Src/stm32f4xx_it.c.obj
                0x080063dc                I2C1_ER_IRQHandler
 .text.USART1_IRQHandler
                0x080063ec       0x10 CMakeFiles/TTS_Robot.elf.dir/Core/Src/stm32f4xx_it.c.obj
                0x080063ec                USART1_IRQHandler
 .text.USART2_IRQHandler
                0x080063fc       0x10 CMakeFiles/TTS_Robot.elf.dir/Core/Src/stm32f4xx_it.c.obj
                0x080063fc                USART2_IRQHandler
 .text.USART3_IRQHandler
                0x0800640c       0x10 CMakeFiles/TTS_Robot.elf.dir/Core/Src/stm32f4xx_it.c.obj
                0x0800640c                USART3_IRQHandler
 .text.UART4_IRQHandler
                0x0800641c       0x10 CMakeFiles/TTS_Robot.elf.dir/Core/Src/stm32f4xx_it.c.obj
                0x0800641c                UART4_IRQHandler
 .text.TIM6_DAC_IRQHandler
                0x0800642c       0x10 CMakeFiles/TTS_Robot.elf.dir/Core/Src/stm32f4xx_it.c.obj
                0x0800642c                TIM6_DAC_IRQHandler
 .text.DMA2_Stream2_IRQHandler
                0x0800643c       0x10 CMakeFiles/TTS_Robot.elf.dir/Core/Src/stm32f4xx_it.c.obj
                0x0800643c                DMA2_Stream2_IRQHandler
 .text.DMA2_Stream7_IRQHandler
                0x0800644c       0x10 CMakeFiles/TTS_Robot.elf.dir/Core/Src/stm32f4xx_it.c.obj
                0x0800644c                DMA2_Stream7_IRQHandler
 .text._getpid  0x0800645c        0x4 CMakeFiles/TTS_Robot.elf.dir/Core/Src/syscalls.c.obj
                0x0800645c                _getpid
 .text._kill    0x08006460       0x10 CMakeFiles/TTS_Robot.elf.dir/Core/Src/syscalls.c.obj
                0x08006460                _kill
 .text._exit    0x08006470        0xc CMakeFiles/TTS_Robot.elf.dir/Core/Src/syscalls.c.obj
                0x08006470                _exit
 .text._read    0x0800647c       0x20 CMakeFiles/TTS_Robot.elf.dir/Core/Src/syscalls.c.obj
                0x0800647c                _read
 .text._close   0x0800649c        0x6 CMakeFiles/TTS_Robot.elf.dir/Core/Src/syscalls.c.obj
                0x0800649c                _close
 .text._fstat   0x080064a2        0xa CMakeFiles/TTS_Robot.elf.dir/Core/Src/syscalls.c.obj
                0x080064a2                _fstat
 .text._isatty  0x080064ac        0x4 CMakeFiles/TTS_Robot.elf.dir/Core/Src/syscalls.c.obj
                0x080064ac                _isatty
 .text._lseek   0x080064b0        0x4 CMakeFiles/TTS_Robot.elf.dir/Core/Src/syscalls.c.obj
                0x080064b0                _lseek
 .text._sbrk    0x080064b4       0x48 CMakeFiles/TTS_Robot.elf.dir/Core/Src/sysmem.c.obj
                0x080064b4                _sbrk
 .text.SystemInit
                0x080064fc        0x2 CMakeFiles/TTS_Robot.elf.dir/Core/Src/system_stm32f4xx.c.obj
                0x080064fc                SystemInit
 *fill*         0x080064fe        0x2 
 .text.MX_TIM3_Init
                0x08006500       0x6c CMakeFiles/TTS_Robot.elf.dir/Core/Src/tim.c.obj
                0x08006500                MX_TIM3_Init
 .text.MX_TIM4_Init
                0x0800656c       0x6c CMakeFiles/TTS_Robot.elf.dir/Core/Src/tim.c.obj
                0x0800656c                MX_TIM4_Init
 .text.MX_TIM6_Init
                0x080065d8       0x50 CMakeFiles/TTS_Robot.elf.dir/Core/Src/tim.c.obj
                0x080065d8                MX_TIM6_Init
 .text.HAL_TIM_Base_MspInit
                0x08006628       0x74 CMakeFiles/TTS_Robot.elf.dir/Core/Src/tim.c.obj
                0x08006628                HAL_TIM_Base_MspInit
 .text.HAL_TIM_Encoder_MspInit
                0x0800669c       0xd8 CMakeFiles/TTS_Robot.elf.dir/Core/Src/tim.c.obj
                0x0800669c                HAL_TIM_Encoder_MspInit
 .text.HAL_TIM_MspPostInit
                0x08006774       0x5c CMakeFiles/TTS_Robot.elf.dir/Core/Src/tim.c.obj
                0x08006774                HAL_TIM_MspPostInit
 .text.MX_TIM1_Init
                0x080067d0       0xfc CMakeFiles/TTS_Robot.elf.dir/Core/Src/tim.c.obj
                0x080067d0                MX_TIM1_Init
 .text.MX_UART4_Init
                0x080068cc       0x34 CMakeFiles/TTS_Robot.elf.dir/Core/Src/usart.c.obj
                0x080068cc                MX_UART4_Init
 .text.MX_USART1_UART_Init
                0x08006900       0x34 CMakeFiles/TTS_Robot.elf.dir/Core/Src/usart.c.obj
                0x08006900                MX_USART1_UART_Init
 .text.MX_USART2_UART_Init
                0x08006934       0x34 CMakeFiles/TTS_Robot.elf.dir/Core/Src/usart.c.obj
                0x08006934                MX_USART2_UART_Init
 .text.MX_USART3_UART_Init
                0x08006968       0x34 CMakeFiles/TTS_Robot.elf.dir/Core/Src/usart.c.obj
                0x08006968                MX_USART3_UART_Init
 .text.HAL_UART_MspInit
                0x0800699c      0x250 CMakeFiles/TTS_Robot.elf.dir/Core/Src/usart.c.obj
                0x0800699c                HAL_UART_MspInit
 .text.Reset_Handler
                0x08006bec       0x50 CMakeFiles/TTS_Robot.elf.dir/Core/Startup/startup_stm32f407zetx.s.obj
                0x08006bec                Reset_Handler
 .text.Default_Handler
                0x08006c3c        0x2 CMakeFiles/TTS_Robot.elf.dir/Core/Startup/startup_stm32f407zetx.s.obj
                0x08006c3c                RTC_Alarm_IRQHandler
                0x08006c3c                HASH_RNG_IRQHandler
                0x08006c3c                EXTI2_IRQHandler
                0x08006c3c                TIM8_CC_IRQHandler
                0x08006c3c                TIM1_CC_IRQHandler
                0x08006c3c                DMA2_Stream5_IRQHandler
                0x08006c3c                DMA1_Stream5_IRQHandler
                0x08006c3c                PVD_IRQHandler
                0x08006c3c                SDIO_IRQHandler
                0x08006c3c                TAMP_STAMP_IRQHandler
                0x08006c3c                CAN2_RX1_IRQHandler
                0x08006c3c                EXTI3_IRQHandler
                0x08006c3c                TIM8_TRG_COM_TIM14_IRQHandler
                0x08006c3c                TIM1_UP_TIM10_IRQHandler
                0x08006c3c                TIM8_UP_TIM13_IRQHandler
                0x08006c3c                I2C3_ER_IRQHandler
                0x08006c3c                EXTI0_IRQHandler
                0x08006c3c                I2C2_EV_IRQHandler
                0x08006c3c                DMA1_Stream2_IRQHandler
                0x08006c3c                CAN1_RX0_IRQHandler
                0x08006c3c                FPU_IRQHandler
                0x08006c3c                OTG_HS_WKUP_IRQHandler
                0x08006c3c                CAN2_SCE_IRQHandler
                0x08006c3c                SPI1_IRQHandler
                0x08006c3c                DCMI_IRQHandler
                0x08006c3c                CAN2_RX0_IRQHandler
                0x08006c3c                DMA2_Stream3_IRQHandler
                0x08006c3c                USART6_IRQHandler
                0x08006c3c                CAN1_RX1_IRQHandler
                0x08006c3c                UART5_IRQHandler
                0x08006c3c                DMA2_Stream0_IRQHandler
                0x08006c3c                DMA1_Stream6_IRQHandler
                0x08006c3c                DMA1_Stream1_IRQHandler
                0x08006c3c                RCC_IRQHandler
                0x08006c3c                TIM8_BRK_TIM12_IRQHandler
                0x08006c3c                Default_Handler
                0x08006c3c                EXTI15_10_IRQHandler
                0x08006c3c                ADC_IRQHandler
                0x08006c3c                DMA1_Stream7_IRQHandler
                0x08006c3c                TIM7_IRQHandler
                0x08006c3c                CAN2_TX_IRQHandler
                0x08006c3c                TIM5_IRQHandler
                0x08006c3c                I2C3_EV_IRQHandler
                0x08006c3c                EXTI9_5_IRQHandler
                0x08006c3c                RTC_WKUP_IRQHandler
                0x08006c3c                ETH_WKUP_IRQHandler
                0x08006c3c                SPI2_IRQHandler
                0x08006c3c                OTG_HS_EP1_IN_IRQHandler
                0x08006c3c                DMA1_Stream0_IRQHandler
                0x08006c3c                CAN1_TX_IRQHandler
                0x08006c3c                EXTI4_IRQHandler
                0x08006c3c                FSMC_IRQHandler
                0x08006c3c                ETH_IRQHandler
                0x08006c3c                OTG_HS_EP1_OUT_IRQHandler
                0x08006c3c                WWDG_IRQHandler
                0x08006c3c                TIM2_IRQHandler
                0x08006c3c                OTG_FS_WKUP_IRQHandler
                0x08006c3c                TIM1_TRG_COM_TIM11_IRQHandler
                0x08006c3c                OTG_HS_IRQHandler
                0x08006c3c                EXTI1_IRQHandler
                0x08006c3c                I2C2_ER_IRQHandler
                0x08006c3c                DMA2_Stream1_IRQHandler
                0x08006c3c                CAN1_SCE_IRQHandler
                0x08006c3c                FLASH_IRQHandler
                0x08006c3c                DMA2_Stream4_IRQHandler
                0x08006c3c                OTG_FS_IRQHandler
                0x08006c3c                SPI3_IRQHandler
                0x08006c3c                DMA1_Stream4_IRQHandler
                0x08006c3c                DMA2_Stream6_IRQHandler
                0x08006c3c                DMA1_Stream3_IRQHandler
 *fill*         0x08006c3e        0x2 
 .text.Button_EventCallBack
                0x08006c40       0x34 CMakeFiles/TTS_Robot.elf.dir/Core/User/User.c.obj
                0x08006c40                Button_EventCallBack
 .text.MPU_Proc
                0x08006c74       0x20 CMakeFiles/TTS_Robot.elf.dir/Core/User/User.c.obj
 .text.Spcp_Callback
                0x08006c94       0xec CMakeFiles/TTS_Robot.elf.dir/Core/User/User.c.obj
                0x08006c94                Spcp_Callback
 .text.Queue_Proc
                0x08006d80       0x14 CMakeFiles/TTS_Robot.elf.dir/Core/User/User.c.obj
                0x08006d80                Queue_Proc
 *fill*         0x08006d94        0x4 
 .text.UserProc
                0x08006d98       0xf4 CMakeFiles/TTS_Robot.elf.dir/Core/User/User.c.obj
                0x08006d98                UserProc
 .text.Time_Proc
                0x08006e8c       0x10 CMakeFiles/TTS_Robot.elf.dir/Core/User/User.c.obj
 .text.SPCPConfig
                0x08006e9c       0xd8 CMakeFiles/TTS_Robot.elf.dir/Core/User/User.c.obj
                0x08006e9c                SPCPConfig
 .text.User_Create_task
                0x08006f74       0xc4 CMakeFiles/TTS_Robot.elf.dir/Core/User/User.c.obj
                0x08006f74                User_Create_task
 .text.User_Bsp_Init
                0x08007038       0x58 CMakeFiles/TTS_Robot.elf.dir/Core/User/User.c.obj
                0x08007038                User_Bsp_Init
 .text.HAL_TIM_PeriodElapsedCallback
                0x08007090       0x48 CMakeFiles/TTS_Robot.elf.dir/Core/User/User.c.obj
                0x08007090                HAL_TIM_PeriodElapsedCallback
 .text.HAL_TIM_PWM_PulseFinishedCallback
                0x080070d8        0x2 CMakeFiles/TTS_Robot.elf.dir/Core/User/User.c.obj
                0x080070d8                HAL_TIM_PWM_PulseFinishedCallback
 *fill*         0x080070da        0x2 
 .text.HAL_InitTick
                0x080070dc       0x4c CMakeFiles/TTS_Robot.elf.dir/Drivers/STM32F4xx_HAL_Driver/Src/stm32f4xx_hal.c.obj
                0x080070dc                HAL_InitTick
 .text.HAL_Init
                0x08007128       0x34 CMakeFiles/TTS_Robot.elf.dir/Drivers/STM32F4xx_HAL_Driver/Src/stm32f4xx_hal.c.obj
                0x08007128                HAL_Init
 .text.HAL_IncTick
                0x0800715c       0x18 CMakeFiles/TTS_Robot.elf.dir/Drivers/STM32F4xx_HAL_Driver/Src/stm32f4xx_hal.c.obj
                0x0800715c                HAL_IncTick
 .text.HAL_GetTick
                0x08007174        0xc CMakeFiles/TTS_Robot.elf.dir/Drivers/STM32F4xx_HAL_Driver/Src/stm32f4xx_hal.c.obj
                0x08007174                HAL_GetTick
 .text.HAL_Delay
                0x08007180       0x28 CMakeFiles/TTS_Robot.elf.dir/Drivers/STM32F4xx_HAL_Driver/Src/stm32f4xx_hal.c.obj
                0x08007180                HAL_Delay
 .text.HAL_NVIC_SetPriorityGrouping
                0x080071a8       0x24 CMakeFiles/TTS_Robot.elf.dir/Drivers/STM32F4xx_HAL_Driver/Src/stm32f4xx_hal_cortex.c.obj
                0x080071a8                HAL_NVIC_SetPriorityGrouping
 .text.HAL_NVIC_SetPriority
                0x080071cc       0x70 CMakeFiles/TTS_Robot.elf.dir/Drivers/STM32F4xx_HAL_Driver/Src/stm32f4xx_hal_cortex.c.obj
                0x080071cc                HAL_NVIC_SetPriority
 .text.HAL_NVIC_EnableIRQ
                0x0800723c       0x1c CMakeFiles/TTS_Robot.elf.dir/Drivers/STM32F4xx_HAL_Driver/Src/stm32f4xx_hal_cortex.c.obj
                0x0800723c                HAL_NVIC_EnableIRQ
 .text.HAL_SYSTICK_Config
                0x08007258       0x28 CMakeFiles/TTS_Robot.elf.dir/Drivers/STM32F4xx_HAL_Driver/Src/stm32f4xx_hal_cortex.c.obj
                0x08007258                HAL_SYSTICK_Config
 .text.DMA_SetConfig
                0x08007280       0x2c CMakeFiles/TTS_Robot.elf.dir/Drivers/STM32F4xx_HAL_Driver/Src/stm32f4xx_hal_dma.c.obj
 .text.DMA_CalcBaseAndBitshift
                0x080072ac       0x40 CMakeFiles/TTS_Robot.elf.dir/Drivers/STM32F4xx_HAL_Driver/Src/stm32f4xx_hal_dma.c.obj
 .text.DMA_CheckFifoParam
                0x080072ec       0x8e CMakeFiles/TTS_Robot.elf.dir/Drivers/STM32F4xx_HAL_Driver/Src/stm32f4xx_hal_dma.c.obj
 *fill*         0x0800737a        0x2 
 .text.HAL_DMA_Init
                0x0800737c       0xcc CMakeFiles/TTS_Robot.elf.dir/Drivers/STM32F4xx_HAL_Driver/Src/stm32f4xx_hal_dma.c.obj
                0x0800737c                HAL_DMA_Init
 .text.HAL_DMA_Start_IT
                0x08007448       0x6a CMakeFiles/TTS_Robot.elf.dir/Drivers/STM32F4xx_HAL_Driver/Src/stm32f4xx_hal_dma.c.obj
                0x08007448                HAL_DMA_Start_IT
 .text.HAL_DMA_Abort
                0x080074b2       0x94 CMakeFiles/TTS_Robot.elf.dir/Drivers/STM32F4xx_HAL_Driver/Src/stm32f4xx_hal_dma.c.obj
                0x080074b2                HAL_DMA_Abort
 .text.HAL_DMA_Abort_IT
                0x08007546       0x26 CMakeFiles/TTS_Robot.elf.dir/Drivers/STM32F4xx_HAL_Driver/Src/stm32f4xx_hal_dma.c.obj
                0x08007546                HAL_DMA_Abort_IT
 .text.HAL_DMA_IRQHandler
                0x0800756c      0x1dc CMakeFiles/TTS_Robot.elf.dir/Drivers/STM32F4xx_HAL_Driver/Src/stm32f4xx_hal_dma.c.obj
                0x0800756c                HAL_DMA_IRQHandler
 .text.HAL_DMA_GetState
                0x08007748        0x6 CMakeFiles/TTS_Robot.elf.dir/Drivers/STM32F4xx_HAL_Driver/Src/stm32f4xx_hal_dma.c.obj
                0x08007748                HAL_DMA_GetState
 *fill*         0x0800774e        0x2 
 .text.HAL_GPIO_Init
                0x08007750      0x1e4 CMakeFiles/TTS_Robot.elf.dir/Drivers/STM32F4xx_HAL_Driver/Src/stm32f4xx_hal_gpio.c.obj
                0x08007750                HAL_GPIO_Init
 .text.HAL_GPIO_ReadPin
                0x08007934        0xe CMakeFiles/TTS_Robot.elf.dir/Drivers/STM32F4xx_HAL_Driver/Src/stm32f4xx_hal_gpio.c.obj
                0x08007934                HAL_GPIO_ReadPin
 .text.HAL_GPIO_WritePin
                0x08007942        0xc CMakeFiles/TTS_Robot.elf.dir/Drivers/STM32F4xx_HAL_Driver/Src/stm32f4xx_hal_gpio.c.obj
                0x08007942                HAL_GPIO_WritePin
 .text.HAL_GPIO_TogglePin
                0x0800794e       0x12 CMakeFiles/TTS_Robot.elf.dir/Drivers/STM32F4xx_HAL_Driver/Src/stm32f4xx_hal_gpio.c.obj
                0x0800794e                HAL_GPIO_TogglePin
 .text.I2C_Master_SB
                0x08007960       0xa8 CMakeFiles/TTS_Robot.elf.dir/Drivers/STM32F4xx_HAL_Driver/Src/stm32f4xx_hal_i2c.c.obj
 .text.I2C_Master_ADD10
                0x08007a08       0x2a CMakeFiles/TTS_Robot.elf.dir/Drivers/STM32F4xx_HAL_Driver/Src/stm32f4xx_hal_i2c.c.obj
 .text.I2C_Master_ADDR
                0x08007a32      0x204 CMakeFiles/TTS_Robot.elf.dir/Drivers/STM32F4xx_HAL_Driver/Src/stm32f4xx_hal_i2c.c.obj
 .text.I2C_SlaveTransmit_BTF
                0x08007c36       0x20 CMakeFiles/TTS_Robot.elf.dir/Drivers/STM32F4xx_HAL_Driver/Src/stm32f4xx_hal_i2c.c.obj
 .text.I2C_SlaveReceive_BTF
                0x08007c56       0x20 CMakeFiles/TTS_Robot.elf.dir/Drivers/STM32F4xx_HAL_Driver/Src/stm32f4xx_hal_i2c.c.obj
 *fill*         0x08007c76        0x2 
 .text.I2C_WaitOnSTOPRequestThroughIT
                0x08007c78       0x48 CMakeFiles/TTS_Robot.elf.dir/Drivers/STM32F4xx_HAL_Driver/Src/stm32f4xx_hal_i2c.c.obj
 .text.I2C_IsAcknowledgeFailed
                0x08007cc0       0x32 CMakeFiles/TTS_Robot.elf.dir/Drivers/STM32F4xx_HAL_Driver/Src/stm32f4xx_hal_i2c.c.obj
 .text.I2C_ConvertOtherXferOptions
                0x08007cf2       0x1e CMakeFiles/TTS_Robot.elf.dir/Drivers/STM32F4xx_HAL_Driver/Src/stm32f4xx_hal_i2c.c.obj
 .text.I2C_WaitOnFlagUntilTimeout
                0x08007d10       0x7c CMakeFiles/TTS_Robot.elf.dir/Drivers/STM32F4xx_HAL_Driver/Src/stm32f4xx_hal_i2c.c.obj
 .text.I2C_WaitOnMasterAddressFlagUntilTimeout
                0x08007d8c       0xaa CMakeFiles/TTS_Robot.elf.dir/Drivers/STM32F4xx_HAL_Driver/Src/stm32f4xx_hal_i2c.c.obj
 .text.I2C_WaitOnTXEFlagUntilTimeout
                0x08007e36       0x54 CMakeFiles/TTS_Robot.elf.dir/Drivers/STM32F4xx_HAL_Driver/Src/stm32f4xx_hal_i2c.c.obj
 *fill*         0x08007e8a        0x2 
 .text.I2C_RequestMemoryWrite
                0x08007e8c       0xd8 CMakeFiles/TTS_Robot.elf.dir/Drivers/STM32F4xx_HAL_Driver/Src/stm32f4xx_hal_i2c.c.obj
 .text.I2C_RequestMemoryRead
                0x08007f64      0x154 CMakeFiles/TTS_Robot.elf.dir/Drivers/STM32F4xx_HAL_Driver/Src/stm32f4xx_hal_i2c.c.obj
 .text.I2C_WaitOnBTFFlagUntilTimeout
                0x080080b8       0x54 CMakeFiles/TTS_Robot.elf.dir/Drivers/STM32F4xx_HAL_Driver/Src/stm32f4xx_hal_i2c.c.obj
 .text.I2C_WaitOnRXNEFlagUntilTimeout
                0x0800810c       0x6a CMakeFiles/TTS_Robot.elf.dir/Drivers/STM32F4xx_HAL_Driver/Src/stm32f4xx_hal_i2c.c.obj
 *fill*         0x08008176        0x2 
 .text.HAL_I2C_Init
                0x08008178      0x1bc CMakeFiles/TTS_Robot.elf.dir/Drivers/STM32F4xx_HAL_Driver/Src/stm32f4xx_hal_i2c.c.obj
                0x08008178                HAL_I2C_Init
 .text.HAL_I2C_Mem_Write
                0x08008334      0x164 CMakeFiles/TTS_Robot.elf.dir/Drivers/STM32F4xx_HAL_Driver/Src/stm32f4xx_hal_i2c.c.obj
                0x08008334                HAL_I2C_Mem_Write
 .text.HAL_I2C_Mem_Read
                0x08008498      0x2e4 CMakeFiles/TTS_Robot.elf.dir/Drivers/STM32F4xx_HAL_Driver/Src/stm32f4xx_hal_i2c.c.obj
                0x08008498                HAL_I2C_Mem_Read
 .text.HAL_I2C_MasterTxCpltCallback
                0x0800877c        0x2 CMakeFiles/TTS_Robot.elf.dir/Drivers/STM32F4xx_HAL_Driver/Src/stm32f4xx_hal_i2c.c.obj
                0x0800877c                HAL_I2C_MasterTxCpltCallback
 .text.HAL_I2C_MasterRxCpltCallback
                0x0800877e        0x2 CMakeFiles/TTS_Robot.elf.dir/Drivers/STM32F4xx_HAL_Driver/Src/stm32f4xx_hal_i2c.c.obj
                0x0800877e                HAL_I2C_MasterRxCpltCallback
 .text.HAL_I2C_SlaveTxCpltCallback
                0x08008780        0x2 CMakeFiles/TTS_Robot.elf.dir/Drivers/STM32F4xx_HAL_Driver/Src/stm32f4xx_hal_i2c.c.obj
                0x08008780                HAL_I2C_SlaveTxCpltCallback
 .text.I2C_SlaveTransmit_TXE
                0x08008782       0x4c CMakeFiles/TTS_Robot.elf.dir/Drivers/STM32F4xx_HAL_Driver/Src/stm32f4xx_hal_i2c.c.obj
 .text.HAL_I2C_SlaveRxCpltCallback
                0x080087ce        0x2 CMakeFiles/TTS_Robot.elf.dir/Drivers/STM32F4xx_HAL_Driver/Src/stm32f4xx_hal_i2c.c.obj
                0x080087ce                HAL_I2C_SlaveRxCpltCallback
 .text.I2C_SlaveReceive_RXNE
                0x080087d0       0x4c CMakeFiles/TTS_Robot.elf.dir/Drivers/STM32F4xx_HAL_Driver/Src/stm32f4xx_hal_i2c.c.obj
 .text.HAL_I2C_AddrCallback
                0x0800881c        0x2 CMakeFiles/TTS_Robot.elf.dir/Drivers/STM32F4xx_HAL_Driver/Src/stm32f4xx_hal_i2c.c.obj
                0x0800881c                HAL_I2C_AddrCallback
 .text.I2C_Slave_ADDR
                0x0800881e       0x5a CMakeFiles/TTS_Robot.elf.dir/Drivers/STM32F4xx_HAL_Driver/Src/stm32f4xx_hal_i2c.c.obj
 .text.HAL_I2C_ListenCpltCallback
                0x08008878        0x2 CMakeFiles/TTS_Robot.elf.dir/Drivers/STM32F4xx_HAL_Driver/Src/stm32f4xx_hal_i2c.c.obj
                0x08008878                HAL_I2C_ListenCpltCallback
 *fill*         0x0800887a        0x2 
 .text.I2C_Slave_AF
                0x0800887c       0x94 CMakeFiles/TTS_Robot.elf.dir/Drivers/STM32F4xx_HAL_Driver/Src/stm32f4xx_hal_i2c.c.obj
 .text.HAL_I2C_MemTxCpltCallback
                0x08008910        0x2 CMakeFiles/TTS_Robot.elf.dir/Drivers/STM32F4xx_HAL_Driver/Src/stm32f4xx_hal_i2c.c.obj
                0x08008910                HAL_I2C_MemTxCpltCallback
 .text.I2C_MasterTransmit_BTF
                0x08008912       0x9e CMakeFiles/TTS_Robot.elf.dir/Drivers/STM32F4xx_HAL_Driver/Src/stm32f4xx_hal_i2c.c.obj
 .text.I2C_MemoryTransmit_TXE_BTF
                0x080089b0       0xbe CMakeFiles/TTS_Robot.elf.dir/Drivers/STM32F4xx_HAL_Driver/Src/stm32f4xx_hal_i2c.c.obj
 .text.I2C_MasterTransmit_TXE
                0x08008a6e       0xd0 CMakeFiles/TTS_Robot.elf.dir/Drivers/STM32F4xx_HAL_Driver/Src/stm32f4xx_hal_i2c.c.obj
 .text.HAL_I2C_MemRxCpltCallback
                0x08008b3e        0x2 CMakeFiles/TTS_Robot.elf.dir/Drivers/STM32F4xx_HAL_Driver/Src/stm32f4xx_hal_i2c.c.obj
                0x08008b3e                HAL_I2C_MemRxCpltCallback
 .text.I2C_MasterReceive_BTF
                0x08008b40      0x128 CMakeFiles/TTS_Robot.elf.dir/Drivers/STM32F4xx_HAL_Driver/Src/stm32f4xx_hal_i2c.c.obj
 .text.HAL_I2C_ErrorCallback
                0x08008c68        0x2 CMakeFiles/TTS_Robot.elf.dir/Drivers/STM32F4xx_HAL_Driver/Src/stm32f4xx_hal_i2c.c.obj
                0x08008c68                HAL_I2C_ErrorCallback
 .text.I2C_MasterReceive_RXNE
                0x08008c6a       0xf6 CMakeFiles/TTS_Robot.elf.dir/Drivers/STM32F4xx_HAL_Driver/Src/stm32f4xx_hal_i2c.c.obj
 .text.HAL_I2C_AbortCpltCallback
                0x08008d60        0x2 CMakeFiles/TTS_Robot.elf.dir/Drivers/STM32F4xx_HAL_Driver/Src/stm32f4xx_hal_i2c.c.obj
                0x08008d60                HAL_I2C_AbortCpltCallback
 *fill*         0x08008d62        0x2 
 .text.I2C_DMAAbort
                0x08008d64       0xe4 CMakeFiles/TTS_Robot.elf.dir/Drivers/STM32F4xx_HAL_Driver/Src/stm32f4xx_hal_i2c.c.obj
 .text.I2C_ITError
                0x08008e48      0x178 CMakeFiles/TTS_Robot.elf.dir/Drivers/STM32F4xx_HAL_Driver/Src/stm32f4xx_hal_i2c.c.obj
 .text.I2C_Slave_STOPF
                0x08008fc0      0x18c CMakeFiles/TTS_Robot.elf.dir/Drivers/STM32F4xx_HAL_Driver/Src/stm32f4xx_hal_i2c.c.obj
 .text.HAL_I2C_EV_IRQHandler
                0x0800914c      0x1a0 CMakeFiles/TTS_Robot.elf.dir/Drivers/STM32F4xx_HAL_Driver/Src/stm32f4xx_hal_i2c.c.obj
                0x0800914c                HAL_I2C_EV_IRQHandler
 .text.HAL_I2C_ER_IRQHandler
                0x080092ec       0xc4 CMakeFiles/TTS_Robot.elf.dir/Drivers/STM32F4xx_HAL_Driver/Src/stm32f4xx_hal_i2c.c.obj
                0x080092ec                HAL_I2C_ER_IRQHandler
 .text.HAL_RCC_OscConfig
                0x080093b0      0x3f8 CMakeFiles/TTS_Robot.elf.dir/Drivers/STM32F4xx_HAL_Driver/Src/stm32f4xx_hal_rcc.c.obj
                0x080093b0                HAL_RCC_OscConfig
 .text.HAL_RCC_GetSysClockFreq
                0x080097a8       0xd4 CMakeFiles/TTS_Robot.elf.dir/Drivers/STM32F4xx_HAL_Driver/Src/stm32f4xx_hal_rcc.c.obj
                0x080097a8                HAL_RCC_GetSysClockFreq
 .text.HAL_RCC_ClockConfig
                0x0800987c      0x160 CMakeFiles/TTS_Robot.elf.dir/Drivers/STM32F4xx_HAL_Driver/Src/stm32f4xx_hal_rcc.c.obj
                0x0800987c                HAL_RCC_ClockConfig
 .text.HAL_RCC_GetHCLKFreq
                0x080099dc        0xc CMakeFiles/TTS_Robot.elf.dir/Drivers/STM32F4xx_HAL_Driver/Src/stm32f4xx_hal_rcc.c.obj
                0x080099dc                HAL_RCC_GetHCLKFreq
 .text.HAL_RCC_GetPCLK1Freq
                0x080099e8       0x20 CMakeFiles/TTS_Robot.elf.dir/Drivers/STM32F4xx_HAL_Driver/Src/stm32f4xx_hal_rcc.c.obj
                0x080099e8                HAL_RCC_GetPCLK1Freq
 .text.HAL_RCC_GetPCLK2Freq
                0x08009a08       0x20 CMakeFiles/TTS_Robot.elf.dir/Drivers/STM32F4xx_HAL_Driver/Src/stm32f4xx_hal_rcc.c.obj
                0x08009a08                HAL_RCC_GetPCLK2Freq
 .text.TIM_OC1_SetConfig
                0x08009a28       0x68 CMakeFiles/TTS_Robot.elf.dir/Drivers/STM32F4xx_HAL_Driver/Src/stm32f4xx_hal_tim.c.obj
 .text.TIM_OC3_SetConfig
                0x08009a90       0x70 CMakeFiles/TTS_Robot.elf.dir/Drivers/STM32F4xx_HAL_Driver/Src/stm32f4xx_hal_tim.c.obj
 .text.TIM_OC4_SetConfig
                0x08009b00       0x50 CMakeFiles/TTS_Robot.elf.dir/Drivers/STM32F4xx_HAL_Driver/Src/stm32f4xx_hal_tim.c.obj
 .text.TIM_TI1_ConfigInputStage
                0x08009b50       0x24 CMakeFiles/TTS_Robot.elf.dir/Drivers/STM32F4xx_HAL_Driver/Src/stm32f4xx_hal_tim.c.obj
 .text.TIM_TI2_ConfigInputStage
                0x08009b74       0x26 CMakeFiles/TTS_Robot.elf.dir/Drivers/STM32F4xx_HAL_Driver/Src/stm32f4xx_hal_tim.c.obj
 .text.TIM_ITRx_SetConfig
                0x08009b9a       0x10 CMakeFiles/TTS_Robot.elf.dir/Drivers/STM32F4xx_HAL_Driver/Src/stm32f4xx_hal_tim.c.obj
 *fill*         0x08009baa        0x2 
 .text.HAL_TIM_Base_Start_IT
                0x08009bac       0x88 CMakeFiles/TTS_Robot.elf.dir/Drivers/STM32F4xx_HAL_Driver/Src/stm32f4xx_hal_tim.c.obj
                0x08009bac                HAL_TIM_Base_Start_IT
 .text.HAL_TIM_PWM_MspInit
                0x08009c34        0x2 CMakeFiles/TTS_Robot.elf.dir/Drivers/STM32F4xx_HAL_Driver/Src/stm32f4xx_hal_tim.c.obj
                0x08009c34                HAL_TIM_PWM_MspInit
 .text.HAL_TIM_OC_DelayElapsedCallback
                0x08009c36        0x2 CMakeFiles/TTS_Robot.elf.dir/Drivers/STM32F4xx_HAL_Driver/Src/stm32f4xx_hal_tim.c.obj
                0x08009c36                HAL_TIM_OC_DelayElapsedCallback
 .text.HAL_TIM_IC_CaptureCallback
                0x08009c38        0x2 CMakeFiles/TTS_Robot.elf.dir/Drivers/STM32F4xx_HAL_Driver/Src/stm32f4xx_hal_tim.c.obj
                0x08009c38                HAL_TIM_IC_CaptureCallback
 .text.HAL_TIM_TriggerCallback
                0x08009c3a        0x2 CMakeFiles/TTS_Robot.elf.dir/Drivers/STM32F4xx_HAL_Driver/Src/stm32f4xx_hal_tim.c.obj
                0x08009c3a                HAL_TIM_TriggerCallback
 .text.HAL_TIM_IRQHandler
                0x08009c3c      0x17a CMakeFiles/TTS_Robot.elf.dir/Drivers/STM32F4xx_HAL_Driver/Src/stm32f4xx_hal_tim.c.obj
                0x08009c3c                HAL_TIM_IRQHandler
 *fill*         0x08009db6        0x2 
 .text.TIM_Base_SetConfig
                0x08009db8       0xc8 CMakeFiles/TTS_Robot.elf.dir/Drivers/STM32F4xx_HAL_Driver/Src/stm32f4xx_hal_tim.c.obj
                0x08009db8                TIM_Base_SetConfig
 .text.HAL_TIM_Base_Init
                0x08009e80       0x58 CMakeFiles/TTS_Robot.elf.dir/Drivers/STM32F4xx_HAL_Driver/Src/stm32f4xx_hal_tim.c.obj
                0x08009e80                HAL_TIM_Base_Init
 .text.HAL_TIM_PWM_Init
                0x08009ed8       0x58 CMakeFiles/TTS_Robot.elf.dir/Drivers/STM32F4xx_HAL_Driver/Src/stm32f4xx_hal_tim.c.obj
                0x08009ed8                HAL_TIM_PWM_Init
 .text.HAL_TIM_Encoder_Init
                0x08009f30       0xb8 CMakeFiles/TTS_Robot.elf.dir/Drivers/STM32F4xx_HAL_Driver/Src/stm32f4xx_hal_tim.c.obj
                0x08009f30                HAL_TIM_Encoder_Init
 .text.TIM_OC2_SetConfig
                0x08009fe8       0x70 CMakeFiles/TTS_Robot.elf.dir/Drivers/STM32F4xx_HAL_Driver/Src/stm32f4xx_hal_tim.c.obj
                0x08009fe8                TIM_OC2_SetConfig
 .text.HAL_TIM_PWM_ConfigChannel
                0x0800a058       0xdc CMakeFiles/TTS_Robot.elf.dir/Drivers/STM32F4xx_HAL_Driver/Src/stm32f4xx_hal_tim.c.obj
                0x0800a058                HAL_TIM_PWM_ConfigChannel
 .text.TIM_ETR_SetConfig
                0x0800a134       0x18 CMakeFiles/TTS_Robot.elf.dir/Drivers/STM32F4xx_HAL_Driver/Src/stm32f4xx_hal_tim.c.obj
                0x0800a134                TIM_ETR_SetConfig
 .text.HAL_TIM_ConfigClockSource
                0x0800a14c       0xfe CMakeFiles/TTS_Robot.elf.dir/Drivers/STM32F4xx_HAL_Driver/Src/stm32f4xx_hal_tim.c.obj
                0x0800a14c                HAL_TIM_ConfigClockSource
 .text.TIM_CCxChannelCmd
                0x0800a24a       0x1e CMakeFiles/TTS_Robot.elf.dir/Drivers/STM32F4xx_HAL_Driver/Src/stm32f4xx_hal_tim.c.obj
                0x0800a24a                TIM_CCxChannelCmd
 .text.HAL_TIM_PWM_Start
                0x0800a268      0x104 CMakeFiles/TTS_Robot.elf.dir/Drivers/STM32F4xx_HAL_Driver/Src/stm32f4xx_hal_tim.c.obj
                0x0800a268                HAL_TIM_PWM_Start
 .text.HAL_TIM_PWM_Stop
                0x0800a36c       0x8c CMakeFiles/TTS_Robot.elf.dir/Drivers/STM32F4xx_HAL_Driver/Src/stm32f4xx_hal_tim.c.obj
                0x0800a36c                HAL_TIM_PWM_Stop
 .text.HAL_TIM_Encoder_Start
                0x0800a3f8       0xcc CMakeFiles/TTS_Robot.elf.dir/Drivers/STM32F4xx_HAL_Driver/Src/stm32f4xx_hal_tim.c.obj
                0x0800a3f8                HAL_TIM_Encoder_Start
 .text.HAL_TIMEx_MasterConfigSynchronization
                0x0800a4c4       0x8c CMakeFiles/TTS_Robot.elf.dir/Drivers/STM32F4xx_HAL_Driver/Src/stm32f4xx_hal_tim_ex.c.obj
                0x0800a4c4                HAL_TIMEx_MasterConfigSynchronization
 .text.HAL_TIMEx_ConfigBreakDeadTime
                0x0800a550       0x52 CMakeFiles/TTS_Robot.elf.dir/Drivers/STM32F4xx_HAL_Driver/Src/stm32f4xx_hal_tim_ex.c.obj
                0x0800a550                HAL_TIMEx_ConfigBreakDeadTime
 .text.HAL_TIMEx_CommutCallback
                0x0800a5a2        0x2 CMakeFiles/TTS_Robot.elf.dir/Drivers/STM32F4xx_HAL_Driver/Src/stm32f4xx_hal_tim_ex.c.obj
                0x0800a5a2                HAL_TIMEx_CommutCallback
 .text.HAL_TIMEx_BreakCallback
                0x0800a5a4        0x2 CMakeFiles/TTS_Robot.elf.dir/Drivers/STM32F4xx_HAL_Driver/Src/stm32f4xx_hal_tim_ex.c.obj
                0x0800a5a4                HAL_TIMEx_BreakCallback
 .text.UART_EndTxTransfer
                0x0800a5a6       0x20 CMakeFiles/TTS_Robot.elf.dir/Drivers/STM32F4xx_HAL_Driver/Src/stm32f4xx_hal_uart.c.obj
 .text.UART_EndRxTransfer
                0x0800a5c6       0x5c CMakeFiles/TTS_Robot.elf.dir/Drivers/STM32F4xx_HAL_Driver/Src/stm32f4xx_hal_uart.c.obj
 .text.UART_Transmit_IT
                0x0800a622       0x60 CMakeFiles/TTS_Robot.elf.dir/Drivers/STM32F4xx_HAL_Driver/Src/stm32f4xx_hal_uart.c.obj
 *fill*         0x0800a682        0x2 
 .text.UART_SetConfig
                0x0800a684      0x110 CMakeFiles/TTS_Robot.elf.dir/Drivers/STM32F4xx_HAL_Driver/Src/stm32f4xx_hal_uart.c.obj
 .text.HAL_UART_Init
                0x0800a794       0x5e CMakeFiles/TTS_Robot.elf.dir/Drivers/STM32F4xx_HAL_Driver/Src/stm32f4xx_hal_uart.c.obj
                0x0800a794                HAL_UART_Init
 .text.HAL_UART_Transmit_IT
                0x0800a7f2       0x4e CMakeFiles/TTS_Robot.elf.dir/Drivers/STM32F4xx_HAL_Driver/Src/stm32f4xx_hal_uart.c.obj
                0x0800a7f2                HAL_UART_Transmit_IT
 .text.HAL_UART_Transmit_DMA
                0x0800a840       0x9c CMakeFiles/TTS_Robot.elf.dir/Drivers/STM32F4xx_HAL_Driver/Src/stm32f4xx_hal_uart.c.obj
                0x0800a840                HAL_UART_Transmit_DMA
 .text.UART_DMATransmitCplt
                0x0800a8dc       0x4c CMakeFiles/TTS_Robot.elf.dir/Drivers/STM32F4xx_HAL_Driver/Src/stm32f4xx_hal_uart.c.obj
 .text.UART_EndTransmit_IT
                0x0800a928       0x1a CMakeFiles/TTS_Robot.elf.dir/Drivers/STM32F4xx_HAL_Driver/Src/stm32f4xx_hal_uart.c.obj
 .text.HAL_UART_TxHalfCpltCallback
                0x0800a942        0x2 CMakeFiles/TTS_Robot.elf.dir/Drivers/STM32F4xx_HAL_Driver/Src/stm32f4xx_hal_uart.c.obj
                0x0800a942                HAL_UART_TxHalfCpltCallback
 .text.UART_DMATxHalfCplt
                0x0800a944        0xa CMakeFiles/TTS_Robot.elf.dir/Drivers/STM32F4xx_HAL_Driver/Src/stm32f4xx_hal_uart.c.obj
 .text.HAL_UART_RxHalfCpltCallback
                0x0800a94e        0x2 CMakeFiles/TTS_Robot.elf.dir/Drivers/STM32F4xx_HAL_Driver/Src/stm32f4xx_hal_uart.c.obj
                0x0800a94e                HAL_UART_RxHalfCpltCallback
 .text.HAL_UART_ErrorCallback
                0x0800a950        0x2 CMakeFiles/TTS_Robot.elf.dir/Drivers/STM32F4xx_HAL_Driver/Src/stm32f4xx_hal_uart.c.obj
                0x0800a950                HAL_UART_ErrorCallback
 .text.UART_DMAError
                0x0800a952       0x58 CMakeFiles/TTS_Robot.elf.dir/Drivers/STM32F4xx_HAL_Driver/Src/stm32f4xx_hal_uart.c.obj
 .text.UART_DMAAbortOnError
                0x0800a9aa       0x10 CMakeFiles/TTS_Robot.elf.dir/Drivers/STM32F4xx_HAL_Driver/Src/stm32f4xx_hal_uart.c.obj
 .text.UART_Receive_IT
                0x0800a9ba       0xe2 CMakeFiles/TTS_Robot.elf.dir/Drivers/STM32F4xx_HAL_Driver/Src/stm32f4xx_hal_uart.c.obj
 .text.HAL_UART_IRQHandler
                0x0800aa9c      0x280 CMakeFiles/TTS_Robot.elf.dir/Drivers/STM32F4xx_HAL_Driver/Src/stm32f4xx_hal_uart.c.obj
                0x0800aa9c                HAL_UART_IRQHandler
 .text.UART_DMARxHalfCplt
                0x0800ad1c       0x1a CMakeFiles/TTS_Robot.elf.dir/Drivers/STM32F4xx_HAL_Driver/Src/stm32f4xx_hal_uart.c.obj
 .text.UART_DMAReceiveCplt
                0x0800ad36       0x96 CMakeFiles/TTS_Robot.elf.dir/Drivers/STM32F4xx_HAL_Driver/Src/stm32f4xx_hal_uart.c.obj
 .text.UART_Start_Receive_IT
                0x0800adcc       0x3a CMakeFiles/TTS_Robot.elf.dir/Drivers/STM32F4xx_HAL_Driver/Src/stm32f4xx_hal_uart.c.obj
                0x0800adcc                UART_Start_Receive_IT
 .text.HAL_UARTEx_ReceiveToIdle_IT
                0x0800ae06       0x70 CMakeFiles/TTS_Robot.elf.dir/Drivers/STM32F4xx_HAL_Driver/Src/stm32f4xx_hal_uart.c.obj
                0x0800ae06                HAL_UARTEx_ReceiveToIdle_IT
 *fill*         0x0800ae76        0x2 
 .text.UART_Start_Receive_DMA
                0x0800ae78       0xa8 CMakeFiles/TTS_Robot.elf.dir/Drivers/STM32F4xx_HAL_Driver/Src/stm32f4xx_hal_uart.c.obj
                0x0800ae78                UART_Start_Receive_DMA
 .text.HAL_UARTEx_ReceiveToIdle_DMA
                0x0800af20       0x70 CMakeFiles/TTS_Robot.elf.dir/Drivers/STM32F4xx_HAL_Driver/Src/stm32f4xx_hal_uart.c.obj
                0x0800af20                HAL_UARTEx_ReceiveToIdle_DMA
 .text.__errno  0x0800af90        0xc c:/progra~2/gnuarm~1/102021~1.10/bin/../lib/gcc/arm-none-eabi/10.3.1/../../../../arm-none-eabi/lib/thumb/v7e-m/nofp\libg.a(lib_a-errno.o)
                0x0800af90                __errno
 .text.__libc_init_array
                0x0800af9c       0x48 c:/progra~2/gnuarm~1/102021~1.10/bin/../lib/gcc/arm-none-eabi/10.3.1/../../../../arm-none-eabi/lib/thumb/v7e-m/nofp\libg.a(lib_a-init.o)
                0x0800af9c                __libc_init_array
 .text.malloc   0x0800afe4       0x10 c:/progra~2/gnuarm~1/102021~1.10/bin/../lib/gcc/arm-none-eabi/10.3.1/../../../../arm-none-eabi/lib/thumb/v7e-m/nofp\libg.a(lib_a-malloc.o)
                0x0800afe4                malloc
 .text.free     0x0800aff4       0x10 c:/progra~2/gnuarm~1/102021~1.10/bin/../lib/gcc/arm-none-eabi/10.3.1/../../../../arm-none-eabi/lib/thumb/v7e-m/nofp\libg.a(lib_a-malloc.o)
                0x0800aff4                free
 .text._malloc_r
                0x0800b004      0x560 c:/progra~2/gnuarm~1/102021~1.10/bin/../lib/gcc/arm-none-eabi/10.3.1/../../../../arm-none-eabi/lib/thumb/v7e-m/nofp\libg.a(lib_a-mallocr.o)
                0x0800b004                _malloc_r
 .text.memcmp   0x0800b564       0x68 c:/progra~2/gnuarm~1/102021~1.10/bin/../lib/gcc/arm-none-eabi/10.3.1/../../../../arm-none-eabi/lib/thumb/v7e-m/nofp\libg.a(lib_a-memcmp.o)
                0x0800b564                memcmp
 .text.memset   0x0800b5cc       0xa4 c:/progra~2/gnuarm~1/102021~1.10/bin/../lib/gcc/arm-none-eabi/10.3.1/../../../../arm-none-eabi/lib/thumb/v7e-m/nofp\libg.a(lib_a-memset.o)
                0x0800b5cc                memset
 .text.__malloc_lock
                0x0800b670        0xc c:/progra~2/gnuarm~1/102021~1.10/bin/../lib/gcc/arm-none-eabi/10.3.1/../../../../arm-none-eabi/lib/thumb/v7e-m/nofp\libg.a(lib_a-mlock.o)
                0x0800b670                __malloc_lock
 .text.__malloc_unlock
                0x0800b67c        0xc c:/progra~2/gnuarm~1/102021~1.10/bin/../lib/gcc/arm-none-eabi/10.3.1/../../../../arm-none-eabi/lib/thumb/v7e-m/nofp\libg.a(lib_a-mlock.o)
                0x0800b67c                __malloc_unlock
 .text.printf   0x0800b688       0x28 c:/progra~2/gnuarm~1/102021~1.10/bin/../lib/gcc/arm-none-eabi/10.3.1/../../../../arm-none-eabi/lib/thumb/v7e-m/nofp\libg.a(lib_a-printf.o)
                0x0800b688                printf
 .text.putchar  0x0800b6b0       0x10 c:/progra~2/gnuarm~1/102021~1.10/bin/../lib/gcc/arm-none-eabi/10.3.1/../../../../arm-none-eabi/lib/thumb/v7e-m/nofp\libg.a(lib_a-putchar.o)
                0x0800b6b0                putchar
 .text._puts_r  0x0800b6c0       0x9c c:/progra~2/gnuarm~1/102021~1.10/bin/../lib/gcc/arm-none-eabi/10.3.1/../../../../arm-none-eabi/lib/thumb/v7e-m/nofp\libg.a(lib_a-puts.o)
                0x0800b6c0                _puts_r
 .text.puts     0x0800b75c       0x10 c:/progra~2/gnuarm~1/102021~1.10/bin/../lib/gcc/arm-none-eabi/10.3.1/../../../../arm-none-eabi/lib/thumb/v7e-m/nofp\libg.a(lib_a-puts.o)
                0x0800b75c                puts
 .text._sbrk_r  0x0800b76c       0x24 c:/progra~2/gnuarm~1/102021~1.10/bin/../lib/gcc/arm-none-eabi/10.3.1/../../../../arm-none-eabi/lib/thumb/v7e-m/nofp\libg.a(lib_a-sbrkr.o)
                0x0800b76c                _sbrk_r
 .text.setvbuf  0x0800b790      0x1b0 c:/progra~2/gnuarm~1/102021~1.10/bin/../lib/gcc/arm-none-eabi/10.3.1/../../../../arm-none-eabi/lib/thumb/v7e-m/nofp\libg.a(lib_a-setvbuf.o)
                0x0800b790                setvbuf
 .text.sprintf  0x0800b940       0x40 c:/progra~2/gnuarm~1/102021~1.10/bin/../lib/gcc/arm-none-eabi/10.3.1/../../../../arm-none-eabi/lib/thumb/v7e-m/nofp\libg.a(lib_a-sprintf.o)
                0x0800b940                sprintf
 .text._svfprintf_r
                0x0800b980     0x1a3c c:/progra~2/gnuarm~1/102021~1.10/bin/../lib/gcc/arm-none-eabi/10.3.1/../../../../arm-none-eabi/lib/thumb/v7e-m/nofp\libg.a(lib_a-svfprintf.o)
                0x0800b980                _svfprintf_r
 .text._vfprintf_r
                0x0800d3bc     0x1ad4 c:/progra~2/gnuarm~1/102021~1.10/bin/../lib/gcc/arm-none-eabi/10.3.1/../../../../arm-none-eabi/lib/thumb/v7e-m/nofp\libg.a(lib_a-vfprintf.o)
                0x0800d3bc                _vfprintf_r
 .text.__sbprintf
                0x0800ee90       0x80 c:/progra~2/gnuarm~1/102021~1.10/bin/../lib/gcc/arm-none-eabi/10.3.1/../../../../arm-none-eabi/lib/thumb/v7e-m/nofp\libg.a(lib_a-vfprintf.o)
 .text.__swsetup_r
                0x0800ef10       0xd4 c:/progra~2/gnuarm~1/102021~1.10/bin/../lib/gcc/arm-none-eabi/10.3.1/../../../../arm-none-eabi/lib/thumb/v7e-m/nofp\libg.a(lib_a-wsetup.o)
                0x0800ef10                __swsetup_r
 .text.startup.register_fini
                0x0800efe4       0x14 c:/progra~2/gnuarm~1/102021~1.10/bin/../lib/gcc/arm-none-eabi/10.3.1/../../../../arm-none-eabi/lib/thumb/v7e-m/nofp\libg.a(lib_a-__call_atexit.o)
 .text.atexit   0x0800eff8        0xc c:/progra~2/gnuarm~1/102021~1.10/bin/../lib/gcc/arm-none-eabi/10.3.1/../../../../arm-none-eabi/lib/thumb/v7e-m/nofp\libg.a(lib_a-atexit.o)
                0x0800eff8                atexit
 .text.quorem   0x0800f004      0x124 c:/progra~2/gnuarm~1/102021~1.10/bin/../lib/gcc/arm-none-eabi/10.3.1/../../../../arm-none-eabi/lib/thumb/v7e-m/nofp\libg.a(lib_a-dtoa.o)
 .text._dtoa_r  0x0800f128      0xec4 c:/progra~2/gnuarm~1/102021~1.10/bin/../lib/gcc/arm-none-eabi/10.3.1/../../../../arm-none-eabi/lib/thumb/v7e-m/nofp\libg.a(lib_a-dtoa.o)
                0x0800f128                _dtoa_r
 .text.__sflush_r
                0x0800ffec      0x120 c:/progra~2/gnuarm~1/102021~1.10/bin/../lib/gcc/arm-none-eabi/10.3.1/../../../../arm-none-eabi/lib/thumb/v7e-m/nofp\libg.a(lib_a-fflush.o)
                0x0800ffec                __sflush_r
 .text._fflush_r
                0x0801010c       0x5c c:/progra~2/gnuarm~1/102021~1.10/bin/../lib/gcc/arm-none-eabi/10.3.1/../../../../arm-none-eabi/lib/thumb/v7e-m/nofp\libg.a(lib_a-fflush.o)
                0x0801010c                _fflush_r
 .text._cleanup_r
                0x08010168        0xc c:/progra~2/gnuarm~1/102021~1.10/bin/../lib/gcc/arm-none-eabi/10.3.1/../../../../arm-none-eabi/lib/thumb/v7e-m/nofp\libg.a(lib_a-findfp.o)
                0x08010168                _cleanup_r
 .text.__sinit  0x08010174      0x10c c:/progra~2/gnuarm~1/102021~1.10/bin/../lib/gcc/arm-none-eabi/10.3.1/../../../../arm-none-eabi/lib/thumb/v7e-m/nofp\libg.a(lib_a-findfp.o)
                0x08010174                __sinit
 .text.__sfp_lock_acquire
                0x08010280        0xc c:/progra~2/gnuarm~1/102021~1.10/bin/../lib/gcc/arm-none-eabi/10.3.1/../../../../arm-none-eabi/lib/thumb/v7e-m/nofp\libg.a(lib_a-findfp.o)
                0x08010280                __sfp_lock_acquire
 .text.__sfp_lock_release
                0x0801028c        0xc c:/progra~2/gnuarm~1/102021~1.10/bin/../lib/gcc/arm-none-eabi/10.3.1/../../../../arm-none-eabi/lib/thumb/v7e-m/nofp\libg.a(lib_a-findfp.o)
                0x0801028c                __sfp_lock_release
 .text.__libc_fini_array
                0x08010298       0x2c c:/progra~2/gnuarm~1/102021~1.10/bin/../lib/gcc/arm-none-eabi/10.3.1/../../../../arm-none-eabi/lib/thumb/v7e-m/nofp\libg.a(lib_a-fini.o)
                0x08010298                __libc_fini_array
 .text._malloc_trim_r
                0x080102c4       0xa0 c:/progra~2/gnuarm~1/102021~1.10/bin/../lib/gcc/arm-none-eabi/10.3.1/../../../../arm-none-eabi/lib/thumb/v7e-m/nofp\libg.a(lib_a-freer.o)
                0x080102c4                _malloc_trim_r
 .text._free_r  0x08010364      0x20c c:/progra~2/gnuarm~1/102021~1.10/bin/../lib/gcc/arm-none-eabi/10.3.1/../../../../arm-none-eabi/lib/thumb/v7e-m/nofp\libg.a(lib_a-freer.o)
                0x08010364                _free_r
 .text.__sfvwrite_r
                0x08010570      0x2e8 c:/progra~2/gnuarm~1/102021~1.10/bin/../lib/gcc/arm-none-eabi/10.3.1/../../../../arm-none-eabi/lib/thumb/v7e-m/nofp\libg.a(lib_a-fvwrite.o)
                0x08010570                __sfvwrite_r
 .text._fwalk_reent
                0x08010858       0x48 c:/progra~2/gnuarm~1/102021~1.10/bin/../lib/gcc/arm-none-eabi/10.3.1/../../../../arm-none-eabi/lib/thumb/v7e-m/nofp\libg.a(lib_a-fwalk.o)
                0x08010858                _fwalk_reent
 .text._localeconv_r
                0x080108a0        0x8 c:/progra~2/gnuarm~1/102021~1.10/bin/../lib/gcc/arm-none-eabi/10.3.1/../../../../arm-none-eabi/lib/thumb/v7e-m/nofp\libg.a(lib_a-localeconv.o)
                0x080108a0                _localeconv_r
 .text.__retarget_lock_init_recursive
                0x080108a8        0x4 c:/progra~2/gnuarm~1/102021~1.10/bin/../lib/gcc/arm-none-eabi/10.3.1/../../../../arm-none-eabi/lib/thumb/v7e-m/nofp\libg.a(lib_a-lock.o)
                0x080108a8                __retarget_lock_init_recursive
 .text.__retarget_lock_close_recursive
                0x080108ac        0x4 c:/progra~2/gnuarm~1/102021~1.10/bin/../lib/gcc/arm-none-eabi/10.3.1/../../../../arm-none-eabi/lib/thumb/v7e-m/nofp\libg.a(lib_a-lock.o)
                0x080108ac                __retarget_lock_close_recursive
 .text.__retarget_lock_acquire_recursive
                0x080108b0        0x4 c:/progra~2/gnuarm~1/102021~1.10/bin/../lib/gcc/arm-none-eabi/10.3.1/../../../../arm-none-eabi/lib/thumb/v7e-m/nofp\libg.a(lib_a-lock.o)
                0x080108b0                __retarget_lock_acquire_recursive
 .text.__retarget_lock_release_recursive
                0x080108b4        0x4 c:/progra~2/gnuarm~1/102021~1.10/bin/../lib/gcc/arm-none-eabi/10.3.1/../../../../arm-none-eabi/lib/thumb/v7e-m/nofp\libg.a(lib_a-lock.o)
                0x080108b4                __retarget_lock_release_recursive
 .text.__smakebuf_r
                0x080108b8       0xe0 c:/progra~2/gnuarm~1/102021~1.10/bin/../lib/gcc/arm-none-eabi/10.3.1/../../../../arm-none-eabi/lib/thumb/v7e-m/nofp\libg.a(lib_a-makebuf.o)
                0x080108b8                __smakebuf_r
 .text.__swhatbuf_r
                0x08010998       0x60 c:/progra~2/gnuarm~1/102021~1.10/bin/../lib/gcc/arm-none-eabi/10.3.1/../../../../arm-none-eabi/lib/thumb/v7e-m/nofp\libg.a(lib_a-makebuf.o)
                0x08010998                __swhatbuf_r
 .text.memmove  0x080109f8       0xf8 c:/progra~2/gnuarm~1/102021~1.10/bin/../lib/gcc/arm-none-eabi/10.3.1/../../../../arm-none-eabi/lib/thumb/v7e-m/nofp\libg.a(lib_a-memmove.o)
                0x080109f8                memmove
 .text._Balloc  0x08010af0       0x4c c:/progra~2/gnuarm~1/102021~1.10/bin/../lib/gcc/arm-none-eabi/10.3.1/../../../../arm-none-eabi/lib/thumb/v7e-m/nofp\libg.a(lib_a-mprec.o)
                0x08010af0                _Balloc
 .text._Bfree   0x08010b3c       0x14 c:/progra~2/gnuarm~1/102021~1.10/bin/../lib/gcc/arm-none-eabi/10.3.1/../../../../arm-none-eabi/lib/thumb/v7e-m/nofp\libg.a(lib_a-mprec.o)
                0x08010b3c                _Bfree
 .text.__multadd
                0x08010b50       0xa0 c:/progra~2/gnuarm~1/102021~1.10/bin/../lib/gcc/arm-none-eabi/10.3.1/../../../../arm-none-eabi/lib/thumb/v7e-m/nofp\libg.a(lib_a-mprec.o)
                0x08010b50                __multadd
 .text.__hi0bits
                0x08010bf0       0x40 c:/progra~2/gnuarm~1/102021~1.10/bin/../lib/gcc/arm-none-eabi/10.3.1/../../../../arm-none-eabi/lib/thumb/v7e-m/nofp\libg.a(lib_a-mprec.o)
                0x08010bf0                __hi0bits
 .text.__lo0bits
                0x08010c30       0x5c c:/progra~2/gnuarm~1/102021~1.10/bin/../lib/gcc/arm-none-eabi/10.3.1/../../../../arm-none-eabi/lib/thumb/v7e-m/nofp\libg.a(lib_a-mprec.o)
                0x08010c30                __lo0bits
 .text.__i2b    0x08010c8c       0x5c c:/progra~2/gnuarm~1/102021~1.10/bin/../lib/gcc/arm-none-eabi/10.3.1/../../../../arm-none-eabi/lib/thumb/v7e-m/nofp\libg.a(lib_a-mprec.o)
                0x08010c8c                __i2b
 .text.__multiply
                0x08010ce8      0x15c c:/progra~2/gnuarm~1/102021~1.10/bin/../lib/gcc/arm-none-eabi/10.3.1/../../../../arm-none-eabi/lib/thumb/v7e-m/nofp\libg.a(lib_a-mprec.o)
                0x08010ce8                __multiply
 .text.__pow5mult
                0x08010e44       0xc0 c:/progra~2/gnuarm~1/102021~1.10/bin/../lib/gcc/arm-none-eabi/10.3.1/../../../../arm-none-eabi/lib/thumb/v7e-m/nofp\libg.a(lib_a-mprec.o)
                0x08010e44                __pow5mult
 .text.__lshift
                0x08010f04       0xf0 c:/progra~2/gnuarm~1/102021~1.10/bin/../lib/gcc/arm-none-eabi/10.3.1/../../../../arm-none-eabi/lib/thumb/v7e-m/nofp\libg.a(lib_a-mprec.o)
                0x08010f04                __lshift
 .text.__mcmp   0x08010ff4       0x40 c:/progra~2/gnuarm~1/102021~1.10/bin/../lib/gcc/arm-none-eabi/10.3.1/../../../../arm-none-eabi/lib/thumb/v7e-m/nofp\libg.a(lib_a-mprec.o)
                0x08010ff4                __mcmp
 .text.__mdiff  0x08011034      0x14c c:/progra~2/gnuarm~1/102021~1.10/bin/../lib/gcc/arm-none-eabi/10.3.1/../../../../arm-none-eabi/lib/thumb/v7e-m/nofp\libg.a(lib_a-mprec.o)
                0x08011034                __mdiff
 .text.__d2b    0x08011180       0xc4 c:/progra~2/gnuarm~1/102021~1.10/bin/../lib/gcc/arm-none-eabi/10.3.1/../../../../arm-none-eabi/lib/thumb/v7e-m/nofp\libg.a(lib_a-mprec.o)
                0x08011180                __d2b
 .text._putc_r  0x08011244       0x74 c:/progra~2/gnuarm~1/102021~1.10/bin/../lib/gcc/arm-none-eabi/10.3.1/../../../../arm-none-eabi/lib/thumb/v7e-m/nofp\libg.a(lib_a-putc.o)
                0x08011244                _putc_r
 .text._realloc_r
                0x080112b8      0x3d8 c:/progra~2/gnuarm~1/102021~1.10/bin/../lib/gcc/arm-none-eabi/10.3.1/../../../../arm-none-eabi/lib/thumb/v7e-m/nofp\libg.a(lib_a-reallocr.o)
                0x080112b8                _realloc_r
 .text.frexp    0x08011690       0x70 c:/progra~2/gnuarm~1/102021~1.10/bin/../lib/gcc/arm-none-eabi/10.3.1/../../../../arm-none-eabi/lib/thumb/v7e-m/nofp\libg.a(lib_a-s_frexp.o)
                0x08011690                frexp
 .text.__sread  0x08011700       0x24 c:/progra~2/gnuarm~1/102021~1.10/bin/../lib/gcc/arm-none-eabi/10.3.1/../../../../arm-none-eabi/lib/thumb/v7e-m/nofp\libg.a(lib_a-stdio.o)
                0x08011700                __sread
 .text.__swrite
                0x08011724       0x40 c:/progra~2/gnuarm~1/102021~1.10/bin/../lib/gcc/arm-none-eabi/10.3.1/../../../../arm-none-eabi/lib/thumb/v7e-m/nofp\libg.a(lib_a-stdio.o)
                0x08011724                __swrite
 .text.__sseek  0x08011764       0x20 c:/progra~2/gnuarm~1/102021~1.10/bin/../lib/gcc/arm-none-eabi/10.3.1/../../../../arm-none-eabi/lib/thumb/v7e-m/nofp\libg.a(lib_a-stdio.o)
                0x08011764                __sseek
 .text.__sclose
                0x08011784        0x8 c:/progra~2/gnuarm~1/102021~1.10/bin/../lib/gcc/arm-none-eabi/10.3.1/../../../../arm-none-eabi/lib/thumb/v7e-m/nofp\libg.a(lib_a-stdio.o)
                0x08011784                __sclose
 .text.strncpy  0x0801178c       0x64 c:/progra~2/gnuarm~1/102021~1.10/bin/../lib/gcc/arm-none-eabi/10.3.1/../../../../arm-none-eabi/lib/thumb/v7e-m/nofp\libg.a(lib_a-strncpy.o)
                0x0801178c                strncpy
 .text.__ssprint_r
                0x080117f0       0xf8 c:/progra~2/gnuarm~1/102021~1.10/bin/../lib/gcc/arm-none-eabi/10.3.1/../../../../arm-none-eabi/lib/thumb/v7e-m/nofp\libg.a(lib_a-svfiprintf.o)
                0x080117f0                __ssprint_r
 .text.__sprint_r.part.0
                0x080118e8       0x78 c:/progra~2/gnuarm~1/102021~1.10/bin/../lib/gcc/arm-none-eabi/10.3.1/../../../../arm-none-eabi/lib/thumb/v7e-m/nofp\libg.a(lib_a-vfiprintf.o)
 .text.__sprint_r
                0x08011960       0x14 c:/progra~2/gnuarm~1/102021~1.10/bin/../lib/gcc/arm-none-eabi/10.3.1/../../../../arm-none-eabi/lib/thumb/v7e-m/nofp\libg.a(lib_a-vfiprintf.o)
                0x08011960                __sprint_r
 .text._vfiprintf_r
                0x08011974      0xda0 c:/progra~2/gnuarm~1/102021~1.10/bin/../lib/gcc/arm-none-eabi/10.3.1/../../../../arm-none-eabi/lib/thumb/v7e-m/nofp\libg.a(lib_a-vfiprintf.o)
                0x08011974                _vfiprintf_r
 .text.__sbprintf
                0x08012714       0x80 c:/progra~2/gnuarm~1/102021~1.10/bin/../lib/gcc/arm-none-eabi/10.3.1/../../../../arm-none-eabi/lib/thumb/v7e-m/nofp\libg.a(lib_a-vfiprintf.o)
 .text.__swbuf_r
                0x08012794       0xb0 c:/progra~2/gnuarm~1/102021~1.10/bin/../lib/gcc/arm-none-eabi/10.3.1/../../../../arm-none-eabi/lib/thumb/v7e-m/nofp\libg.a(lib_a-wbuf.o)
                0x08012794                __swbuf_r
 .text._write_r
                0x08012844       0x2c c:/progra~2/gnuarm~1/102021~1.10/bin/../lib/gcc/arm-none-eabi/10.3.1/../../../../arm-none-eabi/lib/thumb/v7e-m/nofp\libg.a(lib_a-writer.o)
                0x08012844                _write_r
 .text.__register_exitproc
                0x08012870       0x8c c:/progra~2/gnuarm~1/102021~1.10/bin/../lib/gcc/arm-none-eabi/10.3.1/../../../../arm-none-eabi/lib/thumb/v7e-m/nofp\libg.a(lib_a-__atexit.o)
                0x08012870                __register_exitproc
 .text.__assert_func
                0x080128fc       0x40 c:/progra~2/gnuarm~1/102021~1.10/bin/../lib/gcc/arm-none-eabi/10.3.1/../../../../arm-none-eabi/lib/thumb/v7e-m/nofp\libg.a(lib_a-assert.o)
                0x080128fc                __assert_func
 .text._calloc_r
                0x0801293c       0x78 c:/progra~2/gnuarm~1/102021~1.10/bin/../lib/gcc/arm-none-eabi/10.3.1/../../../../arm-none-eabi/lib/thumb/v7e-m/nofp\libg.a(lib_a-callocr.o)
                0x0801293c                _calloc_r
 .text._close_r
                0x080129b4       0x24 c:/progra~2/gnuarm~1/102021~1.10/bin/../lib/gcc/arm-none-eabi/10.3.1/../../../../arm-none-eabi/lib/thumb/v7e-m/nofp\libg.a(lib_a-closer.o)
                0x080129b4                _close_r
 .text._fclose_r
                0x080129d8       0xcc c:/progra~2/gnuarm~1/102021~1.10/bin/../lib/gcc/arm-none-eabi/10.3.1/../../../../arm-none-eabi/lib/thumb/v7e-m/nofp\libg.a(lib_a-fclose.o)
                0x080129d8                _fclose_r
 .text.fiprintf
                0x08012aa4       0x28 c:/progra~2/gnuarm~1/102021~1.10/bin/../lib/gcc/arm-none-eabi/10.3.1/../../../../arm-none-eabi/lib/thumb/v7e-m/nofp\libg.a(lib_a-fiprintf.o)
                0x08012aa4                fiprintf
 .text.__fputwc
                0x08012acc       0xa8 c:/progra~2/gnuarm~1/102021~1.10/bin/../lib/gcc/arm-none-eabi/10.3.1/../../../../arm-none-eabi/lib/thumb/v7e-m/nofp\libg.a(lib_a-fputwc.o)
                0x08012acc                __fputwc
 .text._fputwc_r
                0x08012b74       0x68 c:/progra~2/gnuarm~1/102021~1.10/bin/../lib/gcc/arm-none-eabi/10.3.1/../../../../arm-none-eabi/lib/thumb/v7e-m/nofp\libg.a(lib_a-fputwc.o)
                0x08012b74                _fputwc_r
 .text._fstat_r
                0x08012bdc       0x2c c:/progra~2/gnuarm~1/102021~1.10/bin/../lib/gcc/arm-none-eabi/10.3.1/../../../../arm-none-eabi/lib/thumb/v7e-m/nofp\libg.a(lib_a-fstatr.o)
                0x08012bdc                _fstat_r
 .text._isatty_r
                0x08012c08       0x24 c:/progra~2/gnuarm~1/102021~1.10/bin/../lib/gcc/arm-none-eabi/10.3.1/../../../../arm-none-eabi/lib/thumb/v7e-m/nofp\libg.a(lib_a-isattyr.o)
                0x08012c08                _isatty_r
 .text.__locale_mb_cur_max
                0x08012c2c        0xc c:/progra~2/gnuarm~1/102021~1.10/bin/../lib/gcc/arm-none-eabi/10.3.1/../../../../arm-none-eabi/lib/thumb/v7e-m/nofp\libg.a(lib_a-locale.o)
                0x08012c2c                __locale_mb_cur_max
 .text._lseek_r
                0x08012c38       0x2c c:/progra~2/gnuarm~1/102021~1.10/bin/../lib/gcc/arm-none-eabi/10.3.1/../../../../arm-none-eabi/lib/thumb/v7e-m/nofp\libg.a(lib_a-lseekr.o)
                0x08012c38                _lseek_r
 .text.__ascii_mbtowc
                0x08012c64       0x2c c:/progra~2/gnuarm~1/102021~1.10/bin/../lib/gcc/arm-none-eabi/10.3.1/../../../../arm-none-eabi/lib/thumb/v7e-m/nofp\libg.a(lib_a-mbtowc_r.o)
                0x08012c64                __ascii_mbtowc
 .text._read_r  0x08012c90       0x2c c:/progra~2/gnuarm~1/102021~1.10/bin/../lib/gcc/arm-none-eabi/10.3.1/../../../../arm-none-eabi/lib/thumb/v7e-m/nofp\libg.a(lib_a-readr.o)
                0x08012c90                _read_r
 .text._wcrtomb_r
                0x08012cbc       0x3c c:/progra~2/gnuarm~1/102021~1.10/bin/../lib/gcc/arm-none-eabi/10.3.1/../../../../arm-none-eabi/lib/thumb/v7e-m/nofp\libg.a(lib_a-wcrtomb.o)
                0x08012cbc                _wcrtomb_r
 .text.__ascii_wctomb
                0x08012cf8       0x1c c:/progra~2/gnuarm~1/102021~1.10/bin/../lib/gcc/arm-none-eabi/10.3.1/../../../../arm-none-eabi/lib/thumb/v7e-m/nofp\libg.a(lib_a-wctomb_r.o)
                0x08012cf8                __ascii_wctomb
 .text.abort    0x08012d14       0x10 c:/progra~2/gnuarm~1/102021~1.10/bin/../lib/gcc/arm-none-eabi/10.3.1/../../../../arm-none-eabi/lib/thumb/v7e-m/nofp\libg.a(lib_a-abort.o)
                0x08012d14                abort
 .text.raise    0x08012d24       0x5c c:/progra~2/gnuarm~1/102021~1.10/bin/../lib/gcc/arm-none-eabi/10.3.1/../../../../arm-none-eabi/lib/thumb/v7e-m/nofp\libg.a(lib_a-signal.o)
                0x08012d24                raise
 .text._kill_r  0x08012d80       0x2c c:/progra~2/gnuarm~1/102021~1.10/bin/../lib/gcc/arm-none-eabi/10.3.1/../../../../arm-none-eabi/lib/thumb/v7e-m/nofp\libg.a(lib_a-signalr.o)
                0x08012d80                _kill_r
 .text._getpid_r
                0x08012dac        0x4 c:/progra~2/gnuarm~1/102021~1.10/bin/../lib/gcc/arm-none-eabi/10.3.1/../../../../arm-none-eabi/lib/thumb/v7e-m/nofp\libg.a(lib_a-signalr.o)
                0x08012dac                _getpid_r
 .text.asin     0x08012db0       0x50 c:/progra~2/gnuarm~1/102021~1.10/bin/../lib/gcc/arm-none-eabi/10.3.1/../../../../arm-none-eabi/lib/thumb/v7e-m/nofp\libm.a(lib_a-w_asin.o)
                0x08012db0                asin
 .text.atan2    0x08012e00        0x4 c:/progra~2/gnuarm~1/102021~1.10/bin/../lib/gcc/arm-none-eabi/10.3.1/../../../../arm-none-eabi/lib/thumb/v7e-m/nofp\libm.a(lib_a-w_atan2.o)