Archive member included to satisfy reference by file (symbol)

D:/Project/20230725_diansai/TTS_Robot/Core/Bsp/Frame/TTS/TTS_Core.a(system.o)
                              CMakeFiles/TTS_Robot.elf.dir/Core/User/User.c.obj (TTS_TaskInit)
D:/Project/20230725_diansai/TTS_Robot/Core/Bsp/Frame/TTS/TTS_Timer.a(tts_timer.o)
                              CMakeFiles/TTS_Robot.elf.dir/Core/User/User.c.obj (TTS_TimerInit)
D:/Project/20230725_diansai/TTS_Robot/Core/Bsp/Frame/TTS/TTS_Queue.a(tts_queue.o)
                              CMakeFiles/TTS_Robot.elf.dir/Core/Bsp/Communication_Class/bsp_usart.c.obj (TTS_QueueDataIn)
D:/Project/20230725_diansai/TTS_Robot/Core/Bsp/Frame/TTS_Ex/TTS_Ex_Pin.a(tts_pin_out.o)
                              CMakeFiles/TTS_Robot.elf.dir/Core/Bsp/Show_Class/bsp_pin.c.obj (TTS_Pin_TaskCreate)
D:/Project/20230725_diansai/TTS_Robot/Core/Bsp/Frame/TTS_Ex/TTS_Ex_Button.a(tts_button.o)
                              CMakeFiles/TTS_Robot.elf.dir/Core/Bsp/Control_Class/bsp_button.c.obj (Button_LongPressInterval)
D:/Project/20230725_diansai/TTS_Robot/Core/Bsp/Frame/TTS_Ex/TTS_Ex_Spcp.a(tts_spcp.o)
                              CMakeFiles/TTS_Robot.elf.dir/Core/User/User.c.obj (Spcp_Creation)
c:/progra~2/gnuarm~1/102021~1.10/bin/../lib/gcc/arm-none-eabi/10.3.1/thumb/v7e-m/nofp\libgcc.a(_arm_muldf3.o)
                              CMakeFiles/TTS_Robot.elf.dir/Core/Bsp/Control_Class/bsp_motor.c.obj (__aeabi_dmul)
c:/progra~2/gnuarm~1/102021~1.10/bin/../lib/gcc/arm-none-eabi/10.3.1/thumb/v7e-m/nofp\libgcc.a(_arm_mulsf3.o)
                              CMakeFiles/TTS_Robot.elf.dir/Core/App/pid/bsp_pid.c.obj (__aeabi_fmul)
c:/progra~2/gnuarm~1/102021~1.10/bin/../lib/gcc/arm-none-eabi/10.3.1/thumb/v7e-m/nofp\libgcc.a(_arm_addsubdf3.o)
                              CMakeFiles/TTS_Robot.elf.dir/Core/User/User.c.obj (__aeabi_dsub)
c:/progra~2/gnuarm~1/102021~1.10/bin/../lib/gcc/arm-none-eabi/10.3.1/thumb/v7e-m/nofp\libgcc.a(_arm_muldivdf3.o)
                              CMakeFiles/TTS_Robot.elf.dir/Core/Bsp/Control_Class/bsp_motor.c.obj (__aeabi_ddiv)
c:/progra~2/gnuarm~1/102021~1.10/bin/../lib/gcc/arm-none-eabi/10.3.1/thumb/v7e-m/nofp\libgcc.a(_arm_cmpdf2.o)
                              CMakeFiles/TTS_Robot.elf.dir/Core/App/pid/bsp_pid.c.obj (__aeabi_dcmplt)
c:/progra~2/gnuarm~1/102021~1.10/bin/../lib/gcc/arm-none-eabi/10.3.1/thumb/v7e-m/nofp\libgcc.a(_arm_fixdfsi.o)
                              CMakeFiles/TTS_Robot.elf.dir/Core/Bsp/Control_Class/bsp_motor.c.obj (__aeabi_d2iz)
c:/progra~2/gnuarm~1/102021~1.10/bin/../lib/gcc/arm-none-eabi/10.3.1/thumb/v7e-m/nofp\libgcc.a(_arm_truncdfsf2.o)
                              CMakeFiles/TTS_Robot.elf.dir/Core/Bsp/Control_Class/bsp_motor.c.obj (__aeabi_d2f)
c:/progra~2/gnuarm~1/102021~1.10/bin/../lib/gcc/arm-none-eabi/10.3.1/thumb/v7e-m/nofp\libgcc.a(_arm_addsubsf3.o)
                              CMakeFiles/TTS_Robot.elf.dir/Core/App/pid/bsp_pid.c.obj (__aeabi_fsub)
c:/progra~2/gnuarm~1/102021~1.10/bin/../lib/gcc/arm-none-eabi/10.3.1/thumb/v7e-m/nofp\libgcc.a(_arm_muldivsf3.o)
                              CMakeFiles/TTS_Robot.elf.dir/Core/Bsp/Control_Class/bsp_motor.c.obj (__aeabi_fdiv)
c:/progra~2/gnuarm~1/102021~1.10/bin/../lib/gcc/arm-none-eabi/10.3.1/thumb/v7e-m/nofp\libgcc.a(_arm_cmpsf2.o)
                              CMakeFiles/TTS_Robot.elf.dir/Core/Bsp/MPU6050/inv_mpu.c.obj (__aeabi_fcmpeq)
c:/progra~2/gnuarm~1/102021~1.10/bin/../lib/gcc/arm-none-eabi/10.3.1/thumb/v7e-m/nofp\libgcc.a(_arm_fixsfsi.o)
                              CMakeFiles/TTS_Robot.elf.dir/Core/Bsp/Control_Class/bsp_motor.c.obj (__aeabi_f2iz)
c:/progra~2/gnuarm~1/102021~1.10/bin/../lib/gcc/arm-none-eabi/10.3.1/thumb/v7e-m/nofp\libgcc.a(_arm_fixunssfsi.o)
                              CMakeFiles/TTS_Robot.elf.dir/Core/Bsp/Control_Class/bsp_motor.c.obj (__aeabi_f2uiz)
c:/progra~2/gnuarm~1/102021~1.10/bin/../lib/gcc/arm-none-eabi/10.3.1/thumb/v7e-m/nofp\libgcc.a(_aeabi_ldivmod.o)
                              CMakeFiles/TTS_Robot.elf.dir/Core/Bsp/MPU6050/inv_mpu.c.obj (__aeabi_ldivmod)
c:/progra~2/gnuarm~1/102021~1.10/bin/../lib/gcc/arm-none-eabi/10.3.1/thumb/v7e-m/nofp\libgcc.a(_aeabi_uldivmod.o)
                              CMakeFiles/TTS_Robot.elf.dir/Drivers/STM32F4xx_HAL_Driver/Src/stm32f4xx_hal_rcc.c.obj (__aeabi_uldivmod)
c:/progra~2/gnuarm~1/102021~1.10/bin/../lib/gcc/arm-none-eabi/10.3.1/thumb/v7e-m/nofp\libgcc.a(_udivmoddi4.o)
                              c:/progra~2/gnuarm~1/102021~1.10/bin/../lib/gcc/arm-none-eabi/10.3.1/thumb/v7e-m/nofp\libgcc.a(_aeabi_ldivmod.o) (__udivmoddi4)
c:/progra~2/gnuarm~1/102021~1.10/bin/../lib/gcc/arm-none-eabi/10.3.1/thumb/v7e-m/nofp\libgcc.a(_dvmd_tls.o)
                              c:/progra~2/gnuarm~1/102021~1.10/bin/../lib/gcc/arm-none-eabi/10.3.1/thumb/v7e-m/nofp\libgcc.a(_aeabi_ldivmod.o) (__aeabi_ldiv0)
[...]
Memory Configuration

Name             Origin             Length             Attributes
CCMRAM           0x10000000         0x00010000         xrw
RAM              0x20000000         0x00020000         xrw
FLASH            0x08000000         0x00080000         xr
*default*        0x00000000         0xffffffff

Linker script and memory map

LOAD c:/progra~2/gnuarm~1/102021~1.10/bin/../lib/gcc/arm-none-eabi/10.3.1/thumb/v7e-m/nofp/crti.o
LOAD c:/progra~2/gnuarm~1/102021~1.10/bin/../lib/gcc/arm-none-eabi/10.3.1/thumb/v7e-m/nofp/crtbegin.o
LOAD c:/progra~2/gnuarm~1/102021~1.10/bin/../lib/gcc/arm-none-eabi/10.3.1/../../../../arm-none-eabi/lib/thumb/v7e-m/nofp/crt0.o
LOAD CMakeFiles/TTS_Robot.elf.dir/Core/App/pid/bsp_pid.c.obj
LOAD CMakeFiles/TTS_Robot.elf.dir/Core/Bsp/Communication_Class/bsp_usart.c.obj
LOAD CMakeFiles/TTS_Robot.elf.dir/Core/Bsp/Control_Class/bsp_button.c.obj
LOAD CMakeFiles/TTS_Robot.elf.dir/Core/Bsp/Control_Class/bsp_motor.c.obj
LOAD CMakeFiles/TTS_Robot.elf.dir/Core/Bsp/Frame/TTS/CPU.c.obj
LOAD CMakeFiles/TTS_Robot.elf.dir/Core/Bsp/Frame/TTS_Ex/tts_motor.c.obj
LOAD CMakeFiles/TTS_Robot.elf.dir/Core/Bsp/MPU6050/inv_mpu.c.obj
LOAD CMakeFiles/TTS_Robot.elf.dir/Core/Bsp/MPU6050/inv_mpu_dmp_motion_driver.c.obj
LOAD CMakeFiles/TTS_Robot.elf.dir/Core/Bsp/MPU6050/mpu6050.c.obj
LOAD CMakeFiles/TTS_Robot.elf.dir/Core/Bsp/Show_Class/bsp_pin.c.obj
LOAD CMakeFiles/TTS_Robot.elf.dir/Core/Src/dma.c.obj
LOAD CMakeFiles/TTS_Robot.elf.dir/Core/Src/gpio.c.obj
LOAD CMakeFiles/TTS_Robot.elf.dir/Core/Src/i2c.c.obj
LOAD CMakeFiles/TTS_Robot.elf.dir/Core/Src/main.c.obj
LOAD CMakeFiles/TTS_Robot.elf.dir/Core/Src/stm32f4xx_hal_msp.c.obj
LOAD CMakeFiles/TTS_Robot.elf.dir/Core/Src/stm32f4xx_it.c.obj
LOAD CMakeFiles/TTS_Robot.elf.dir/Core/Src/syscalls.c.obj
LOAD CMakeFiles/TTS_Robot.elf.dir/Core/Src/sysmem.c.obj
LOAD CMakeFiles/TTS_Robot.elf.dir/Core/Src/system_stm32f4xx.c.obj
LOAD CMakeFiles/TTS_Robot.elf.dir/Core/Src/tim.c.obj
LOAD CMakeFiles/TTS_Robot.elf.dir/Core/Src/usart.c.obj
LOAD CMakeFiles/TTS_Robot.elf.dir/Core/Startup/startup_stm32f407zetx.s.obj
LOAD CMakeFiles/TTS_Robot.elf.dir/Core/User/User.c.obj
LOAD CMakeFiles/TTS_Robot.elf.dir/Drivers/STM32F4xx_HAL_Driver/Src/stm32f4xx_hal.c.obj
LOAD CMakeFiles/TTS_Robot.elf.dir/Drivers/STM32F4xx_HAL_Driver/Src/stm32f4xx_hal_cortex.c.obj
LOAD CMakeFiles/TTS_Robot.elf.dir/Drivers/STM32F4xx_HAL_Driver/Src/stm32f4xx_hal_dma.c.obj
LOAD CMakeFiles/TTS_Robot.elf.dir/Drivers/STM32F4xx_HAL_Driver/Src/stm32f4xx_hal_dma_ex.c.obj
LOAD CMakeFiles/TTS_Robot.elf.dir/Drivers/STM32F4xx_HAL_Driver/Src/stm32f4xx_hal_exti.c.obj
LOAD CMakeFiles/TTS_Robot.elf.dir/Drivers/STM32F4xx_HAL_Driver/Src/stm32f4xx_hal_flash.c.obj
LOAD CMakeFiles/TTS_Robot.elf.dir/Drivers/STM32F4xx_HAL_Driver/Src/stm32f4xx_hal_flash_ex.c.obj
LOAD CMakeFiles/TTS_Robot.elf.dir/Drivers/STM32F4xx_HAL_Driver/Src/stm32f4xx_hal_flash_ramfunc.c.obj
LOAD CMakeFiles/TTS_Robot.elf.dir/Drivers/STM32F4xx_HAL_Driver/Src/stm32f4xx_hal_gpio.c.obj
LOAD CMakeFiles/TTS_Robot.elf.dir/Drivers/STM32F4xx_HAL_Driver/Src/stm32f4xx_hal_i2c.c.obj
LOAD CMakeFiles/TTS_Robot.elf.dir/Drivers/STM32F4xx_HAL_Driver/Src/stm32f4xx_hal_i2c_ex.c.obj
LOAD CMakeFiles/TTS_Robot.elf.dir/Drivers/STM32F4xx_HAL_Driver/Src/stm32f4xx_hal_pwr.c.obj
LOAD CMakeFiles/TTS_Robot.elf.dir/Drivers/STM32F4xx_HAL_Driver/Src/stm32f4xx_hal_pwr_ex.c.obj
LOAD CMakeFiles/TTS_Robot.elf.dir/Drivers/STM32F4xx_HAL_Driver/Src/stm32f4xx_hal_rcc.c.obj
LOAD CMakeFiles/TTS_Robot.elf.dir/Drivers/STM32F4xx_HAL_Driver/Src/stm32f4xx_hal_rcc_ex.c.obj
LOAD CMakeFiles/TTS_Robot.elf.dir/Drivers/STM32F4xx_HAL_Driver/Src/stm32f4xx_hal_tim.c.obj
LOAD CMakeFiles/TTS_Robot.elf.dir/Drivers/STM32F4xx_HAL_Driver/Src/stm32f4xx_hal_tim_ex.c.obj
LOAD CMakeFiles/TTS_Robot.elf.dir/Drivers/STM32F4xx_HAL_Driver/Src/stm32f4xx_hal_uart.c.obj
LOAD D:/Project/20230725_diansai/TTS_Robot/Core/Bsp/Frame/TTS/TTS_Core.a
LOAD D:/Project/20230725_diansai/TTS_Robot/Core/Bsp/Frame/TTS/TTS_Timer.a
LOAD D:/Project/20230725_diansai/TTS_Robot/Core/Bsp/Frame/TTS/TTS_Queue.a
LOAD D:/Project/20230725_diansai/TTS_Robot/Core/Bsp/Frame/TTS_Ex/TTS_Ex_Pin.a
LOAD D:/Project/20230725_diansai/TTS_Robot/Core/Bsp/Frame/TTS_Ex/TTS_Ex_Button.a
LOAD D:/Project/20230725_diansai/TTS_Robot/Core/Bsp/Frame/TTS_Ex/TTS_Ex_Spcp.a
START GROUP
LOAD c:/progra~2/gnuarm~1/102021~1.10/bin/../lib/gcc/arm-none-eabi/10.3.1/thumb/v7e-m/nofp\libgcc.a
LOAD c:/progra~2/gnuarm~1/102021~1.10/bin/../lib/gcc/arm-none-eabi/10.3.1/../../../../arm-none-eabi/lib/thumb/v7e-m/nofp\libg.a
LOAD c:/progra~2/gnuarm~1/102021~1.10/bin/../lib/gcc/arm-none-eabi/10.3.1/../../../../arm-none-eabi/lib/thumb/v7e-m/nofp\libc.a
END GROUP
LOAD c:/progra~2/gnuarm~1/102021~1.10/bin/../lib/gcc/arm-none-eabi/10.3.1/thumb/v7e-m/nofp/crtend.o
LOAD c:/progra~2/gnuarm~1/102021~1.10/bin/../lib/gcc/arm-none-eabi/10.3.1/thumb/v7e-m/nofp/crtn.o
                0x20020000                _estack = (ORIGIN (RAM) + LENGTH (RAM))
                0x00000200                _Min_Heap_Size = 0x200
                0x00000400                _Min_Stack_Size = 0x400

.isr_vector     0x08000000      0x188
                0x08000000                . = ALIGN (0x4)
 *(.isr_vector)
 .isr_vector    0x08000000      0x188 CMakeFiles/TTS_Robot.elf.dir/Core/Startup/startup_stm32f407zetx.s.obj
                0x08000000                g_pfnVectors
                0x08000188                . = ALIGN (0x4)

.text           0x080001c0    0x13860
                0x080001c0                . = ALIGN (0x4)
 *(.text)
 .text          0x080001c0       0x40 c:/progra~2/gnuarm~1/102021~1.10/bin/../lib/gcc/arm-none-eabi/10.3.1/thumb/v7e-m/nofp/crtbegin.o
 .text          0x08000200      0x32c D:/Project/20230725_diansai/TTS_Robot/Core/Bsp/Frame/TTS/TTS_Core.a(system.o)
                0x08000200                TTS_TaskInit
                0x0800025c                TTS_TaskCreation
                0x0800029c                TSS_SysTickHandler
                0x080002f8                TTS_Start
                0x08000348                TTS_IdleTaskCreation
                0x080003b8                TTS_CurrentTask_WritePeriod
                0x080003f0                TTS_Task_WritePeriod
                0x08000408                TTS_Task_ReadPeriod
                0x08000418                TTS_Task_ReadTimer
                0x08000428                TTS_CurrentTask_ReadPeriod
                0x0800043c                TTS_CurrentTask_ReadTimer
                0x08000450                TTS_SetStatus
                0x08000464                TTS_TaskGetUp
                0x080004a0                TTS_TaskGetSleep
                0x080004dc                Delay_ms
                0x080004f0                CPU_Delay
                0x08000518                TTS_CPUInterruptCBSRegister
 .text          0x0800052c      0x1e4 D:/Project/20230725_diansai/TTS_Robot/Core/Bsp/Frame/TTS/TTS_Timer.a(tts_timer.o)
                0x0800052c                TTS_TimerInit
                0x08000564                TTS_TimerCreation
                0x08000594                TTS_Timer_WritePeriod
                0x080005c0                TTS_Timer_ReadPeriod
                0x080005d8                TTS_CtrlTimerAction
                0x080005fc                TTS_DeleteTimer
                0x08000624                TTS_ResetTimer
                0x0800064c                TTS_TimerHandle
                0x080006c8                TTS_Timer_SetCount
                0x080006e0                TTS_CurrentTimeHandle
 .text          0x08000710      0x418 D:/Project/20230725_diansai/TTS_Robot/Core/Bsp/Frame/TTS/TTS_Queue.a(tts_queue.o)
                0x08000710                TTS_QueueEmpty
                0x08000716                TTS_QueueDataIn
                0x08000798                TTS_QueueDataOut
                0x08000824                TTS_QueueDataLen
                0x08000840                TTSQueue_USize
                0x08000860                TTSQueue_ReadByte
                0x080008b0                TTSQueue_ViewHeadBit
                0x080008c8                TTSQueue_ViewTailBit
                0x080008e4                TTSQueue_SendConfig
                0x080008f0                TTSQueue_SendCallback
                0x08000964                TTSQueue_SendByte
                0x080009d8                TTSQueue_Send
                0x08000a6c                TTSQueue_Send_IT
                0x08000ae0                TTS_QueueInit
 .text          0x08000b28       0xdc D:/Project/20230725_diansai/TTS_Robot/Core/Bsp/Frame/TTS_Ex/TTS_Ex_Pin.a(tts_pin_out.o)
                0x08000b28                TTS_Pin_TaskCreate
                0x08000b88                TTS_Pin_Init
                0x08000b98                TTS_PinProc
 .text          0x08000c04      0x23c D:/Project/20230725_diansai/TTS_Robot/Core/Bsp/Frame/TTS_Ex/TTS_Ex_Button.a(tts_button.o)
                0x08000c28                Button_ScanCBSRegister
                0x08000c34                Button_LongPressInterval
                0x08000c40                Button_RestoreDefault
                0x08000c90                TTS_ButtonProc
                0x08000e04                Button_Init
 .text          0x08000e40      0x738 D:/Project/20230725_diansai/TTS_Robot/Core/Bsp/Frame/TTS_Ex/TTS_Ex_Spcp.a(tts_spcp.o)
                0x08000e40                Spcp_Creation
                0x08000e5c                Spcp_Free
                0x08000e6e                Spcp_SetCallback
                0x08000e78                Spcp_SetData
                0x08000eac                Spcp_SetCheck
                0x08000ef0                TTS_SpcpProc
                0x080013d8                TTS_SpcpSend
 .text          0x08001578      0x378 c:/progra~2/gnuarm~1/102021~1.10/bin/../lib/gcc/arm-none-eabi/10.3.1/thumb/v7e-m/nofp\libgcc.a(_arm_addsubdf3.o)
                0x08001578                __aeabi_drsub
                0x08001580                __aeabi_dsub
                0x08001580                __subdf3
                0x08001584                __aeabi_dadd
                0x08001584                __adddf3
                0x080017fc                __floatunsidf
                0x080017fc                __aeabi_ui2d
                0x0800181c                __floatsidf
                0x0800181c                __aeabi_i2d
                0x08001840                __aeabi_f2d
                0x08001840                __extendsfdf2
                0x08001884                __floatundidf
                0x08001884                __aeabi_ul2d
                0x08001894                __floatdidf
                0x08001894                __aeabi_l2d
 .text          0x080018f0      0x424 c:/progra~2/gnuarm~1/102021~1.10/bin/../lib/gcc/arm-none-eabi/10.3.1/thumb/v7e-m/nofp\libgcc.a(_arm_muldivdf3.o)
                0x080018f0                __aeabi_dmul
                0x080018f0                __muldf3
                0x08001b44                __divdf3
                0x08001b44                __aeabi_ddiv
 .text          0x08001d14      0x110 c:/progra~2/gnuarm~1/102021~1.10/bin/../lib/gcc/arm-none-eabi/10.3.1/thumb/v7e-m/nofp\libgcc.a(_arm_cmpdf2.o)
                0x08001d14                __gtdf2
                0x08001d14                __gedf2
                0x08001d1c                __ltdf2
                0x08001d1c                __ledf2
                0x08001d24                __nedf2
                0x08001d24                __eqdf2
                0x08001d24                __cmpdf2
                0x08001da0                __aeabi_cdrcmple
                0x08001db0                __aeabi_cdcmpeq
                0x08001db0                __aeabi_cdcmple
                0x08001dc0                __aeabi_dcmpeq
                0x08001dd4                __aeabi_dcmplt
                0x08001de8                __aeabi_dcmple
                0x08001dfc                __aeabi_dcmpge
                0x08001e10                __aeabi_dcmpgt
 .text          0x08001e24       0x50 c:/progra~2/gnuarm~1/102021~1.10/bin/../lib/gcc/arm-none-eabi/10.3.1/thumb/v7e-m/nofp\libgcc.a(_arm_fixdfsi.o)
                0x08001e24                __aeabi_d2iz
                0x08001e24                __fixdfsi
 .text          0x08001e74       0xa0 c:/progra~2/gnuarm~1/102021~1.10/bin/../lib/gcc/arm-none-eabi/10.3.1/thumb/v7e-m/nofp\libgcc.a(_arm_truncdfsf2.o)
                0x08001e74                __truncdfsf2
                0x08001e74                __aeabi_d2f
 .text          0x08001f14      0x21c c:/progra~2/gnuarm~1/102021~1.10/bin/../lib/gcc/arm-none-eabi/10.3.1/thumb/v7e-m/nofp\libgcc.a(_arm_addsubsf3.o)
                0x08001f14                __aeabi_frsub
                0x08001f1c                __subsf3
                0x08001f1c                __aeabi_fsub
                0x08001f20                __aeabi_fadd
                0x08001f20                __addsf3
                0x08002080                __aeabi_ui2f
                0x08002080                __floatunsisf
                0x08002088                __aeabi_i2f
                0x08002088                __floatsisf
                0x080020a4                __aeabi_ul2f
                0x080020a4                __floatundisf
                0x080020b4                __aeabi_l2f
                0x080020b4                __floatdisf
 .text          0x08002130      0x2a0 c:/progra~2/gnuarm~1/102021~1.10/bin/../lib/gcc/arm-none-eabi/10.3.1/thumb/v7e-m/nofp\libgcc.a(_arm_muldivsf3.o)
                0x08002130                __mulsf3
                0x08002130                __aeabi_fmul
                0x08002298                __aeabi_fdiv
                0x08002298                __divsf3
 .text          0x080023d0       0xec c:/progra~2/gnuarm~1/102021~1.10/bin/../lib/gcc/arm-none-eabi/10.3.1/thumb/v7e-m/nofp\libgcc.a(_arm_cmpsf2.o)
                0x080023d0                __gesf2
                0x080023d0                __gtsf2
                0x080023d8                __lesf2
                0x080023d8                __ltsf2
                0x080023e0                __nesf2
                0x080023e0                __eqsf2
                0x080023e0                __cmpsf2
                0x08002440                __aeabi_cfrcmple
                0x08002448                __aeabi_cfcmpeq
                0x08002448                __aeabi_cfcmple
                0x08002458                __aeabi_fcmpeq
                0x0800246c                __aeabi_fcmplt
                0x08002480                __aeabi_fcmple
                0x08002494                __aeabi_fcmpge
                0x080024a8                __aeabi_fcmpgt
 .text          0x080024bc       0x4c c:/progra~2/gnuarm~1/102021~1.10/bin/../lib/gcc/arm-none-eabi/10.3.1/thumb/v7e-m/nofp\libgcc.a(_arm_fixsfsi.o)
                0x080024bc                __aeabi_f2iz
                0x080024bc                __fixsfsi
 .text          0x08002508       0x40 c:/progra~2/gnuarm~1/102021~1.10/bin/../lib/gcc/arm-none-eabi/10.3.1/thumb/v7e-m/nofp\libgcc.a(_arm_fixunssfsi.o)
                0x08002508                __fixunssfsi
                0x08002508                __aeabi_f2uiz
 .text          0x08002548       0xa0 c:/progra~2/gnuarm~1/102021~1.10/bin/../lib/gcc/arm-none-eabi/10.3.1/thumb/v7e-m/nofp\libgcc.a(_aeabi_ldivmod.o)
                0x08002548                __aeabi_ldivmod
 .text          0x080025e8       0x30 c:/progra~2/gnuarm~1/102021~1.10/bin/../lib/gcc/arm-none-eabi/10.3.1/thumb/v7e-m/nofp\libgcc.a(_aeabi_uldivmod.o)
                0x080025e8                __aeabi_uldivmod
 .text          0x08002618      0x2d0 c:/progra~2/gnuarm~1/102021~1.10/bin/../lib/gcc/arm-none-eabi/10.3.1/thumb/v7e-m/nofp\libgcc.a(_udivmoddi4.o)
                0x08002618                __udivmoddi4
 .text          0x080028e8        0x4 c:/progra~2/gnuarm~1/102021~1.10/bin/../lib/gcc/arm-none-eabi/10.3.1/thumb/v7e-m/nofp\libgcc.a(_dvmd_tls.o)
                0x080028e8                __aeabi_idiv0
                0x080028e8                __aeabi_ldiv0
 *fill*         0x080028ec       0x14 
 .text          0x08002900       0xdc c:/progra~2/gnuarm~1/102021~1.10/bin/../lib/gcc/arm-none-eabi/10.3.1/../../../../arm-none-eabi/lib/thumb/v7e-m/nofp\libg.a(lib_a-strlen.o)
                0x08002900                strlen
 *fill*         0x080029dc        0x4 
 .text          0x080029e0       0xa0 c:/progra~2/gnuarm~1/102021~1.10/bin/../lib/gcc/arm-none-eabi/10.3.1/../../../../arm-none-eabi/lib/thumb/v7e-m/nofp\libg.a(lib_a-memchr.o)
                0x080029e0                memchr
 .text          0x08002a80      0x134 c:/progra~2/gnuarm~1/102021~1.10/bin/../lib/gcc/arm-none-eabi/10.3.1/../../../../arm-none-eabi/lib/thumb/v7e-m/nofp\libg.a(lib_a-memcpy.o)
                0x08002a80                memcpy
 .text          0x08002bb4       0x2c c:/progra~2/gnuarm~1/102021~1.10/bin/../lib/gcc/arm-none-eabi/10.3.1/thumb/v7e-m/nofp\libgcc.a(_arm_unorddf2.o)
                0x08002bb4                __unorddf2
                0x08002bb4                __aeabi_dcmpun
 *(.text*)
 .text.pid_init
                0x08002be0       0x20 CMakeFiles/TTS_Robot.elf.dir/Core/App/pid/bsp_pid.c.obj
                0x08002be0                pid_init
 .text.pid_realize
                0x08002c00       0x5c CMakeFiles/TTS_Robot.elf.dir/Core/App/pid/bsp_pid.c.obj
                0x08002c00                pid_realize
 .text.pid_location_ead
                0x08002c5c       0x2c CMakeFiles/TTS_Robot.elf.dir/Core/App/pid/bsp_pid.c.obj
                0x08002c5c                pid_location_ead
 .text.pid_speed_ead
                0x08002c88       0x50 CMakeFiles/TTS_Robot.elf.dir/Core/App/pid/bsp_pid.c.obj
                0x08002c88                pid_speed_ead
 .text.pid_NULL
                0x08002cd8        0x2 CMakeFiles/TTS_Robot.elf.dir/Core/App/pid/bsp_pid.c.obj
                0x08002cd8                pid_NULL
 *fill*         0x08002cda        0x2 
 .text.UARTx_Send_Data
                0x08002cdc       0x78 CMakeFiles/TTS_Robot.elf.dir/Core/Bsp/Communication_Class/bsp_usart.c.obj
 .text.UART_Config
                0x08002d54       0xc8 CMakeFiles/TTS_Robot.elf.dir/Core/Bsp/Communication_Class/bsp_usart.c.obj
                0x08002d54                UART_Config
 .text.HAL_UARTEx_RxEventCallback
                0x08002e1c      0x108 CMakeFiles/TTS_Robot.elf.dir/Core/Bsp/Communication_Class/bsp_usart.c.obj
                0x08002e1c                HAL_UARTEx_RxEventCallback
 .text.HAL_UART_RxCpltCallback
                0x08002f24        0x8 CMakeFiles/TTS_Robot.elf.dir/Core/Bsp/Communication_Class/bsp_usart.c.obj
                0x08002f24                HAL_UART_RxCpltCallback
 .text.HAL_UART_TxCpltCallback
                0x08002f2c       0x4c CMakeFiles/TTS_Robot.elf.dir/Core/Bsp/Communication_Class/bsp_usart.c.obj
                0x08002f2c                HAL_UART_TxCpltCallback
 .text._write   0x08002f78       0x10 CMakeFiles/TTS_Robot.elf.dir/Core/Bsp/Communication_Class/bsp_usart.c.obj
                0x08002f78                _write
 .text.GPIO_Read
                0x08002f88       0x4c CMakeFiles/TTS_Robot.elf.dir/Core/Bsp/Control_Class/bsp_button.c.obj
                0x08002f88                GPIO_Read
 .text.TTS_ButtonInit
                0x08002fd4       0x38 CMakeFiles/TTS_Robot.elf.dir/Core/Bsp/Control_Class/bsp_button.c.obj
                0x08002fd4                TTS_ButtonInit
 .text.MotorSpeed
                0x0800300c       0x9c CMakeFiles/TTS_Robot.elf.dir/Core/Bsp/Control_Class/bsp_motor.c.obj
                0x0800300c                MotorSpeed
 .text.MotorStart
                0x080030a8       0x28 CMakeFiles/TTS_Robot.elf.dir/Core/Bsp/Control_Class/bsp_motor.c.obj
                0x080030a8                MotorStart
 .text.MotorStop
                0x080030d0       0x5c CMakeFiles/TTS_Robot.elf.dir/Core/Bsp/Control_Class/bsp_motor.c.obj
                0x080030d0                MotorStop
 .text.Motor_Init
                0x0800312c      0x150 CMakeFiles/TTS_Robot.elf.dir/Core/Bsp/Control_Class/bsp_motor.c.obj
                0x0800312c                Motor_Init
 *fill*         0x0800327c        0x4 
 .text.Motor_SpeedControl
                0x08003280       0xd0 CMakeFiles/TTS_Robot.elf.dir/Core/Bsp/Control_Class/bsp_motor.c.obj
                0x08003280                Motor_SpeedControl
 .text.Motor_LocationControl
                0x08003350       0x4c CMakeFiles/TTS_Robot.elf.dir/Core/Bsp/Control_Class/bsp_motor.c.obj
                0x08003350                Motor_LocationControl
 *fill*         0x0800339c        0x4 
 .text.MotorHandle
                0x080033a0      0x1d4 CMakeFiles/TTS_Robot.elf.dir/Core/Bsp/Control_Class/bsp_motor.c.obj
                0x080033a0                MotorHandle
 .text.EncoderHandle
                0x08003574       0x24 CMakeFiles/TTS_Robot.elf.dir/Core/Bsp/Control_Class/bsp_motor.c.obj
                0x08003574                EncoderHandle
 .text.TTS_MotorSetMove
                0x08003598       0x14 CMakeFiles/TTS_Robot.elf.dir/Core/Bsp/Control_Class/bsp_motor.c.obj
                0x08003598                TTS_MotorSetMove
 *fill*         0x080035ac        0x4 
 .text.TTS_MotorSetStop
                0x080035b0       0x74 CMakeFiles/TTS_Robot.elf.dir/Core/Bsp/Control_Class/bsp_motor.c.obj
                0x080035b0                TTS_MotorSetStop
 .text.Hal_CoreClockInit
                0x08003624       0x38 CMakeFiles/TTS_Robot.elf.dir/Core/Bsp/Frame/TTS/CPU.c.obj
 .text.hal_getprimask
                0x0800365c        0xc CMakeFiles/TTS_Robot.elf.dir/Core/Bsp/Frame/TTS/CPU.c.obj
 .text.CPU_Critical_Control
                0x08003668       0x22 CMakeFiles/TTS_Robot.elf.dir/Core/Bsp/Frame/TTS/CPU.c.obj
                0x08003668                CPU_Critical_Control
 *fill*         0x0800368a        0x2 
 .text.hal_CPUInit
                0x0800368c       0x14 CMakeFiles/TTS_Robot.elf.dir/Core/Bsp/Frame/TTS/CPU.c.obj
                0x0800368c                hal_CPUInit
 .text.TTS_MotorMove
                0x080036a0       0x58 CMakeFiles/TTS_Robot.elf.dir/Core/Bsp/Frame/TTS_Ex/tts_motor.c.obj
                0x080036a0                TTS_MotorMove
 .text.TTS_Motor_Config
                0x080036f8       0x48 CMakeFiles/TTS_Robot.elf.dir/Core/Bsp/Frame/TTS_Ex/tts_motor.c.obj
                0x080036f8                TTS_Motor_Config
 .text.TTS_Motor_BspControlConfig
                0x08003740       0x1c CMakeFiles/TTS_Robot.elf.dir/Core/Bsp/Frame/TTS_Ex/tts_motor.c.obj
                0x08003740                TTS_Motor_BspControlConfig
 .text.TTS_MotorFeedback_Config
                0x0800375c        0xa CMakeFiles/TTS_Robot.elf.dir/Core/Bsp/Frame/TTS_Ex/tts_motor.c.obj
                0x0800375c                TTS_MotorFeedback_Config
 *fill*         0x08003766        0x2 
 .text.get_accel_prod_shift
                0x08003768       0xb8 CMakeFiles/TTS_Robot.elf.dir/Core/Bsp/MPU6050/inv_mpu.c.obj
 .text.gyro_self_test
                0x08003820       0xf8 CMakeFiles/TTS_Robot.elf.dir/Core/Bsp/MPU6050/inv_mpu.c.obj
 .text.accel_self_test
                0x08003918      0x114 CMakeFiles/TTS_Robot.elf.dir/Core/Bsp/MPU6050/inv_mpu.c.obj
 .text.set_int_enable
                0x08003a2c       0x90 CMakeFiles/TTS_Robot.elf.dir/Core/Bsp/MPU6050/inv_mpu.c.obj
 .text.get_st_biases
                0x08003abc      0x3e4 CMakeFiles/TTS_Robot.elf.dir/Core/Bsp/MPU6050/inv_mpu.c.obj
 .text.mpu_reset_fifo
                0x08003ea0      0x1cc CMakeFiles/TTS_Robot.elf.dir/Core/Bsp/MPU6050/inv_mpu.c.obj
                0x08003ea0                mpu_reset_fifo
 .text.mpu_get_gyro_fsr
                0x0800406c       0x3c CMakeFiles/TTS_Robot.elf.dir/Core/Bsp/MPU6050/inv_mpu.c.obj
                0x0800406c                mpu_get_gyro_fsr
 .text.mpu_set_gyro_fsr
                0x080040a8       0x94 CMakeFiles/TTS_Robot.elf.dir/Core/Bsp/MPU6050/inv_mpu.c.obj
                0x080040a8                mpu_set_gyro_fsr
 .text.mpu_get_accel_fsr
                0x0800413c       0x44 CMakeFiles/TTS_Robot.elf.dir/Core/Bsp/MPU6050/inv_mpu.c.obj
                0x0800413c                mpu_get_accel_fsr
 .text.mpu_set_accel_fsr
                0x08004180       0x90 CMakeFiles/TTS_Robot.elf.dir/Core/Bsp/MPU6050/inv_mpu.c.obj
                0x08004180                mpu_set_accel_fsr
 .text.mpu_get_lpf
                0x08004210       0x44 CMakeFiles/TTS_Robot.elf.dir/Core/Bsp/MPU6050/inv_mpu.c.obj
                0x08004210                mpu_get_lpf
 .text.mpu_set_lpf
                0x08004254       0x90 CMakeFiles/TTS_Robot.elf.dir/Core/Bsp/MPU6050/inv_mpu.c.obj
                0x08004254                mpu_set_lpf
 .text.mpu_get_sample_rate
                0x080042e4       0x1c CMakeFiles/TTS_Robot.elf.dir/Core/Bsp/MPU6050/inv_mpu.c.obj
                0x080042e4                mpu_get_sample_rate
 .text.mpu_get_gyro_sens
                0x08004300       0x4c CMakeFiles/TTS_Robot.elf.dir/Core/Bsp/MPU6050/inv_mpu.c.obj
                0x08004300                mpu_get_gyro_sens
 .text.mpu_get_accel_sens
                0x0800434c       0x4c CMakeFiles/TTS_Robot.elf.dir/Core/Bsp/MPU6050/inv_mpu.c.obj
                0x0800434c                mpu_get_accel_sens
 .text.mpu_get_fifo_config
                0x08004398       0x10 CMakeFiles/TTS_Robot.elf.dir/Core/Bsp/MPU6050/inv_mpu.c.obj
                0x08004398                mpu_get_fifo_config
 .text.mpu_configure_fifo
                0x080043a8       0x64 CMakeFiles/TTS_Robot.elf.dir/Core/Bsp/MPU6050/inv_mpu.c.obj
                0x080043a8                mpu_configure_fifo
 .text.mpu_read_fifo_stream
                0x0800440c       0xb8 CMakeFiles/TTS_Robot.elf.dir/Core/Bsp/MPU6050/inv_mpu.c.obj
                0x0800440c                mpu_read_fifo_stream
 .text.mpu_set_bypass
                0x080044c4      0x150 CMakeFiles/TTS_Robot.elf.dir/Core/Bsp/MPU6050/inv_mpu.c.obj
                0x080044c4                mpu_set_bypass
 .text.mpu_set_int_latched
                0x08004614       0x70 CMakeFiles/TTS_Robot.elf.dir/Core/Bsp/MPU6050/inv_mpu.c.obj
                0x08004614                mpu_set_int_latched
 .text.mpu_lp_accel_mode
                0x08004684       0xd4 CMakeFiles/TTS_Robot.elf.dir/Core/Bsp/MPU6050/inv_mpu.c.obj
                0x08004684                mpu_lp_accel_mode
 .text.mpu_set_sample_rate
                0x08004758       0x9c CMakeFiles/TTS_Robot.elf.dir/Core/Bsp/MPU6050/inv_mpu.c.obj
                0x08004758                mpu_set_sample_rate
 .text.mpu_set_sensors
                0x080047f4       0xdc CMakeFiles/TTS_Robot.elf.dir/Core/Bsp/MPU6050/inv_mpu.c.obj
                0x080047f4                mpu_set_sensors
 .text.mpu_init
                0x080048d0      0x1a8 CMakeFiles/TTS_Robot.elf.dir/Core/Bsp/MPU6050/inv_mpu.c.obj
                0x080048d0                mpu_init
 .text.mpu_write_mem
                0x08004a78       0x70 CMakeFiles/TTS_Robot.elf.dir/Core/Bsp/MPU6050/inv_mpu.c.obj
                0x08004a78                mpu_write_mem
 .text.mpu_read_mem
                0x08004ae8       0x70 CMakeFiles/TTS_Robot.elf.dir/Core/Bsp/MPU6050/inv_mpu.c.obj
                0x08004ae8                mpu_read_mem
 .text.mpu_load_firmware
                0x08004b58       0xb0 CMakeFiles/TTS_Robot.elf.dir/Core/Bsp/MPU6050/inv_mpu.c.obj
                0x08004b58                mpu_load_firmware
 .text.mpu_set_dmp_state
                0x08004c08       0x88 CMakeFiles/TTS_Robot.elf.dir/Core/Bsp/MPU6050/inv_mpu.c.obj
                0x08004c08                mpu_set_dmp_state
 .text.mpu_run_self_test
                0x08004c90      0x118 CMakeFiles/TTS_Robot.elf.dir/Core/Bsp/MPU6050/inv_mpu.c.obj
                0x08004c90                mpu_run_self_test
 .text.run_self_test
                0x08004da8       0x98 CMakeFiles/TTS_Robot.elf.dir/Core/Bsp/MPU6050/inv_mpu.c.obj
                0x08004da8                run_self_test
 .text.inv_row_2_scale
                0x08004e40       0x3a CMakeFiles/TTS_Robot.elf.dir/Core/Bsp/MPU6050/inv_mpu.c.obj
                0x08004e40                inv_row_2_scale
 .text.inv_orientation_matrix_to_scalar
                0x08004e7a       0x24 CMakeFiles/TTS_Robot.elf.dir/Core/Bsp/MPU6050/inv_mpu.c.obj
                0x08004e7a                inv_orientation_matrix_to_scalar
 .text.mget_ms  0x08004e9e        0x2 CMakeFiles/TTS_Robot.elf.dir/Core/Bsp/MPU6050/inv_mpu.c.obj
                0x08004e9e                mget_ms
 .text.mpu_dmp_init
                0x08004ea0      0x15c CMakeFiles/TTS_Robot.elf.dir/Core/Bsp/MPU6050/inv_mpu.c.obj
                0x08004ea0                mpu_dmp_init
 *fill*         0x08004ffc        0x4 
 .text.mpu_dmp_get_data
                0x08005000      0x1c8 CMakeFiles/TTS_Robot.elf.dir/Core/Bsp/MPU6050/inv_mpu.c.obj
                0x08005000                mpu_dmp_get_data
 .text.decode_gesture
                0x080051c8       0x3c CMakeFiles/TTS_Robot.elf.dir/Core/Bsp/MPU6050/inv_mpu_dmp_motion_driver.c.obj
 .text.dmp_load_motion_driver_firmware
                0x08005204       0x18 CMakeFiles/TTS_Robot.elf.dir/Core/Bsp/MPU6050/inv_mpu_dmp_motion_driver.c.obj
                0x08005204                dmp_load_motion_driver_firmware
 .text.dmp_set_orientation
                0x0800521c      0x14c CMakeFiles/TTS_Robot.elf.dir/Core/Bsp/MPU6050/inv_mpu_dmp_motion_driver.c.obj
                0x0800521c                dmp_set_orientation
 .text.dmp_set_gyro_bias
                0x08005368      0x110 CMakeFiles/TTS_Robot.elf.dir/Core/Bsp/MPU6050/inv_mpu_dmp_motion_driver.c.obj
                0x08005368                dmp_set_gyro_bias
 .text.dmp_set_accel_bias
                0x08005478       0xf4 CMakeFiles/TTS_Robot.elf.dir/Core/Bsp/MPU6050/inv_mpu_dmp_motion_driver.c.obj
                0x08005478                dmp_set_accel_bias
 .text.dmp_set_fifo_rate
                0x0800556c       0x68 CMakeFiles/TTS_Robot.elf.dir/Core/Bsp/MPU6050/inv_mpu_dmp_motion_driver.c.obj
                0x0800556c                dmp_set_fifo_rate
 .text.dmp_set_tap_thresh
                0x080055d4      0x1a0 CMakeFiles/TTS_Robot.elf.dir/Core/Bsp/MPU6050/inv_mpu_dmp_motion_driver.c.obj
                0x080055d4                dmp_set_tap_thresh
 .text.dmp_set_tap_axes
                0x08005774       0x4e CMakeFiles/TTS_Robot.elf.dir/Core/Bsp/MPU6050/inv_mpu_dmp_motion_driver.c.obj
                0x08005774                dmp_set_tap_axes
 .text.dmp_set_tap_count
                0x080057c2       0x2c CMakeFiles/TTS_Robot.elf.dir/Core/Bsp/MPU6050/inv_mpu_dmp_motion_driver.c.obj
                0x080057c2                dmp_set_tap_count
 *fill*         0x080057ee        0x2 
 .text.dmp_set_tap_time
                0x080057f0       0x30 CMakeFiles/TTS_Robot.elf.dir/Core/Bsp/MPU6050/inv_mpu_dmp_motion_driver.c.obj
                0x080057f0                dmp_set_tap_time
 .text.dmp_set_tap_time_multi
                0x08005820       0x30 CMakeFiles/TTS_Robot.elf.dir/Core/Bsp/MPU6050/inv_mpu_dmp_motion_driver.c.obj
                0x08005820                dmp_set_tap_time_multi
 .text.dmp_set_shake_reject_thresh
                0x08005850       0x44 CMakeFiles/TTS_Robot.elf.dir/Core/Bsp/MPU6050/inv_mpu_dmp_motion_driver.c.obj
                0x08005850                dmp_set_shake_reject_thresh
 .text.dmp_set_shake_reject_time
                0x08005894       0x2c CMakeFiles/TTS_Robot.elf.dir/Core/Bsp/MPU6050/inv_mpu_dmp_motion_driver.c.obj
                0x08005894                dmp_set_shake_reject_time
 .text.dmp_set_shake_reject_timeout
                0x080058c0       0x2c CMakeFiles/TTS_Robot.elf.dir/Core/Bsp/MPU6050/inv_mpu_dmp_motion_driver.c.obj
                0x080058c0                dmp_set_shake_reject_timeout
 .text.dmp_enable_gyro_cal
                0x080058ec       0x44 CMakeFiles/TTS_Robot.elf.dir/Core/Bsp/MPU6050/inv_mpu_dmp_motion_driver.c.obj
                0x080058ec                dmp_enable_gyro_cal
 .text.dmp_enable_lp_quat
                0x08005930       0x3c CMakeFiles/TTS_Robot.elf.dir/Core/Bsp/MPU6050/inv_mpu_dmp_motion_driver.c.obj
                0x08005930                dmp_enable_lp_quat
 .text.dmp_enable_6x_lp_quat
                0x0800596c       0x3c CMakeFiles/TTS_Robot.elf.dir/Core/Bsp/MPU6050/inv_mpu_dmp_motion_driver.c.obj
                0x0800596c                dmp_enable_6x_lp_quat
 .text.dmp_enable_feature
                0x080059a8      0x218 CMakeFiles/TTS_Robot.elf.dir/Core/Bsp/MPU6050/inv_mpu_dmp_motion_driver.c.obj
                0x080059a8                dmp_enable_feature
 .text.dmp_read_fifo
                0x08005bc0      0x1f4 CMakeFiles/TTS_Robot.elf.dir/Core/Bsp/MPU6050/inv_mpu_dmp_motion_driver.c.obj
                0x08005bc0                dmp_read_fifo
 .text.MPU_Write_Len
                0x08005db4       0x2c CMakeFiles/TTS_Robot.elf.dir/Core/Bsp/MPU6050/mpu6050.c.obj
                0x08005db4                MPU_Write_Len
 .text.MPU_Read_Len
                0x08005de0       0x2c CMakeFiles/TTS_Robot.elf.dir/Core/Bsp/MPU6050/mpu6050.c.obj
                0x08005de0                MPU_Read_Len
 .text.MPU_Write_Byte
                0x08005e0c       0x3c CMakeFiles/TTS_Robot.elf.dir/Core/Bsp/MPU6050/mpu6050.c.obj
                0x08005e0c                MPU_Write_Byte
 .text.MPU_Set_Gyro_Fsr
                0x08005e48       0x10 CMakeFiles/TTS_Robot.elf.dir/Core/Bsp/MPU6050/mpu6050.c.obj
                0x08005e48                MPU_Set_Gyro_Fsr
 .text.MPU_Set_Accel_Fsr
                0x08005e58       0x10 CMakeFiles/TTS_Robot.elf.dir/Core/Bsp/MPU6050/mpu6050.c.obj
                0x08005e58                MPU_Set_Accel_Fsr
 .text.MPU_Set_LPF
                0x08005e68       0x34 CMakeFiles/TTS_Robot.elf.dir/Core/Bsp/MPU6050/mpu6050.c.obj
                0x08005e68                MPU_Set_LPF
 .text.MPU_Set_Rate
                0x08005e9c       0x32 CMakeFiles/TTS_Robot.elf.dir/Core/Bsp/MPU6050/mpu6050.c.obj
                0x08005e9c                MPU_Set_Rate
 *fill*         0x08005ece        0x2 
 .text.MPU_Read_Byte
                0x08005ed0       0x38 CMakeFiles/TTS_Robot.elf.dir/Core/Bsp/MPU6050/mpu6050.c.obj
                0x08005ed0                MPU_Read_Byte
 .text.MPU_Init
                0x08005f08       0x7c CMakeFiles/TTS_Robot.elf.dir/Core/Bsp/MPU6050/mpu6050.c.obj
                0x08005f08                MPU_Init
 .text.HAL_PinStatus
                0x08005f84       0x28 CMakeFiles/TTS_Robot.elf.dir/Core/Bsp/Show_Class/bsp_pin.c.obj
                0x08005f84                HAL_PinStatus
 .text.TTS_PinInit
                0x08005fac       0x44 CMakeFiles/TTS_Robot.elf.dir/Core/Bsp/Show_Class/bsp_pin.c.obj
                0x08005fac                TTS_PinInit
 .text.MX_DMA_Init
                0x08005ff0       0x44 CMakeFiles/TTS_Robot.elf.dir/Core/Src/dma.c.obj
                0x08005ff0                MX_DMA_Init
 .text.MX_GPIO_Init
                0x08006034      0x1e8 CMakeFiles/TTS_Robot.elf.dir/Core/Src/gpio.c.obj
                0x08006034                MX_GPIO_Init
 .text.MX_I2C1_Init
                0x0800621c       0x3c CMakeFiles/TTS_Robot.elf.dir/Core/Src/i2c.c.obj
                0x0800621c                MX_I2C1_Init
 .text.HAL_I2C_MspInit
                0x08006258       0x90 CMakeFiles/TTS_Robot.elf.dir/Core/Src/i2c.c.obj
                0x08006258                HAL_I2C_MspInit
 .text.Error_Handler
                0x080062e8        0x4 CMakeFiles/TTS_Robot.elf.dir/Core/Src/main.c.obj
                0x080062e8                Error_Handler
 .text.SystemClock_Config
                0x080062ec       0xa8 CMakeFiles/TTS_Robot.elf.dir/Core/Src/main.c.obj
                0x080062ec                SystemClock_Config
 .text.main     0x08006394       0x5c CMakeFiles/TTS_Robot.elf.dir/Core/Src/main.c.obj
                0x08006394                main
 .text.HAL_MspInit
                0x080063f0       0x38 CMakeFiles/TTS_Robot.elf.dir/Core/Src/stm32f4xx_hal_msp.c.obj
                0x080063f0                HAL_MspInit
 .text.NMI_Handler
                0x08006428        0x2 CMakeFiles/TTS_Robot.elf.dir/Core/Src/stm32f4xx_it.c.obj
                0x08006428                NMI_Handler
 .text.HardFault_Handler
                0x0800642a        0x2 CMakeFiles/TTS_Robot.elf.dir/Core/Src/stm32f4xx_it.c.obj
                0x0800642a                HardFault_Handler
 .text.MemManage_Handler
                0x0800642c        0x2 CMakeFiles/TTS_Robot.elf.dir/Core/Src/stm32f4xx_it.c.obj
                0x0800642c                MemManage_Handler
 .text.BusFault_Handler
                0x0800642e        0x2 CMakeFiles/TTS_Robot.elf.dir/Core/Src/stm32f4xx_it.c.obj
                0x0800642e                BusFault_Handler
 .text.UsageFault_Handler
                0x08006430        0x2 CMakeFiles/TTS_Robot.elf.dir/Core/Src/stm32f4xx_it.c.obj
                0x08006430                UsageFault_Handler
 .text.SVC_Handler
                0x08006432        0x2 CMakeFiles/TTS_Robot.elf.dir/Core/Src/stm32f4xx_it.c.obj
                0x08006432                SVC_Handler
 .text.DebugMon_Handler
                0x08006434        0x2 CMakeFiles/TTS_Robot.elf.dir/Core/Src/stm32f4xx_it.c.obj
                0x08006434                DebugMon_Handler
 .text.PendSV_Handler
                0x08006436        0x2 CMakeFiles/TTS_Robot.elf.dir/Core/Src/stm32f4xx_it.c.obj
                0x08006436                PendSV_Handler
 .text.SysTick_Handler
                0x08006438        0xc CMakeFiles/TTS_Robot.elf.dir/Core/Src/stm32f4xx_it.c.obj
                0x08006438                SysTick_Handler
 .text.TIM1_BRK_TIM9_IRQHandler
                0x08006444       0x10 CMakeFiles/TTS_Robot.elf.dir/Core/Src/stm32f4xx_it.c.obj
                0x08006444                TIM1_BRK_TIM9_IRQHandler
 .text.TIM3_IRQHandler
                0x08006454       0x10 CMakeFiles/TTS_Robot.elf.dir/Core/Src/stm32f4xx_it.c.obj
                0x08006454                TIM3_IRQHandler
 .text.TIM4_IRQHandler
                0x08006464       0x10 CMakeFiles/TTS_Robot.elf.dir/Core/Src/stm32f4xx_it.c.obj
                0x08006464                TIM4_IRQHandler
 .text.I2C1_EV_IRQHandler
                0x08006474       0x10 CMakeFiles/TTS_Robot.elf.dir/Core/Src/stm32f4xx_it.c.obj
                0x08006474                I2C1_EV_IRQHandler
 .text.I2C1_ER_IRQHandler
                0x08006484       0x10 CMakeFiles/TTS_Robot.elf.dir/Core/Src/stm32f4xx_it.c.obj
                0x08006484                I2C1_ER_IRQHandler
 .text.USART1_IRQHandler
                0x08006494       0x10 CMakeFiles/TTS_Robot.elf.dir/Core/Src/stm32f4xx_it.c.obj
                0x08006494                USART1_IRQHandler
 .text.USART2_IRQHandler
                0x080064a4       0x10 CMakeFiles/TTS_Robot.elf.dir/Core/Src/stm32f4xx_it.c.obj
                0x080064a4                USART2_IRQHandler
 .text.USART3_IRQHandler
                0x080064b4       0x10 CMakeFiles/TTS_Robot.elf.dir/Core/Src/stm32f4xx_it.c.obj
                0x080064b4                USART3_IRQHandler
 .text.UART4_IRQHandler
                0x080064c4       0x10 CMakeFiles/TTS_Robot.elf.dir/Core/Src/stm32f4xx_it.c.obj
                0x080064c4                UART4_IRQHandler
 .text.TIM6_DAC_IRQHandler
                0x080064d4       0x10 CMakeFiles/TTS_Robot.elf.dir/Core/Src/stm32f4xx_it.c.obj
                0x080064d4                TIM6_DAC_IRQHandler
 .text.DMA2_Stream2_IRQHandler
                0x080064e4       0x10 CMakeFiles/TTS_Robot.elf.dir/Core/Src/stm32f4xx_it.c.obj
                0x080064e4                DMA2_Stream2_IRQHandler
 .text.DMA2_Stream7_IRQHandler
                0x080064f4       0x10 CMakeFiles/TTS_Robot.elf.dir/Core/Src/stm32f4xx_it.c.obj
                0x080064f4                DMA2_Stream7_IRQHandler
 .text._getpid  0x08006504        0x4 CMakeFiles/TTS_Robot.elf.dir/Core/Src/syscalls.c.obj
                0x08006504                _getpid
 .text._kill    0x08006508       0x10 CMakeFiles/TTS_Robot.elf.dir/Core/Src/syscalls.c.obj
                0x08006508                _kill
 .text._exit    0x08006518        0xc CMakeFiles/TTS_Robot.elf.dir/Core/Src/syscalls.c.obj
                0x08006518                _exit
 .text._read    0x08006524       0x20 CMakeFiles/TTS_Robot.elf.dir/Core/Src/syscalls.c.obj
                0x08006524                _read
 .text._close   0x08006544        0x6 CMakeFiles/TTS_Robot.elf.dir/Core/Src/syscalls.c.obj
                0x08006544                _close
 .text._fstat   0x0800654a        0xa CMakeFiles/TTS_Robot.elf.dir/Core/Src/syscalls.c.obj
                0x0800654a                _fstat
 .text._isatty  0x08006554        0x4 CMakeFiles/TTS_Robot.elf.dir/Core/Src/syscalls.c.obj
                0x08006554                _isatty
 .text._lseek   0x08006558        0x4 CMakeFiles/TTS_Robot.elf.dir/Core/Src/syscalls.c.obj
                0x08006558                _lseek
 .text._sbrk    0x0800655c       0x48 CMakeFiles/TTS_Robot.elf.dir/Core/Src/sysmem.c.obj
                0x0800655c                _sbrk
 .text.SystemInit
                0x080065a4        0x2 CMakeFiles/TTS_Robot.elf.dir/Core/Src/system_stm32f4xx.c.obj
                0x080065a4                SystemInit
 *fill*         0x080065a6        0x2 
 .text.MX_TIM3_Init
                0x080065a8       0x6c CMakeFiles/TTS_Robot.elf.dir/Core/Src/tim.c.obj
                0x080065a8                MX_TIM3_Init
 .text.MX_TIM4_Init
                0x08006614       0x6c CMakeFiles/TTS_Robot.elf.dir/Core/Src/tim.c.obj
                0x08006614                MX_TIM4_Init
 .text.MX_TIM6_Init
                0x08006680       0x50 CMakeFiles/TTS_Robot.elf.dir/Core/Src/tim.c.obj
                0x08006680                MX_TIM6_Init
 .text.HAL_TIM_Base_MspInit
                0x080066d0       0x74 CMakeFiles/TTS_Robot.elf.dir/Core/Src/tim.c.obj
                0x080066d0                HAL_TIM_Base_MspInit
 .text.HAL_TIM_Encoder_MspInit
                0x08006744       0xd8 CMakeFiles/TTS_Robot.elf.dir/Core/Src/tim.c.obj
                0x08006744                HAL_TIM_Encoder_MspInit
 .text.HAL_TIM_MspPostInit
                0x0800681c       0x5c CMakeFiles/TTS_Robot.elf.dir/Core/Src/tim.c.obj
                0x0800681c                HAL_TIM_MspPostInit
 .text.MX_TIM1_Init
                0x08006878       0xfc CMakeFiles/TTS_Robot.elf.dir/Core/Src/tim.c.obj
                0x08006878                MX_TIM1_Init
 .text.MX_UART4_Init
                0x08006974       0x34 CMakeFiles/TTS_Robot.elf.dir/Core/Src/usart.c.obj
                0x08006974                MX_UART4_Init
 .text.MX_USART1_UART_Init
                0x080069a8       0x34 CMakeFiles/TTS_Robot.elf.dir/Core/Src/usart.c.obj
                0x080069a8                MX_USART1_UART_Init
 .text.MX_USART2_UART_Init
                0x080069dc       0x34 CMakeFiles/TTS_Robot.elf.dir/Core/Src/usart.c.obj
                0x080069dc                MX_USART2_UART_Init
 .text.MX_USART3_UART_Init
                0x08006a10       0x34 CMakeFiles/TTS_Robot.elf.dir/Core/Src/usart.c.obj
                0x08006a10                MX_USART3_UART_Init
 .text.HAL_UART_MspInit
                0x08006a44      0x250 CMakeFiles/TTS_Robot.elf.dir/Core/Src/usart.c.obj
                0x08006a44                HAL_UART_MspInit
 .text.Reset_Handler
                0x08006c94       0x50 CMakeFiles/TTS_Robot.elf.dir/Core/Startup/startup_stm32f407zetx.s.obj
                0x08006c94                Reset_Handler
 .text.Default_Handler
                0x08006ce4        0x2 CMakeFiles/TTS_Robot.elf.dir/Core/Startup/startup_stm32f407zetx.s.obj
                0x08006ce4                RTC_Alarm_IRQHandler
                0x08006ce4                HASH_RNG_IRQHandler
                0x08006ce4                EXTI2_IRQHandler
                0x08006ce4                TIM8_CC_IRQHandler
                0x08006ce4                TIM1_CC_IRQHandler
                0x08006ce4                DMA2_Stream5_IRQHandler
                0x08006ce4                DMA1_Stream5_IRQHandler
                0x08006ce4                PVD_IRQHandler
                0x08006ce4                SDIO_IRQHandler
                0x08006ce4                TAMP_STAMP_IRQHandler
                0x08006ce4                CAN2_RX1_IRQHandler
                0x08006ce4                EXTI3_IRQHandler
                0x08006ce4                TIM8_TRG_COM_TIM14_IRQHandler
                0x08006ce4                TIM1_UP_TIM10_IRQHandler
                0x08006ce4                TIM8_UP_TIM13_IRQHandler
                0x08006ce4                I2C3_ER_IRQHandler
                0x08006ce4                EXTI0_IRQHandler
                0x08006ce4                I2C2_EV_IRQHandler
                0x08006ce4                DMA1_Stream2_IRQHandler
                0x08006ce4                CAN1_RX0_IRQHandler
                0x08006ce4                FPU_IRQHandler
                0x08006ce4                OTG_HS_WKUP_IRQHandler
                0x08006ce4                CAN2_SCE_IRQHandler
                0x08006ce4                SPI1_IRQHandler
                0x08006ce4                DCMI_IRQHandler
                0x08006ce4                CAN2_RX0_IRQHandler
                0x08006ce4                DMA2_Stream3_IRQHandler
                0x08006ce4                USART6_IRQHandler
                0x08006ce4                CAN1_RX1_IRQHandler
                0x08006ce4                UART5_IRQHandler
                0x08006ce4                DMA2_Stream0_IRQHandler
                0x08006ce4                DMA1_Stream6_IRQHandler
                0x08006ce4                DMA1_Stream1_IRQHandler
                0x08006ce4                RCC_IRQHandler
                0x08006ce4                TIM8_BRK_TIM12_IRQHandler
                0x08006ce4                Default_Handler
                0x08006ce4                EXTI15_10_IRQHandler
                0x08006ce4                ADC_IRQHandler
                0x08006ce4                DMA1_Stream7_IRQHandler
                0x08006ce4                TIM7_IRQHandler
                0x08006ce4                CAN2_TX_IRQHandler
                0x08006ce4                TIM5_IRQHandler
                0x08006ce4                I2C3_EV_IRQHandler
                0x08006ce4                EXTI9_5_IRQHandler
                0x08006ce4                RTC_WKUP_IRQHandler
                0x08006ce4                ETH_WKUP_IRQHandler
                0x08006ce4                SPI2_IRQHandler
                0x08006ce4                OTG_HS_EP1_IN_IRQHandler
                0x08006ce4                DMA1_Stream0_IRQHandler
                0x08006ce4                CAN1_TX_IRQHandler
                0x08006ce4                EXTI4_IRQHandler
                0x08006ce4                FSMC_IRQHandler
                0x08006ce4                ETH_IRQHandler
                0x08006ce4                OTG_HS_EP1_OUT_IRQHandler
                0x08006ce4                WWDG_IRQHandler
                0x08006ce4                TIM2_IRQHandler
                0x08006ce4                OTG_FS_WKUP_IRQHandler
                0x08006ce4                TIM1_TRG_COM_TIM11_IRQHandler
                0x08006ce4                OTG_HS_IRQHandler
                0x08006ce4                EXTI1_IRQHandler
                0x08006ce4                I2C2_ER_IRQHandler
                0x08006ce4                DMA2_Stream1_IRQHandler
                0x08006ce4                CAN1_SCE_IRQHandler
                0x08006ce4                FLASH_IRQHandler
                0x08006ce4                DMA2_Stream4_IRQHandler
                0x08006ce4                OTG_FS_IRQHandler
                0x08006ce4                SPI3_IRQHandler
                0x08006ce4                DMA1_Stream4_IRQHandler
                0x08006ce4                DMA2_Stream6_IRQHandler
                0x08006ce4                DMA1_Stream3_IRQHandler
 *fill*         0x08006ce6        0x2 
 .text.Button_EventCallBack
                0x08006ce8       0x34 CMakeFiles/TTS_Robot.elf.dir/Core/User/User.c.obj
                0x08006ce8                Button_EventCallBack
 .text.MPU_Proc
                0x08006d1c       0x20 CMakeFiles/TTS_Robot.elf.dir/Core/User/User.c.obj
 .text.Spcp_Callback
                0x08006d3c      0x10c CMakeFiles/TTS_Robot.elf.dir/Core/User/User.c.obj
                0x08006d3c                Spcp_Callback
 .text.Queue_Proc
                0x08006e48       0x14 CMakeFiles/TTS_Robot.elf.dir/Core/User/User.c.obj
                0x08006e48                Queue_Proc
 .text.Control_Proc
                0x08006e5c       0x44 CMakeFiles/TTS_Robot.elf.dir/Core/User/User.c.obj
                0x08006e5c                Control_Proc
 .text.UserProc
                0x08006ea0       0xf4 CMakeFiles/TTS_Robot.elf.dir/Core/User/User.c.obj
                0x08006ea0                UserProc
 .text.Time_Proc
                0x08006f94       0x10 CMakeFiles/TTS_Robot.elf.dir/Core/User/User.c.obj
 .text.SPCPConfig
                0x08006fa4       0xd8 CMakeFiles/TTS_Robot.elf.dir/Core/User/User.c.obj
                0x08006fa4                SPCPConfig
 .text.User_Create_task
                0x0800707c       0xdc CMakeFiles/TTS_Robot.elf.dir/Core/User/User.c.obj
                0x0800707c                User_Create_task
 .text.User_Bsp_Init
                0x08007158       0x64 CMakeFiles/TTS_Robot.elf.dir/Core/User/User.c.obj
                0x08007158                User_Bsp_Init
 .text.HAL_TIM_PeriodElapsedCallback
                0x080071bc       0x48 CMakeFiles/TTS_Robot.elf.dir/Core/User/User.c.obj
                0x080071bc                HAL_TIM_PeriodElapsedCallback
 .text.HAL_TIM_PWM_PulseFinishedCallback
                0x08007204        0x2 CMakeFiles/TTS_Robot.elf.dir/Core/User/User.c.obj
                0x08007204                HAL_TIM_PWM_PulseFinishedCallback
 *fill*         0x08007206        0x2 
 .text.HAL_InitTick
                0x08007208       0x4c CMakeFiles/TTS_Robot.elf.dir/Drivers/STM32F4xx_HAL_Driver/Src/stm32f4xx_hal.c.obj
                0x08007208                HAL_InitTick
 .text.HAL_Init
                0x08007254       0x34 CMakeFiles/TTS_Robot.elf.dir/Drivers/STM32F4xx_HAL_Driver/Src/stm32f4xx_hal.c.obj
                0x08007254                HAL_Init
 .text.HAL_IncTick
                0x08007288       0x18 CMakeFiles/TTS_Robot.elf.dir/Drivers/STM32F4xx_HAL_Driver/Src/stm32f4xx_hal.c.obj
                0x08007288                HAL_IncTick
 .text.HAL_GetTick
                0x080072a0        0xc CMakeFiles/TTS_Robot.elf.dir/Drivers/STM32F4xx_HAL_Driver/Src/stm32f4xx_hal.c.obj
                0x080072a0                HAL_GetTick
 .text.HAL_Delay
                0x080072ac       0x28 CMakeFiles/TTS_Robot.elf.dir/Drivers/STM32F4xx_HAL_Driver/Src/stm32f4xx_hal.c.obj
                0x080072ac                HAL_Delay
 .text.HAL_NVIC_SetPriorityGrouping
                0x080072d4       0x24 CMakeFiles/TTS_Robot.elf.dir/Drivers/STM32F4xx_HAL_Driver/Src/stm32f4xx_hal_cortex.c.obj
                0x080072d4                HAL_NVIC_SetPriorityGrouping
 .text.HAL_NVIC_SetPriority
                0x080072f8       0x70 CMakeFiles/TTS_Robot.elf.dir/Drivers/STM32F4xx_HAL_Driver/Src/stm32f4xx_hal_cortex.c.obj
                0x080072f8                HAL_NVIC_SetPriority
 .text.HAL_NVIC_EnableIRQ
                0x08007368       0x1c CMakeFiles/TTS_Robot.elf.dir/Drivers/STM32F4xx_HAL_Driver/Src/stm32f4xx_hal_cortex.c.obj
                0x08007368                HAL_NVIC_EnableIRQ
 .text.HAL_SYSTICK_Config
                0x08007384       0x28 CMakeFiles/TTS_Robot.elf.dir/Drivers/STM32F4xx_HAL_Driver/Src/stm32f4xx_hal_cortex.c.obj
                0x08007384                HAL_SYSTICK_Config
 .text.DMA_SetConfig
                0x080073ac       0x2c CMakeFiles/TTS_Robot.elf.dir/Drivers/STM32F4xx_HAL_Driver/Src/stm32f4xx_hal_dma.c.obj
 .text.DMA_CalcBaseAndBitshift
                0x080073d8       0x40 CMakeFiles/TTS_Robot.elf.dir/Drivers/STM32F4xx_HAL_Driver/Src/stm32f4xx_hal_dma.c.obj
 .text.DMA_CheckFifoParam
                0x08007418       0x8e CMakeFiles/TTS_Robot.elf.dir/Drivers/STM32F4xx_HAL_Driver/Src/stm32f4xx_hal_dma.c.obj
 *fill*         0x080074a6        0x2 
 .text.HAL_DMA_Init
                0x080074a8       0xcc CMakeFiles/TTS_Robot.elf.dir/Drivers/STM32F4xx_HAL_Driver/Src/stm32f4xx_hal_dma.c.obj
                0x080074a8                HAL_DMA_Init
 .text.HAL_DMA_Start_IT
                0x08007574       0x6a CMakeFiles/TTS_Robot.elf.dir/Drivers/STM32F4xx_HAL_Driver/Src/stm32f4xx_hal_dma.c.obj
                0x08007574                HAL_DMA_Start_IT
 .text.HAL_DMA_Abort
                0x080075de       0x94 CMakeFiles/TTS_Robot.elf.dir/Drivers/STM32F4xx_HAL_Driver/Src/stm32f4xx_hal_dma.c.obj
                0x080075de                HAL_DMA_Abort
 .text.HAL_DMA_Abort_IT
                0x08007672       0x26 CMakeFiles/TTS_Robot.elf.dir/Drivers/STM32F4xx_HAL_Driver/Src/stm32f4xx_hal_dma.c.obj
                0x08007672                HAL_DMA_Abort_IT
 .text.HAL_DMA_IRQHandler
                0x08007698      0x1dc CMakeFiles/TTS_Robot.elf.dir/Drivers/STM32F4xx_HAL_Driver/Src/stm32f4xx_hal_dma.c.obj
                0x08007698                HAL_DMA_IRQHandler
 .text.HAL_DMA_GetState
                0x08007874        0x6 CMakeFiles/TTS_Robot.elf.dir/Drivers/STM32F4xx_HAL_Driver/Src/stm32f4xx_hal_dma.c.obj
                0x08007874                HAL_DMA_GetState
 *fill*         0x0800787a        0x2 
 .text.HAL_GPIO_Init
                0x0800787c      0x1e4 CMakeFiles/TTS_Robot.elf.dir/Drivers/STM32F4xx_HAL_Driver/Src/stm32f4xx_hal_gpio.c.obj
                0x0800787c                HAL_GPIO_Init
 .text.HAL_GPIO_ReadPin
                0x08007a60        0xe CMakeFiles/TTS_Robot.elf.dir/Drivers/STM32F4xx_HAL_Driver/Src/stm32f4xx_hal_gpio.c.obj
                0x08007a60                HAL_GPIO_ReadPin
 .text.HAL_GPIO_WritePin
                0x08007a6e        0xc CMakeFiles/TTS_Robot.elf.dir/Drivers/STM32F4xx_HAL_Driver/Src/stm32f4xx_hal_gpio.c.obj
                0x08007a6e                HAL_GPIO_WritePin
 .text.HAL_GPIO_TogglePin
                0x08007a7a       0x12 CMakeFiles/TTS_Robot.elf.dir/Drivers/STM32F4xx_HAL_Driver/Src/stm32f4xx_hal_gpio.c.obj
                0x08007a7a                HAL_GPIO_TogglePin
 .text.I2C_Master_SB
                0x08007a8c       0xa8 CMakeFiles/TTS_Robot.elf.dir/Drivers/STM32F4xx_HAL_Driver/Src/stm32f4xx_hal_i2c.c.obj
 .text.I2C_Master_ADD10
                0x08007b34       0x2a CMakeFiles/TTS_Robot.elf.dir/Drivers/STM32F4xx_HAL_Driver/Src/stm32f4xx_hal_i2c.c.obj
 .text.I2C_Master_ADDR
                0x08007b5e      0x204 CMakeFiles/TTS_Robot.elf.dir/Drivers/STM32F4xx_HAL_Driver/Src/stm32f4xx_hal_i2c.c.obj
 .text.I2C_SlaveTransmit_BTF
                0x08007d62       0x20 CMakeFiles/TTS_Robot.elf.dir/Drivers/STM32F4xx_HAL_Driver/Src/stm32f4xx_hal_i2c.c.obj
 .text.I2C_SlaveReceive_BTF
                0x08007d82       0x20 CMakeFiles/TTS_Robot.elf.dir/Drivers/STM32F4xx_HAL_Driver/Src/stm32f4xx_hal_i2c.c.obj
 *fill*         0x08007da2        0x2 
 .text.I2C_WaitOnSTOPRequestThroughIT
                0x08007da4       0x48 CMakeFiles/TTS_Robot.elf.dir/Drivers/STM32F4xx_HAL_Driver/Src/stm32f4xx_hal_i2c.c.obj
 .text.I2C_IsAcknowledgeFailed
                0x08007dec       0x32 CMakeFiles/TTS_Robot.elf.dir/Drivers/STM32F4xx_HAL_Driver/Src/stm32f4xx_hal_i2c.c.obj
 .text.I2C_ConvertOtherXferOptions
                0x08007e1e       0x1e CMakeFiles/TTS_Robot.elf.dir/Drivers/STM32F4xx_HAL_Driver/Src/stm32f4xx_hal_i2c.c.obj
 .text.I2C_WaitOnFlagUntilTimeout
                0x08007e3c       0x7c CMakeFiles/TTS_Robot.elf.dir/Drivers/STM32F4xx_HAL_Driver/Src/stm32f4xx_hal_i2c.c.obj
 .text.I2C_WaitOnMasterAddressFlagUntilTimeout
                0x08007eb8       0xaa CMakeFiles/TTS_Robot.elf.dir/Drivers/STM32F4xx_HAL_Driver/Src/stm32f4xx_hal_i2c.c.obj
 .text.I2C_WaitOnTXEFlagUntilTimeout
                0x08007f62       0x54 CMakeFiles/TTS_Robot.elf.dir/Drivers/STM32F4xx_HAL_Driver/Src/stm32f4xx_hal_i2c.c.obj
 *fill*         0x08007fb6        0x2 
 .text.I2C_RequestMemoryWrite
                0x08007fb8       0xd8 CMakeFiles/TTS_Robot.elf.dir/Drivers/STM32F4xx_HAL_Driver/Src/stm32f4xx_hal_i2c.c.obj
 .text.I2C_RequestMemoryRead
                0x08008090      0x154 CMakeFiles/TTS_Robot.elf.dir/Drivers/STM32F4xx_HAL_Driver/Src/stm32f4xx_hal_i2c.c.obj
 .text.I2C_WaitOnBTFFlagUntilTimeout
                0x080081e4       0x54 CMakeFiles/TTS_Robot.elf.dir/Drivers/STM32F4xx_HAL_Driver/Src/stm32f4xx_hal_i2c.c.obj
 .text.I2C_WaitOnRXNEFlagUntilTimeout
                0x08008238       0x6a CMakeFiles/TTS_Robot.elf.dir/Drivers/STM32F4xx_HAL_Driver/Src/stm32f4xx_hal_i2c.c.obj
 *fill*         0x080082a2        0x2 
 .text.HAL_I2C_Init
                0x080082a4      0x1bc CMakeFiles/TTS_Robot.elf.dir/Drivers/STM32F4xx_HAL_Driver/Src/stm32f4xx_hal_i2c.c.obj
                0x080082a4                HAL_I2C_Init
 .text.HAL_I2C_Mem_Write
                0x08008460      0x164 CMakeFiles/TTS_Robot.elf.dir/Drivers/STM32F4xx_HAL_Driver/Src/stm32f4xx_hal_i2c.c.obj
                0x08008460                HAL_I2C_Mem_Write
 .text.HAL_I2C_Mem_Read
                0x080085c4      0x2e4 CMakeFiles/TTS_Robot.elf.dir/Drivers/STM32F4xx_HAL_Driver/Src/stm32f4xx_hal_i2c.c.obj
                0x080085c4                HAL_I2C_Mem_Read
 .text.HAL_I2C_MasterTxCpltCallback
                0x080088a8        0x2 CMakeFiles/TTS_Robot.elf.dir/Drivers/STM32F4xx_HAL_Driver/Src/stm32f4xx_hal_i2c.c.obj
                0x080088a8                HAL_I2C_MasterTxCpltCallback
 .text.HAL_I2C_MasterRxCpltCallback
                0x080088aa        0x2 CMakeFiles/TTS_Robot.elf.dir/Drivers/STM32F4xx_HAL_Driver/Src/stm32f4xx_hal_i2c.c.obj
                0x080088aa                HAL_I2C_MasterRxCpltCallback
 .text.HAL_I2C_SlaveTxCpltCallback
                0x080088ac        0x2 CMakeFiles/TTS_Robot.elf.dir/Drivers/STM32F4xx_HAL_Driver/Src/stm32f4xx_hal_i2c.c.obj
                0x080088ac                HAL_I2C_SlaveTxCpltCallback
 .text.I2C_SlaveTransmit_TXE
                0x080088ae       0x4c CMakeFiles/TTS_Robot.elf.dir/Drivers/STM32F4xx_HAL_Driver/Src/stm32f4xx_hal_i2c.c.obj
 .text.HAL_I2C_SlaveRxCpltCallback
                0x080088fa        0x2 CMakeFiles/TTS_Robot.elf.dir/Drivers/STM32F4xx_HAL_Driver/Src/stm32f4xx_hal_i2c.c.obj
                0x080088fa                HAL_I2C_SlaveRxCpltCallback
 .text.I2C_SlaveReceive_RXNE
                0x080088fc       0x4c CMakeFiles/TTS_Robot.elf.dir/Drivers/STM32F4xx_HAL_Driver/Src/stm32f4xx_hal_i2c.c.obj
 .text.HAL_I2C_AddrCallback
                0x08008948        0x2 CMakeFiles/TTS_Robot.elf.dir/Drivers/STM32F4xx_HAL_Driver/Src/stm32f4xx_hal_i2c.c.obj
                0x08008948                HAL_I2C_AddrCallback
 .text.I2C_Slave_ADDR
                0x0800894a       0x5a CMakeFiles/TTS_Robot.elf.dir/Drivers/STM32F4xx_HAL_Driver/Src/stm32f4xx_hal_i2c.c.obj
 .text.HAL_I2C_ListenCpltCallback
                0x080089a4        0x2 CMakeFiles/TTS_Robot.elf.dir/Drivers/STM32F4xx_HAL_Driver/Src/stm32f4xx_hal_i2c.c.obj
                0x080089a4                HAL_I2C_ListenCpltCallback
 *fill*         0x080089a6        0x2 
 .text.I2C_Slave_AF
                0x080089a8       0x94 CMakeFiles/TTS_Robot.elf.dir/Drivers/STM32F4xx_HAL_Driver/Src/stm32f4xx_hal_i2c.c.obj
 .text.HAL_I2C_MemTxCpltCallback
                0x08008a3c        0x2 CMakeFiles/TTS_Robot.elf.dir/Drivers/STM32F4xx_HAL_Driver/Src/stm32f4xx_hal_i2c.c.obj
                0x08008a3c                HAL_I2C_MemTxCpltCallback
 .text.I2C_MasterTransmit_BTF
                0x08008a3e       0x9e CMakeFiles/TTS_Robot.elf.dir/Drivers/STM32F4xx_HAL_Driver/Src/stm32f4xx_hal_i2c.c.obj
 .text.I2C_MemoryTransmit_TXE_BTF
                0x08008adc       0xbe CMakeFiles/TTS_Robot.elf.dir/Drivers/STM32F4xx_HAL_Driver/Src/stm32f4xx_hal_i2c.c.obj
 .text.I2C_MasterTransmit_TXE
                0x08008b9a       0xd0 CMakeFiles/TTS_Robot.elf.dir/Drivers/STM32F4xx_HAL_Driver/Src/stm32f4xx_hal_i2c.c.obj
 .text.HAL_I2C_MemRxCpltCallback
                0x08008c6a        0x2 CMakeFiles/TTS_Robot.elf.dir/Drivers/STM32F4xx_HAL_Driver/Src/stm32f4xx_hal_i2c.c.obj
                0x08008c6a                HAL_I2C_MemRxCpltCallback
 .text.I2C_MasterReceive_BTF
                0x08008c6c      0x128 CMakeFiles/TTS_Robot.elf.dir/Drivers/STM32F4xx_HAL_Driver/Src/stm32f4xx_hal_i2c.c.obj
 .text.HAL_I2C_ErrorCallback
                0x08008d94        0x2 CMakeFiles/TTS_Robot.elf.dir/Drivers/STM32F4xx_HAL_Driver/Src/stm32f4xx_hal_i2c.c.obj
                0x08008d94                HAL_I2C_ErrorCallback
 .text.I2C_MasterReceive_RXNE
                0x08008d96       0xf6 CMakeFiles/TTS_Robot.elf.dir/Drivers/STM32F4xx_HAL_Driver/Src/stm32f4xx_hal_i2c.c.obj
 .text.HAL_I2C_AbortCpltCallback
                0x08008e8c        0x2 CMakeFiles/TTS_Robot.elf.dir/Drivers/STM32F4xx_HAL_Driver/Src/stm32f4xx_hal_i2c.c.obj
                0x08008e8c                HAL_I2C_AbortCpltCallback
 *fill*         0x08008e8e        0x2 
 .text.I2C_DMAAbort
                0x08008e90       0xe4 CMakeFiles/TTS_Robot.elf.dir/Drivers/STM32F4xx_HAL_Driver/Src/stm32f4xx_hal_i2c.c.obj
 .text.I2C_ITError
                0x08008f74      0x178 CMakeFiles/TTS_Robot.elf.dir/Drivers/STM32F4xx_HAL_Driver/Src/stm32f4xx_hal_i2c.c.obj
 .text.I2C_Slave_STOPF
                0x080090ec      0x18c CMakeFiles/TTS_Robot.elf.dir/Drivers/STM32F4xx_HAL_Driver/Src/stm32f4xx_hal_i2c.c.obj
 .text.HAL_I2C_EV_IRQHandler
                0x08009278      0x1a0 CMakeFiles/TTS_Robot.elf.dir/Drivers/STM32F4xx_HAL_Driver/Src/stm32f4xx_hal_i2c.c.obj
                0x08009278                HAL_I2C_EV_IRQHandler
 .text.HAL_I2C_ER_IRQHandler
                0x08009418       0xc4 CMakeFiles/TTS_Robot.elf.dir/Drivers/STM32F4xx_HAL_Driver/Src/stm32f4xx_hal_i2c.c.obj
                0x08009418                HAL_I2C_ER_IRQHandler
 .text.HAL_RCC_OscConfig
                0x080094dc      0x3f8 CMakeFiles/TTS_Robot.elf.dir/Drivers/STM32F4xx_HAL_Driver/Src/stm32f4xx_hal_rcc.c.obj
                0x080094dc                HAL_RCC_OscConfig
 .text.HAL_RCC_GetSysClockFreq
                0x080098d4       0xd4 CMakeFiles/TTS_Robot.elf.dir/Drivers/STM32F4xx_HAL_Driver/Src/stm32f4xx_hal_rcc.c.obj
                0x080098d4                HAL_RCC_GetSysClockFreq
 .text.HAL_RCC_ClockConfig
                0x080099a8      0x160 CMakeFiles/TTS_Robot.elf.dir/Drivers/STM32F4xx_HAL_Driver/Src/stm32f4xx_hal_rcc.c.obj
                0x080099a8                HAL_RCC_ClockConfig
 .text.HAL_RCC_GetHCLKFreq
                0x08009b08        0xc CMakeFiles/TTS_Robot.elf.dir/Drivers/STM32F4xx_HAL_Driver/Src/stm32f4xx_hal_rcc.c.obj
                0x08009b08                HAL_RCC_GetHCLKFreq
 .text.HAL_RCC_GetPCLK1Freq
                0x08009b14       0x20 CMakeFiles/TTS_Robot.elf.dir/Drivers/STM32F4xx_HAL_Driver/Src/stm32f4xx_hal_rcc.c.obj
                0x08009b14                HAL_RCC_GetPCLK1Freq
 .text.HAL_RCC_GetPCLK2Freq
                0x08009b34       0x20 CMakeFiles/TTS_Robot.elf.dir/Drivers/STM32F4xx_HAL_Driver/Src/stm32f4xx_hal_rcc.c.obj
                0x08009b34                HAL_RCC_GetPCLK2Freq
 .text.TIM_OC1_SetConfig
                0x08009b54       0x68 CMakeFiles/TTS_Robot.elf.dir/Drivers/STM32F4xx_HAL_Driver/Src/stm32f4xx_hal_tim.c.obj
 .text.TIM_OC3_SetConfig
                0x08009bbc       0x70 CMakeFiles/TTS_Robot.elf.dir/Drivers/STM32F4xx_HAL_Driver/Src/stm32f4xx_hal_tim.c.obj
 .text.TIM_OC4_SetConfig
                0x08009c2c       0x50 CMakeFiles/TTS_Robot.elf.dir/Drivers/STM32F4xx_HAL_Driver/Src/stm32f4xx_hal_tim.c.obj
 .text.TIM_TI1_ConfigInputStage
                0x08009c7c       0x24 CMakeFiles/TTS_Robot.elf.dir/Drivers/STM32F4xx_HAL_Driver/Src/stm32f4xx_hal_tim.c.obj
 .text.TIM_TI2_ConfigInputStage
                0x08009ca0       0x26 CMakeFiles/TTS_Robot.elf.dir/Drivers/STM32F4xx_HAL_Driver/Src/stm32f4xx_hal_tim.c.obj
 .text.TIM_ITRx_SetConfig
                0x08009cc6       0x10 CMakeFiles/TTS_Robot.elf.dir/Drivers/STM32F4xx_HAL_Driver/Src/stm32f4xx_hal_tim.c.obj
 *fill*         0x08009cd6        0x2 
 .text.HAL_TIM_Base_Start_IT
                0x08009cd8       0x88 CMakeFiles/TTS_Robot.elf.dir/Drivers/STM32F4xx_HAL_Driver/Src/stm32f4xx_hal_tim.c.obj
                0x08009cd8                HAL_TIM_Base_Start_IT
 .text.HAL_TIM_PWM_MspInit
                0x08009d60        0x2 CMakeFiles/TTS_Robot.elf.dir/Drivers/STM32F4xx_HAL_Driver/Src/stm32f4xx_hal_tim.c.obj
                0x08009d60                HAL_TIM_PWM_MspInit
 .text.HAL_TIM_OC_DelayElapsedCallback
                0x08009d62        0x2 CMakeFiles/TTS_Robot.elf.dir/Drivers/STM32F4xx_HAL_Driver/Src/stm32f4xx_hal_tim.c.obj
                0x08009d62                HAL_TIM_OC_DelayElapsedCallback
 .text.HAL_TIM_IC_CaptureCallback
                0x08009d64        0x2 CMakeFiles/TTS_Robot.elf.dir/Drivers/STM32F4xx_HAL_Driver/Src/stm32f4xx_hal_tim.c.obj
                0x08009d64                HAL_TIM_IC_CaptureCallback
 .text.HAL_TIM_TriggerCallback
                0x08009d66        0x2 CMakeFiles/TTS_Robot.elf.dir/Drivers/STM32F4xx_HAL_Driver/Src/stm32f4xx_hal_tim.c.obj
                0x08009d66                HAL_TIM_TriggerCallback
 .text.HAL_TIM_IRQHandler
                0x08009d68      0x17a CMakeFiles/TTS_Robot.elf.dir/Drivers/STM32F4xx_HAL_Driver/Src/stm32f4xx_hal_tim.c.obj
                0x08009d68                HAL_TIM_IRQHandler
 *fill*         0x08009ee2        0x2 
 .text.TIM_Base_SetConfig
                0x08009ee4       0xc8 CMakeFiles/TTS_Robot.elf.dir/Drivers/STM32F4xx_HAL_Driver/Src/stm32f4xx_hal_tim.c.obj
                0x08009ee4                TIM_Base_SetConfig
 .text.HAL_TIM_Base_Init
                0x08009fac       0x58 CMakeFiles/TTS_Robot.elf.dir/Drivers/STM32F4xx_HAL_Driver/Src/stm32f4xx_hal_tim.c.obj
                0x08009fac                HAL_TIM_Base_Init
 .text.HAL_TIM_PWM_Init
                0x0800a004       0x58 CMakeFiles/TTS_Robot.elf.dir/Drivers/STM32F4xx_HAL_Driver/Src/stm32f4xx_hal_tim.c.obj
                0x0800a004                HAL_TIM_PWM_Init
 .text.HAL_TIM_Encoder_Init
                0x0800a05c       0xb8 CMakeFiles/TTS_Robot.elf.dir/Drivers/STM32F4xx_HAL_Driver/Src/stm32f4xx_hal_tim.c.obj
                0x0800a05c                HAL_TIM_Encoder_Init
 .text.TIM_OC2_SetConfig
                0x0800a114       0x70 CMakeFiles/TTS_Robot.elf.dir/Drivers/STM32F4xx_HAL_Driver/Src/stm32f4xx_hal_tim.c.obj
                0x0800a114                TIM_OC2_SetConfig
 .text.HAL_TIM_PWM_ConfigChannel
                0x0800a184       0xdc CMakeFiles/TTS_Robot.elf.dir/Drivers/STM32F4xx_HAL_Driver/Src/stm32f4xx_hal_tim.c.obj
                0x0800a184                HAL_TIM_PWM_ConfigChannel
 .text.TIM_ETR_SetConfig
                0x0800a260       0x18 CMakeFiles/TTS_Robot.elf.dir/Drivers/STM32F4xx_HAL_Driver/Src/stm32f4xx_hal_tim.c.obj
                0x0800a260                TIM_ETR_SetConfig
 .text.HAL_TIM_ConfigClockSource
                0x0800a278       0xfe CMakeFiles/TTS_Robot.elf.dir/Drivers/STM32F4xx_HAL_Driver/Src/stm32f4xx_hal_tim.c.obj
                0x0800a278                HAL_TIM_ConfigClockSource
 .text.TIM_CCxChannelCmd
                0x0800a376       0x1e CMakeFiles/TTS_Robot.elf.dir/Drivers/STM32F4xx_HAL_Driver/Src/stm32f4xx_hal_tim.c.obj
                0x0800a376                TIM_CCxChannelCmd
 .text.HAL_TIM_PWM_Start
                0x0800a394      0x104 CMakeFiles/TTS_Robot.elf.dir/Drivers/STM32F4xx_HAL_Driver/Src/stm32f4xx_hal_tim.c.obj
                0x0800a394                HAL_TIM_PWM_Start
 .text.HAL_TIM_PWM_Stop
                0x0800a498       0x8c CMakeFiles/TTS_Robot.elf.dir/Drivers/STM32F4xx_HAL_Driver/Src/stm32f4xx_hal_tim.c.obj
                0x0800a498                HAL_TIM_PWM_Stop
 .text.HAL_TIM_Encoder_Start
                0x0800a524       0xcc CMakeFiles/TTS_Robot.elf.dir/Drivers/STM32F4xx_HAL_Driver/Src/stm32f4xx_hal_tim.c.obj
                0x0800a524                HAL_TIM_Encoder_Start
 .text.HAL_TIMEx_MasterConfigSynchronization
                0x0800a5f0       0x8c CMakeFiles/TTS_Robot.elf.dir/Drivers/STM32F4xx_HAL_Driver/Src/stm32f4xx_hal_tim_ex.c.obj
                0x0800a5f0                HAL_TIMEx_MasterConfigSynchronization
 .text.HAL_TIMEx_ConfigBreakDeadTime
                0x0800a67c       0x52 CMakeFiles/TTS_Robot.elf.dir/Drivers/STM32F4xx_HAL_Driver/Src/stm32f4xx_hal_tim_ex.c.obj
                0x0800a67c                HAL_TIMEx_ConfigBreakDeadTime
 .text.HAL_TIMEx_CommutCallback
                0x0800a6ce        0x2 CMakeFiles/TTS_Robot.elf.dir/Drivers/STM32F4xx_HAL_Driver/Src/stm32f4xx_hal_tim_ex.c.obj
                0x0800a6ce                HAL_TIMEx_CommutCallback
 .text.HAL_TIMEx_BreakCallback
                0x0800a6d0        0x2 CMakeFiles/TTS_Robot.elf.dir/Drivers/STM32F4xx_HAL_Driver/Src/stm32f4xx_hal_tim_ex.c.obj
                0x0800a6d0                HAL_TIMEx_BreakCallback
 .text.UART_EndTxTransfer
                0x0800a6d2       0x20 CMakeFiles/TTS_Robot.elf.dir/Drivers/STM32F4xx_HAL_Driver/Src/stm32f4xx_hal_uart.c.obj
 .text.UART_EndRxTransfer
                0x0800a6f2       0x5c CMakeFiles/TTS_Robot.elf.dir/Drivers/STM32F4xx_HAL_Driver/Src/stm32f4xx_hal_uart.c.obj
 .text.UART_Transmit_IT
                0x0800a74e       0x60 CMakeFiles/TTS_Robot.elf.dir/Drivers/STM32F4xx_HAL_Driver/Src/stm32f4xx_hal_uart.c.obj
 *fill*         0x0800a7ae        0x2 
 .text.UART_SetConfig
                0x0800a7b0      0x110 CMakeFiles/TTS_Robot.elf.dir/Drivers/STM32F4xx_HAL_Driver/Src/stm32f4xx_hal_uart.c.obj
 .text.HAL_UART_Init
                0x0800a8c0       0x5e CMakeFiles/TTS_Robot.elf.dir/Drivers/STM32F4xx_HAL_Driver/Src/stm32f4xx_hal_uart.c.obj
                0x0800a8c0                HAL_UART_Init
 .text.HAL_UART_Transmit_IT
                0x0800a91e       0x4e CMakeFiles/TTS_Robot.elf.dir/Drivers/STM32F4xx_HAL_Driver/Src/stm32f4xx_hal_uart.c.obj
                0x0800a91e                HAL_UART_Transmit_IT
 .text.HAL_UART_Transmit_DMA
                0x0800a96c       0x9c CMakeFiles/TTS_Robot.elf.dir/Drivers/STM32F4xx_HAL_Driver/Src/stm32f4xx_hal_uart.c.obj
                0x0800a96c                HAL_UART_Transmit_DMA
 .text.UART_DMATransmitCplt
                0x0800aa08       0x4c CMakeFiles/TTS_Robot.elf.dir/Drivers/STM32F4xx_HAL_Driver/Src/stm32f4xx_hal_uart.c.obj
 .text.UART_EndTransmit_IT
                0x0800aa54       0x1a CMakeFiles/TTS_Robot.elf.dir/Drivers/STM32F4xx_HAL_Driver/Src/stm32f4xx_hal_uart.c.obj
 .text.HAL_UART_TxHalfCpltCallback
                0x0800aa6e        0x2 CMakeFiles/TTS_Robot.elf.dir/Drivers/STM32F4xx_HAL_Driver/Src/stm32f4xx_hal_uart.c.obj
                0x0800aa6e                HAL_UART_TxHalfCpltCallback
 .text.UART_DMATxHalfCplt
                0x0800aa70        0xa CMakeFiles/TTS_Robot.elf.dir/Drivers/STM32F4xx_HAL_Driver/Src/stm32f4xx_hal_uart.c.obj
 .text.HAL_UART_RxHalfCpltCallback
                0x0800aa7a        0x2 CMakeFiles/TTS_Robot.elf.dir/Drivers/STM32F4xx_HAL_Driver/Src/stm32f4xx_hal_uart.c.obj
                0x0800aa7a                HAL_UART_RxHalfCpltCallback
 .text.HAL_UART_ErrorCallback
                0x0800aa7c        0x2 CMakeFiles/TTS_Robot.elf.dir/Drivers/STM32F4xx_HAL_Driver/Src/stm32f4xx_hal_uart.c.obj
                0x0800aa7c                HAL_UART_ErrorCallback
 .text.UART_DMAError
                0x0800aa7e       0x58 CMakeFiles/TTS_Robot.elf.dir/Drivers/STM32F4xx_HAL_Driver/Src/stm32f4xx_hal_uart.c.obj
 .text.UART_DMAAbortOnError
                0x0800aad6       0x10 CMakeFiles/TTS_Robot.elf.dir/Drivers/STM32F4xx_HAL_Driver/Src/stm32f4xx_hal_uart.c.obj
 .text.UART_Receive_IT
                0x0800aae6       0xe2 CMakeFiles/TTS_Robot.elf.dir/Drivers/STM32F4xx_HAL_Driver/Src/stm32f4xx_hal_uart.c.obj
 .text.HAL_UART_IRQHandler
                0x0800abc8      0x280 CMakeFiles/TTS_Robot.elf.dir/Drivers/STM32F4xx_HAL_Driver/Src/stm32f4xx_hal_uart.c.obj
                0x0800abc8                HAL_UART_IRQHandler
 .text.UART_DMARxHalfCplt
                0x0800ae48       0x1a CMakeFiles/TTS_Robot.elf.dir/Drivers/STM32F4xx_HAL_Driver/Src/stm32f4xx_hal_uart.c.obj
 .text.UART_DMAReceiveCplt
                0x0800ae62       0x96 CMakeFiles/TTS_Robot.elf.dir/Drivers/STM32F4xx_HAL_Driver/Src/stm32f4xx_hal_uart.c.obj
 .text.UART_Start_Receive_IT
                0x0800aef8       0x3a CMakeFiles/TTS_Robot.elf.dir/Drivers/STM32F4xx_HAL_Driver/Src/stm32f4xx_hal_uart.c.obj
                0x0800aef8                UART_Start_Receive_IT
 .text.HAL_UARTEx_ReceiveToIdle_IT
                0x0800af32       0x70 CMakeFiles/TTS_Robot.elf.dir/Drivers/STM32F4xx_HAL_Driver/Src/stm32f4xx_hal_uart.c.obj
                0x0800af32                HAL_UARTEx_ReceiveToIdle_IT
 *fill*         0x0800afa2        0x2 
 .text.UART_Start_Receive_DMA
                0x0800afa4       0xa8 CMakeFiles/TTS_Robot.elf.dir/Drivers/STM32F4xx_HAL_Driver/Src/stm32f4xx_hal_uart.c.obj
                0x0800afa4                UART_Start_Receive_DMA
 .text.HAL_UARTEx_ReceiveToIdle_DMA
                0x0800b04c       0x70 CMakeFiles/TTS_Robot.elf.dir/Drivers/STM32F4xx_HAL_Driver/Src/stm32f4xx_hal_uart.c.obj
                0x0800b04c                HAL_UARTEx_ReceiveToIdle_DMA
 .text.__errno  0x0800b0bc        0xc c:/progra~2/gnuarm~1/102021~1.10/bin/../lib/gcc/arm-none-eabi/10.3.1/../../../../arm-none-eabi/lib/thumb/v7e-m/nofp\libg.a(lib_a-errno.o)
                0x0800b0bc                __errno
 .text.__libc_init_array
                0x0800b0c8       0x48 c:/progra~2/gnuarm~1/102021~1.10/bin/../lib/gcc/arm-none-eabi/10.3.1/../../../../arm-none-eabi/lib/thumb/v7e-m/nofp\libg.a(lib_a-init.o)
                0x0800b0c8                __libc_init_array
 .text.malloc   0x0800b110       0x10 c:/progra~2/gnuarm~1/102021~1.10/bin/../lib/gcc/arm-none-eabi/10.3.1/../../../../arm-none-eabi/lib/thumb/v7e-m/nofp\libg.a(lib_a-malloc.o)
                0x0800b110                malloc
 .text.free     0x0800b120       0x10 c:/progra~2/gnuarm~1/102021~1.10/bin/../lib/gcc/arm-none-eabi/10.3.1/../../../../arm-none-eabi/lib/thumb/v7e-m/nofp\libg.a(lib_a-malloc.o)
                0x0800b120                free
 .text._malloc_r
                0x0800b130      0x560 c:/progra~2/gnuarm~1/102021~1.10/bin/../lib/gcc/arm-none-eabi/10.3.1/../../../../arm-none-eabi/lib/thumb/v7e-m/nofp\libg.a(lib_a-mallocr.o)
                0x0800b130                _malloc_r
 .text.memcmp   0x0800b690       0x68 c:/progra~2/gnuarm~1/102021~1.10/bin/../lib/gcc/arm-none-eabi/10.3.1/../../../../arm-none-eabi/lib/thumb/v7e-m/nofp\libg.a(lib_a-memcmp.o)
                0x0800b690                memcmp
 .text.memset   0x0800b6f8       0xa4 c:/progra~2/gnuarm~1/102021~1.10/bin/../lib/gcc/arm-none-eabi/10.3.1/../../../../arm-none-eabi/lib/thumb/v7e-m/nofp\libg.a(lib_a-memset.o)
                0x0800b6f8                memset
 .text.__malloc_lock
                0x0800b79c        0xc c:/progra~2/gnuarm~1/102021~1.10/bin/../lib/gcc/arm-none-eabi/10.3.1/../../../../arm-none-eabi/lib/thumb/v7e-m/nofp\libg.a(lib_a-mlock.o)
                0x0800b79c                __malloc_lock
 .text.__malloc_unlock
                0x0800b7a8        0xc c:/progra~2/gnuarm~1/102021~1.10/bin/../lib/gcc/arm-none-eabi/10.3.1/../../../../arm-none-eabi/lib/thumb/v7e-m/nofp\libg.a(lib_a-mlock.o)
                0x0800b7a8                __malloc_unlock
 .text.printf   0x0800b7b4       0x28 c:/progra~2/gnuarm~1/102021~1.10/bin/../lib/gcc/arm-none-eabi/10.3.1/../../../../arm-none-eabi/lib/thumb/v7e-m/nofp\libg.a(lib_a-printf.o)
                0x0800b7b4                printf
 .text.putchar  0x0800b7dc       0x10 c:/progra~2/gnuarm~1/102021~1.10/bin/../lib/gcc/arm-none-eabi/10.3.1/../../../../arm-none-eabi/lib/thumb/v7e-m/nofp\libg.a(lib_a-putchar.o)
                0x0800b7dc                putchar
 .text._puts_r  0x0800b7ec       0x9c c:/progra~2/gnuarm~1/102021~1.10/bin/../lib/gcc/arm-none-eabi/10.3.1/../../../../arm-none-eabi/lib/thumb/v7e-m/nofp\libg.a(lib_a-puts.o)
                0x0800b7ec                _puts_r
 .text.puts     0x0800b888       0x10 c:/progra~2/gnuarm~1/102021~1.10/bin/../lib/gcc/arm-none-eabi/10.3.1/../../../../arm-none-eabi/lib/thumb/v7e-m/nofp\libg.a(lib_a-puts.o)
                0x0800b888                puts
 .text._sbrk_r  0x0800b898       0x24 c:/progra~2/gnuarm~1/102021~1.10/bin/../lib/gcc/arm-none-eabi/10.3.1/../../../../arm-none-eabi/lib/thumb/v7e-m/nofp\libg.a(lib_a-sbrkr.o)
                0x0800b898                _sbrk_r
 .text.setvbuf  0x0800b8bc      0x1b0 c:/progra~2/gnuarm~1/102021~1.10/bin/../lib/gcc/arm-none-eabi/10.3.1/../../../../arm-none-eabi/lib/thumb/v7e-m/nofp\libg.a(lib_a-setvbuf.o)
                0x0800b8bc                setvbuf
 .text.sprintf  0x0800ba6c       0x40 c:/progra~2/gnuarm~1/102021~1.10/bin/../lib/gcc/arm-none-eabi/10.3.1/../../../../arm-none-eabi/lib/thumb/v7e-m/nofp\libg.a(lib_a-sprintf.o)
                0x0800ba6c                sprintf
 .text._svfprintf_r
                0x0800baac     0x1a3c c:/progra~2/gnuarm~1/102021~1.10/bin/../lib/gcc/arm-none-eabi/10.3.1/../../../../arm-none-eabi/lib/thumb/v7e-m/nofp\libg.a(lib_a-svfprintf.o)
                0x0800baac                _svfprintf_r
 .text._vfprintf_r
                0x0800d4e8     0x1ad4 c:/progra~2/gnuarm~1/102021~1.10/bin/../lib/gcc/arm-none-eabi/10.3.1/../../../../arm-none-eabi/lib/thumb/v7e-m/nofp\libg.a(lib_a-vfprintf.o)
                0x0800d4e8                _vfprintf_r
 .text.__sbprintf
                0x0800efbc       0x80 c:/progra~2/gnuarm~1/102021~1.10/bin/../lib/gcc/arm-none-eabi/10.3.1/../../../../arm-none-eabi/lib/thumb/v7e-m/nofp\libg.a(lib_a-vfprintf.o)
 .text.__swsetup_r
                0x0800f03c       0xd4 c:/progra~2/gnuarm~1/102021~1.10/bin/../lib/gcc/arm-none-eabi/10.3.1/../../../../arm-none-eabi/lib/thumb/v7e-m/nofp\libg.a(lib_a-wsetup.o)
                0x0800f03c                __swsetup_r
 .text.startup.register_fini
                0x0800f110       0x14 c:/progra~2/gnuarm~1/102021~1.10/bin/../lib/gcc/arm-none-eabi/10.3.1/../../../../arm-none-eabi/lib/thumb/v7e-m/nofp\libg.a(lib_a-__call_atexit.o)
 .text.atexit   0x0800f124        0xc c:/progra~2/gnuarm~1/102021~1.10/bin/../lib/gcc/arm-none-eabi/10.3.1/../../../../arm-none-eabi/lib/thumb/v7e-m/nofp\libg.a(lib_a-atexit.o)
                0x0800f124                atexit
 .text.quorem   0x0800f130      0x124 c:/progra~2/gnuarm~1/102021~1.10/bin/../lib/gcc/arm-none-eabi/10.3.1/../../../../arm-none-eabi/lib/thumb/v7e-m/nofp\libg.a(lib_a-dtoa.o)
 *fill*         0x0800f254        0x4 
 .text._dtoa_r  0x0800f258      0xec4 c:/progra~2/gnuarm~1/102021~1.10/bin/../lib/gcc/arm-none-eabi/10.3.1/../../../../arm-none-eabi/lib/thumb/v7e-m/nofp\libg.a(lib_a-dtoa.o)
                0x0800f258                _dtoa_r
 .text.__sflush_r
                0x0801011c      0x120 c:/progra~2/gnuarm~1/102021~1.10/bin/../lib/gcc/arm-none-eabi/10.3.1/../../../../arm-none-eabi/lib/thumb/v7e-m/nofp\libg.a(lib_a-fflush.o)
                0x0801011c                __sflush_r
 .text._fflush_r
                0x0801023c       0x5c c:/progra~2/gnuarm~1/102021~1.10/bin/../lib/gcc/arm-none-eabi/10.3.1/../../../../arm-none-eabi/lib/thumb/v7e-m/nofp\libg.a(lib_a-fflush.o)
                0x0801023c                _fflush_r
 .text._cleanup_r
                0x08010298        0xc c:/progra~2/gnuarm~1/102021~1.10/bin/../lib/gcc/arm-none-eabi/10.3.1/../../../../arm-none-eabi/lib/thumb/v7e-m/nofp\libg.a(lib_a-findfp.o)
                0x08010298                _cleanup_r
 .text.__sinit  0x080102a4      0x10c c:/progra~2/gnuarm~1/102021~1.10/bin/../lib/gcc/arm-none-eabi/10.3.1/../../../../arm-none-eabi/lib/thumb/v7e-m/nofp\libg.a(lib_a-findfp.o)
                0x080102a4                __sinit
 .text.__sfp_lock_acquire
                0x080103b0        0xc c:/progra~2/gnuarm~1/102021~1.10/bin/../lib/gcc/arm-none-eabi/10.3.1/../../../../arm-none-eabi/lib/thumb/v7e-m/nofp\libg.a(lib_a-findfp.o)
                0x080103b0                __sfp_lock_acquire
 .text.__sfp_lock_release
                0x080103bc        0xc c:/progra~2/gnuarm~1/102021~1.10/bin/../lib/gcc/arm-none-eabi/10.3.1/../../../../arm-none-eabi/lib/thumb/v7e-m/nofp\libg.a(lib_a-findfp.o)
                0x080103bc                __sfp_lock_release
 .text.__libc_fini_array
                0x080103c8       0x2c c:/progra~2/gnuarm~1/102021~1.10/bin/../lib/gcc/arm-none-eabi/10.3.1/../../../../arm-none-eabi/lib/thumb/v7e-m/nofp\libg.a(lib_a-fini.o)
                0x080103c8                __libc_fini_array
 .text._malloc_trim_r
                0x080103f4       0xa0 c:/progra~2/gnuarm~1/102021~1.10/bin/../lib/gcc/arm-none-eabi/10.3.1/../../../../arm-none-eabi/lib/thumb/v7e-m/nofp\libg.a(lib_a-freer.o)
                0x080103f4                _malloc_trim_r
 .text._free_r  0x08010494      0x20c c:/progra~2/gnuarm~1/102021~1.10/bin/../lib/gcc/arm-none-eabi/10.3.1/../../../../arm-none-eabi/lib/thumb/v7e-m/nofp\libg.a(lib_a-freer.o)
                0x08010494                _free_r
 .text.__sfvwrite_r
                0x080106a0      0x2e8 c:/progra~2/gnuarm~1/102021~1.10/bin/../lib/gcc/arm-none-eabi/10.3.1/../../../../arm-none-eabi/lib/thumb/v7e-m/nofp\libg.a(lib_a-fvwrite.o)
                0x080106a0                __sfvwrite_r
 .text._fwalk_reent
                0x08010988       0x48 c:/progra~2/gnuarm~1/102021~1.10/bin/../lib/gcc/arm-none-eabi/10.3.1/../../../../arm-none-eabi/lib/thumb/v7e-m/nofp\libg.a(lib_a-fwalk.o)
                0x08010988                _fwalk_reent
 .text._localeconv_r
                0x080109d0        0x8 c:/progra~2/gnuarm~1/102021~1.10/bin/../lib/gcc/arm-none-eabi/10.3.1/../../../../arm-none-eabi/lib/thumb/v7e-m/nofp\libg.a(lib_a-localeconv.o)
                0x080109d0                _localeconv_r
 .text.__retarget_lock_init_recursive
                0x080109d8        0x4 c:/progra~2/gnuarm~1/102021~1.10/bin/../lib/gcc/arm-none-eabi/10.3.1/../../../../arm-none-eabi/lib/thumb/v7e-m/nofp\libg.a(lib_a-lock.o)
                0x080109d8                __retarget_lock_init_recursive
 .text.__retarget_lock_close_recursive
                0x080109dc        0x4 c:/progra~2/gnuarm~1/102021~1.10/bin/../lib/gcc/arm-none-eabi/10.3.1/../../../../arm-none-eabi/lib/thumb/v7e-m/nofp\libg.a(lib_a-lock.o)
                0x080109dc                __retarget_lock_close_recursive
 .text.__retarget_lock_acquire_recursive
                0x080109e0        0x4 c:/progra~2/gnuarm~1/102021~1.10/bin/../lib/gcc/arm-none-eabi/10.3.1/../../../../arm-none-eabi/lib/thumb/v7e-m/nofp\libg.a(lib_a-lock.o)
                0x080109e0                __retarget_lock_acquire_recursive
 .text.__retarget_lock_release_recursive
                0x080109e4        0x4 c:/progra~2/gnuarm~1/102021~1.10/bin/../lib/gcc/arm-none-eabi/10.3.1/../../../../arm-none-eabi/lib/thumb/v7e-m/nofp\libg.a(lib_a-lock.o)
                0x080109e4                __retarget_lock_release_recursive
 .text.__smakebuf_r
                0x080109e8       0xe0 c:/progra~2/gnuarm~1/102021~1.10/bin/../lib/gcc/arm-none-eabi/10.3.1/../../../../arm-none-eabi/lib/thumb/v7e-m/nofp\libg.a(lib_a-makebuf.o)
                0x080109e8                __smakebuf_r
 .text.__swhatbuf_r
                0x08010ac8       0x60 c:/progra~2/gnuarm~1/102021~1.10/bin/../lib/gcc/arm-none-eabi/10.3.1/../../../../arm-none-eabi/lib/thumb/v7e-m/nofp\libg.a(lib_a-makebuf.o)
                0x08010ac8                __swhatbuf_r
 .text.memmove  0x08010b28       0xf8 c:/progra~2/gnuarm~1/102021~1.10/bin/../lib/gcc/arm-none-eabi/10.3.1/../../../../arm-none-eabi/lib/thumb/v7e-m/nofp\libg.a(lib_a-memmove.o)
                0x08010b28                memmove
 .text._Balloc  0x08010c20       0x4c c:/progra~2/gnuarm~1/102021~1.10/bin/../lib/gcc/arm-none-eabi/10.3.1/../../../../arm-none-eabi/lib/thumb/v7e-m/nofp\libg.a(lib_a-mprec.o)
                0x08010c20                _Balloc
 .text._Bfree   0x08010c6c       0x14 c:/progra~2/gnuarm~1/102021~1.10/bin/../lib/gcc/arm-none-eabi/10.3.1/../../../../arm-none-eabi/lib/thumb/v7e-m/nofp\libg.a(lib_a-mprec.o)
                0x08010c6c                _Bfree
 .text.__multadd
                0x08010c80       0xa0 c:/progra~2/gnuarm~1/102021~1.10/bin/../lib/gcc/arm-none-eabi/10.3.1/../../../../arm-none-eabi/lib/thumb/v7e-m/nofp\libg.a(lib_a-mprec.o)
                0x08010c80                __multadd
 .text.__hi0bits
                0x08010d20       0x40 c:/progra~2/gnuarm~1/102021~1.10/bin/../lib/gcc/arm-none-eabi/10.3.1/../../../../arm-none-eabi/lib/thumb/v7e-m/nofp\libg.a(lib_a-mprec.o)
                0x08010d20                __hi0bits
 .text.__lo0bits
                0x08010d60       0x5c c:/progra~2/gnuarm~1/102021~1.10/bin/../lib/gcc/arm-none-eabi/10.3.1/../../../../arm-none-eabi/lib/thumb/v7e-m/nofp\libg.a(lib_a-mprec.o)
                0x08010d60                __lo0bits
 .text.__i2b    0x08010dbc       0x5c c:/progra~2/gnuarm~1/102021~1.10/bin/../lib/gcc/arm-none-eabi/10.3.1/../../../../arm-none-eabi/lib/thumb/v7e-m/nofp\libg.a(lib_a-mprec.o)
                0x08010dbc                __i2b
 .text.__multiply
                0x08010e18      0x15c c:/progra~2/gnuarm~1/102021~1.10/bin/../lib/gcc/arm-none-eabi/10.3.1/../../../../arm-none-eabi/lib/thumb/v7e-m/nofp\libg.a(lib_a-mprec.o)
                0x08010e18                __multiply
 .text.__pow5mult
                0x08010f74       0xc0 c:/progra~2/gnuarm~1/102021~1.10/bin/../lib/gcc/arm-none-eabi/10.3.1/../../../../arm-none-eabi/lib/thumb/v7e-m/nofp\libg.a(lib_a-mprec.o)
                0x08010f74                __pow5mult
 .text.__lshift
                0x08011034       0xf0 c:/progra~2/gnuarm~1/102021~1.10/bin/../lib/gcc/arm-none-eabi/10.3.1/../../../../arm-none-eabi/lib/thumb/v7e-m/nofp\libg.a(lib_a-mprec.o)
                0x08011034                __lshift
 .text.__mcmp   0x08011124       0x40 c:/progra~2/gnuarm~1/102021~1.10/bin/../lib/gcc/arm-none-eabi/10.3.1/../../../../arm-none-eabi/lib/thumb/v7e-m/nofp\libg.a(lib_a-mprec.o)
                0x08011124                __mcmp
 .text.__mdiff  0x08011164      0x14c c:/progra~2/gnuarm~1/102021~1.10/bin/../lib/gcc/arm-none-eabi/10.3.1/../../../../arm-none-eabi/lib/thumb/v7e-m/nofp\libg.a(lib_a-mprec.o)
                0x08011164                __mdiff
 .text.__d2b    0x080112b0       0xc4 c:/progra~2/gnuarm~1/102021~1.10/bin/../lib/gcc/arm-none-eabi/10.3.1/../../../../arm-none-eabi/lib/thumb/v7e-m/nofp\libg.a(lib_a-mprec.o)
                0x080112b0                __d2b
 .text._putc_r  0x08011374       0x74 c:/progra~2/gnuarm~1/102021~1.10/bin/../lib/gcc/arm-none-eabi/10.3.1/../../../../arm-none-eabi/lib/thumb/v7e-m/nofp\libg.a(lib_a-putc.o)
                0x08011374                _putc_r
 .text._realloc_r
                0x080113e8      0x3d8 c:/progra~2/gnuarm~1/102021~1.10/bin/../lib/gcc/arm-none-eabi/10.3.1/../../../../arm-none-eabi/lib/thumb/v7e-m/nofp\libg.a(lib_a-reallocr.o)
                0x080113e8                _realloc_r
 .text.frexp    0x080117c0       0x70 c:/progra~2/gnuarm~1/102021~1.10/bin/../lib/gcc/arm-none-eabi/10.3.1/../../../../arm-none-eabi/lib/thumb/v7e-m/nofp\libg.a(lib_a-s_frexp.o)
                0x080117c0                frexp
 .text.__sread  0x08011830       0x24 c:/progra~2/gnuarm~1/102021~1.10/bin/../lib/gcc/arm-none-eabi/10.3.1/../../../../arm-none-eabi/lib/thumb/v7e-m/nofp\libg.a(lib_a-stdio.o)
                0x08011830                __sread
 .text.__swrite
                0x08011854       0x40 c:/progra~2/gnuarm~1/102021~1.10/bin/../lib/gcc/arm-none-eabi/10.3.1/../../../../arm-none-eabi/lib/thumb/v7e-m/nofp\libg.a(lib_a-stdio.o)
                0x08011854                __swrite
 .text.__sseek  0x08011894       0x20 c:/progra~2/gnuarm~1/102021~1.10/bin/../lib/gcc/arm-none-eabi/10.3.1/../../../../arm-none-eabi/lib/thumb/v7e-m/nofp\libg.a(lib_a-stdio.o)
                0x08011894                __sseek
 .text.__sclose
                0x080118b4        0x8 c:/progra~2/gnuarm~1/102021~1.10/bin/../lib/gcc/arm-none-eabi/10.3.1/../../../../arm-none-eabi/lib/thumb/v7e-m/nofp\libg.a(lib_a-stdio.o)
                0x080118b4                __sclose
 .text.strncpy  0x080118bc       0x64 c:/progra~2/gnuarm~1/102021~1.10/bin/../lib/gcc/arm-none-eabi/10.3.1/../../../../arm-none-eabi/lib/thumb/v7e-m/nofp\libg.a(lib_a-strncpy.o)
                0x080118bc                strncpy
 .text.__ssprint_r
                0x08011920       0xf8 c:/progra~2/gnuarm~1/102021~1.10/bin/../lib/gcc/arm-none-eabi/10.3.1/../../../../arm-none-eabi/lib/thumb/v7e-m/nofp\libg.a(lib_a-svfiprintf.o)
                0x08011920                __ssprint_r
 .text.__sprint_r.part.0
                0x08011a18       0x78 c:/progra~2/gnuarm~1/102021~1.10/bin/../lib/gcc/arm-none-eabi/10.3.1/../../../../arm-none-eabi/lib/thumb/v7e-m/nofp\libg.a(lib_a-vfiprintf.o)
 .text.__sprint_r
                0x08011a90       0x14 c:/progra~2/gnuarm~1/102021~1.10/bin/../lib/gcc/arm-none-eabi/10.3.1/../../../../arm-none-eabi/lib/thumb/v7e-m/nofp\libg.a(lib_a-vfiprintf.o)
                0x08011a90                __sprint_r
 .text._vfiprintf_r
                0x08011aa4      0xda0 c:/progra~2/gnuarm~1/102021~1.10/bin/../lib/gcc/arm-none-eabi/10.3.1/../../../../arm-none-eabi/lib/thumb/v7e-m/nofp\libg.a(lib_a-vfiprintf.o)
                0x08011aa4                _vfiprintf_r
 .text.__sbprintf
                0x08012844       0x80 c:/progra~2/gnuarm~1/102021~1.10/bin/../lib/gcc/arm-none-eabi/10.3.1/../../../../arm-none-eabi/lib/thumb/v7e-m/nofp\libg.a(lib_a-vfiprintf.o)
 .text.__swbuf_r
                0x080128c4       0xb0 c:/progra~2/gnuarm~1/102021~1.10/bin/../lib/gcc/arm-none-eabi/10.3.1/../../../../arm-none-eabi/lib/thumb/v7e-m/nofp\libg.a(lib_a-wbuf.o)
                0x080128c4                __swbuf_r
 .text._write_r
                0x08012974       0x2c c:/progra~2/gnuarm~1/102021~1.10/bin/../lib/gcc/arm-none-eabi/10.3.1/../../../../arm-none-eabi/lib/thumb/v7e-m/nofp\libg.a(lib_a-writer.o)
                0x08012974                _write_r
 .text.__register_exitproc
                0x080129a0       0x8c c:/progra~2/gnuarm~1/102021~1.10/bin/../lib/gcc/arm-none-eabi/10.3.1/../../../../arm-none-eabi/lib/thumb/v7e-m/nofp\libg.a(lib_a-__atexit.o)
                0x080129a0                __register_exitproc
 .text.__assert_func
                0x08012a2c       0x40 c:/progra~2/gnuarm~1/102021~1.10/bin/../lib/gcc/arm-none-eabi/10.3.1/../../../../arm-none-eabi/lib/thumb/v7e-m/nofp\libg.a(lib_a-assert.o)
                0x08012a2c                __assert_func
 .text._calloc_r
                0x08012a6c       0x78 c:/progra~2/gnuarm~1/102021~1.10/bin/../lib/gcc/arm-none-eabi/10.3.1/../../../../arm-none-eabi/lib/thumb/v7e-m/nofp\libg.a(lib_a-callocr.o)
                0x08012a6c                _calloc_r
 .text._close_r
                0x08012ae4       0x24 c:/progra~2/gnuarm~1/102021~1.10/bin/../lib/gcc/arm-none-eabi/10.3.1/../../../../arm-none-eabi/lib/thumb/v7e-m/nofp\libg.a(lib_a-closer.o)
                0x08012ae4                _close_r
 .text._fclose_r
                0x08012b08       0xcc c:/progra~2/gnuarm~1/102021~1.10/bin/../lib/gcc/arm-none-eabi/10.3.1/../../../../arm-none-eabi/lib/thumb/v7e-m/nofp\libg.a(lib_a-fclose.o)
                0x08012b08                _fclose_r
 .text.fiprintf
                0x08012bd4       0x28 c:/progra~2/gnuarm~1/102021~1.10/bin/../lib/gcc/arm-none-eabi/10.3.1/../../../../arm-none-eabi/lib/thumb/v7e-m/nofp\libg.a(lib_a-fiprintf.o)
                0x08012bd4                fiprintf
 .text.__fputwc
                0x08012bfc       0xa8 c:/progra~2/gnuarm~1/102021~1.10/bin/../lib/gcc/arm-none-eabi/10.3.1/../../../../arm-none-eabi/lib/thumb/v7e-m/nofp\libg.a(lib_a-fputwc.o)
                0x08012bfc                __fputwc
 .text._fputwc_r
                0x08012ca4       0x68 c:/progra~2/gnuarm~1/102021~1.10/bin/../lib/gcc/arm-none-eabi/10.3.1/../../../../arm-none-eabi/lib/thumb/v7e-m/nofp\libg.a(lib_a-fputwc.o)
                0x08012ca4                _fputwc_r
 .text._fstat_r
                0x08012d0c       0x2c c:/progra~2/gnuarm~1/102021~1.10/bin/../lib/gcc/arm-none-eabi/10.3.1/../../../../arm-none-eabi/lib/thumb/v7e-m/nofp\libg.a(lib_a-fstatr.o)
                0x08012d0c                _fstat_r
 .text._isatty_r
                0x08012d38       0x24 c:/progra~2/gnuarm~1/102021~1.10/bin/../lib/gcc/arm-none-eabi/10.3.1/../../../../arm-none-eabi/lib/thumb/v7e-m/nofp\libg.a(lib_a-isattyr.o)
                0x08012d38                _isatty_r
 .text.__locale_mb_cur_max
                0x08012d5c        0xc c:/progra~2/gnuarm~1/102021~1.10/bin/../lib/gcc/arm-none-eabi/10.3.1/../../../../arm-none-eabi/lib/thumb/v7e-m/nofp\libg.a(lib_a-locale.o)
                0x08012d5c                __locale_mb_cur_max
 .text._lseek_r
                0x08012d68       0x2c c:/progra~2/gnuarm~1/102021~1.10/bin/../lib/gcc/arm-none-eabi/10.3.1/../../../../arm-none-eabi/lib/thumb/v7e-m/nofp\libg.a(lib_a-lseekr.o)
                0x08012d68                _lseek_r
 .text.__ascii_mbtowc
                0x08012d94       0x2c c:/progra~2/gnuarm~1/102021~1.10/bin/../lib/gcc/arm-none-eabi/10.3.1/../../../../arm-none-eabi/lib/thumb/v7e-m/nofp\libg.a(lib_a-mbtowc_r.o)
                0x08012d94                __ascii_mbtowc
 .text._read_r  0x08012dc0       0x2c c:/progra~2/gnuarm~1/102021~1.10/bin/../lib/gcc/arm-none-eabi/10.3.1/../../../../arm-none-eabi/lib/thumb/v7e-m/nofp\libg.a(lib_a-readr.o)
                0x08012dc0                _read_r
 .text._wcrtomb_r
                0x08012dec       0x3c c:/progra~2/gnuarm~1/102021~1.10/bin/../lib/gcc/arm-none-eabi/10.3.1/../../../../arm-none-eabi/lib/thumb/v7e-m/nofp\libg.a(lib_a-wcrtomb.o)
                0x08012dec                _wcrtomb_r
 .text.__ascii_wctomb
                0x08012e28       0x1c c:/progra~2/gnuarm~1/102021~1.10/bin/../lib/gcc/arm-none-eabi/10.3.1/../../../../arm-none-eabi/lib/thumb/v7e-m/nofp\libg.a(lib_a-wctomb_r.o)
                0x08012e28                __ascii_wctomb
 .text.abort    0x08012e44       0x10 c:/progra~2/gnuarm~1/102021~1.10/bin/../lib/gcc/arm-none-eabi/10.3.1/../../../../arm-none-eabi/lib/thumb/v7e-m/nofp\libg.a(lib_a-abort.o)
                0x08012e44                abort
 .text.raise    0x08012e54       0x5c c:/progra~2/gnuarm~1/102021~1.10/bin/../lib/gcc/arm-none-eabi/10.3.1/../../../../arm-none-eabi/lib/thumb/v7e-m/nofp\libg.a(lib_a-signal.o)
                0x08012e54                raise
 .text._kill_r  0x08012eb0       0x2c c:/progra~2/gnuarm~1/102021~1.10/bin/../lib/gcc/arm-none-eabi/10.3.1/../../../../arm-none-eabi/lib/thumb/v7e-m/nofp\libg.a(lib_a-signalr.o)
                0x08012eb0                _kill_r
 .text._getpid_r